Archive member included because of file (symbol)

.\ARM_GCC_484\Debug\LAB_THREE.a(cyfitter_cfg.o)
                              .\ARM_GCC_484\Debug\Cm0Start.o (cyfitter_cfg)
.\ARM_GCC_484\Debug\LAB_THREE.a(Bootloadable.o)
                              .\ARM_GCC_484\Debug\main.o (Bootloadable_Load)
.\ARM_GCC_484\Debug\LAB_THREE.a(CyBootAsmGnu.o)
                              .\ARM_GCC_484\Debug\LAB_THREE.a(cyfitter_cfg.o) (CyDelayCycles)
.\ARM_GCC_484\Debug\LAB_THREE.a(CyFlash.o)
                              .\ARM_GCC_484\Debug\LAB_THREE.a(Bootloadable.o) (CySysFlashWriteRow)
.\ARM_GCC_484\Debug\LAB_THREE.a(CyLib.o)
                              .\ARM_GCC_484\Debug\LAB_THREE.a(cyfitter_cfg.o) (CyDelayUs)
.\ARM_GCC_484\Debug\LAB_THREE.a(TIMER_1_IRQ.o)
                              .\ARM_GCC_484\Debug\main.o (TIMER_1_IRQ_StartEx)
.\ARM_GCC_484\Debug\LAB_THREE.a(TIMER_1.o)
                              .\ARM_GCC_484\Debug\main.o (TIMER_1_Start)
.\ARM_GCC_484\Debug\LAB_THREE.a(PWM_1.o)
                              .\ARM_GCC_484\Debug\main.o (PWM_1_WriteCompare)
.\ARM_GCC_484\Debug\LAB_THREE.a(UART_1.o)
                              .\ARM_GCC_484\Debug\main.o (UART_1_Start)
.\ARM_GCC_484\Debug\LAB_THREE.a(PWM_1_IRQ.o)
                              .\ARM_GCC_484\Debug\main.o (PWM_1_IRQ_StartEx)
.\ARM_GCC_484\Debug\LAB_THREE.a(DieTemp.o)
                              .\ARM_GCC_484\Debug\main.o (DieTemp_CountsTo_Celsius)
.\ARM_GCC_484\Debug\LAB_THREE.a(ADC_1.o)
                              .\ARM_GCC_484\Debug\main.o (ADC_1_Start)
.\ARM_GCC_484\Debug\LAB_THREE.a(ADC_1_INT.o)
                              .\ARM_GCC_484\Debug\LAB_THREE.a(ADC_1.o) (ADC_1_ISR)
.\ARM_GCC_484\Debug\LAB_THREE.a(ADC_1_IRQ.o)
                              .\ARM_GCC_484\Debug\main.o (ADC_1_IRQ_StartEx)
.\ARM_GCC_484\Debug\LAB_THREE.a(UART_1_AsmGnu.o)
                              .\ARM_GCC_484\Debug\LAB_THREE.a(UART_1.o) (UART_1_PutChar)
c:/program files (x86)/cypress/psoc creator/3.1/psoc creator/import/gnu_cs/arm/4.8.4/bin/../lib/gcc/arm-none-eabi/4.8.4/armv6-m\libgcc.a(_udivsi3.o)
                              .\ARM_GCC_484\Debug\LAB_THREE.a(CyLib.o) (__aeabi_uidiv)
c:/program files (x86)/cypress/psoc creator/3.1/psoc creator/import/gnu_cs/arm/4.8.4/bin/../lib/gcc/arm-none-eabi/4.8.4/armv6-m\libgcc.a(_divsi3.o)
                              .\ARM_GCC_484\Debug\Cm0Start.o (__aeabi_idiv)
c:/program files (x86)/cypress/psoc creator/3.1/psoc creator/import/gnu_cs/arm/4.8.4/bin/../lib/gcc/arm-none-eabi/4.8.4/armv6-m\libgcc.a(_dvmd_tls.o)
                              c:/program files (x86)/cypress/psoc creator/3.1/psoc creator/import/gnu_cs/arm/4.8.4/bin/../lib/gcc/arm-none-eabi/4.8.4/armv6-m\libgcc.a(_udivsi3.o) (__aeabi_idiv0)
c:/program files (x86)/cypress/psoc creator/3.1/psoc creator/import/gnu_cs/arm/4.8.4/bin/../lib/gcc/arm-none-eabi/4.8.4/armv6-m\libgcc.a(_aeabi_ldivmod.o)
                              .\ARM_GCC_484\Debug\LAB_THREE.a(ADC_1.o) (__aeabi_ldivmod)
c:/program files (x86)/cypress/psoc creator/3.1/psoc creator/import/gnu_cs/arm/4.8.4/bin/../lib/gcc/arm-none-eabi/4.8.4/armv6-m\libgcc.a(_muldi3.o)
                              .\ARM_GCC_484\Debug\LAB_THREE.a(ADC_1.o) (__aeabi_lmul)
c:/program files (x86)/cypress/psoc creator/3.1/psoc creator/import/gnu_cs/arm/4.8.4/bin/../lib/gcc/arm-none-eabi/4.8.4/armv6-m\libgcc.a(bpabi.o)
                              c:/program files (x86)/cypress/psoc creator/3.1/psoc creator/import/gnu_cs/arm/4.8.4/bin/../lib/gcc/arm-none-eabi/4.8.4/armv6-m\libgcc.a(_aeabi_ldivmod.o) (__gnu_ldivmod_helper)
c:/program files (x86)/cypress/psoc creator/3.1/psoc creator/import/gnu_cs/arm/4.8.4/bin/../lib/gcc/arm-none-eabi/4.8.4/armv6-m\libgcc.a(divsf3.o)
                              .\ARM_GCC_484\Debug\LAB_THREE.a(ADC_1.o) (__aeabi_fdiv)
c:/program files (x86)/cypress/psoc creator/3.1/psoc creator/import/gnu_cs/arm/4.8.4/bin/../lib/gcc/arm-none-eabi/4.8.4/armv6-m\libgcc.a(mulsf3.o)
                              .\ARM_GCC_484\Debug\LAB_THREE.a(ADC_1.o) (__aeabi_fmul)
c:/program files (x86)/cypress/psoc creator/3.1/psoc creator/import/gnu_cs/arm/4.8.4/bin/../lib/gcc/arm-none-eabi/4.8.4/armv6-m\libgcc.a(floatsisf.o)
                              .\ARM_GCC_484\Debug\LAB_THREE.a(ADC_1.o) (__aeabi_i2f)
c:/program files (x86)/cypress/psoc creator/3.1/psoc creator/import/gnu_cs/arm/4.8.4/bin/../lib/gcc/arm-none-eabi/4.8.4/armv6-m\libgcc.a(_clzsi2.o)
                              c:/program files (x86)/cypress/psoc creator/3.1/psoc creator/import/gnu_cs/arm/4.8.4/bin/../lib/gcc/arm-none-eabi/4.8.4/armv6-m\libgcc.a(divsf3.o) (__clzsi2)
c:/program files (x86)/cypress/psoc creator/3.1/psoc creator/import/gnu_cs/arm/4.8.4/bin/../lib/gcc/arm-none-eabi/4.8.4/armv6-m\libgcc.a(_divdi3.o)
[...]
Memory Configuration

Name             Origin             Length             Attributes
rom              0x00000000         0x00008000         xr
ram              0x20000000         0x00001000         xrw
*default*        0x00000000         0xffffffff

Linker script and memory map

LOAD c:/program files (x86)/cypress/psoc creator/3.1/psoc creator/import/gnu_cs/arm/4.8.4/bin/../lib/gcc/arm-none-eabi/4.8.4/armv6-m/crti.o
LOAD c:/program files (x86)/cypress/psoc creator/3.1/psoc creator/import/gnu_cs/arm/4.8.4/bin/../lib/gcc/arm-none-eabi/4.8.4/armv6-m/crtbegin.o
LOAD c:/program files (x86)/cypress/psoc creator/3.1/psoc creator/import/gnu_cs/arm/4.8.4/bin/../lib/gcc/arm-none-eabi/4.8.4/../../../../arm-none-eabi/lib/armv6-m/crt0.o
START GROUP
LOAD .\ARM_GCC_484\Debug\main.o
LOAD .\ARM_GCC_484\Debug\cybootloader.o
LOAD .\ARM_GCC_484\Debug\cymetadata.o
LOAD .\ARM_GCC_484\Debug\Cm0Start.o
LOAD .\ARM_GCC_484\Debug\LAB_THREE.a
LOAD C:\Program Files (x86)\Cypress\PSoC Creator\3.1\PSoC Creator\psoc\content\cycomponentlibrary\CyComponentLibrary.cylib\CortexM0\ARM_GCC_484\Debug\CyComponentLibrary.a
END GROUP
START GROUP
LOAD c:/program files (x86)/cypress/psoc creator/3.1/psoc creator/import/gnu_cs/arm/4.8.4/bin/../lib/gcc/arm-none-eabi/4.8.4/armv6-m\libgcc.a
LOAD c:/program files (x86)/cypress/psoc creator/3.1/psoc creator/import/gnu_cs/arm/4.8.4/bin/../lib/gcc/arm-none-eabi/4.8.4/../../../../arm-none-eabi/lib/armv6-m\libg_s.a
LOAD c:/program files (x86)/cypress/psoc creator/3.1/psoc creator/import/gnu_cs/arm/4.8.4/bin/../lib/gcc/arm-none-eabi/4.8.4/../../../../arm-none-eabi/lib/armv6-m\libc_s.a
END GROUP
START GROUP
LOAD c:/program files (x86)/cypress/psoc creator/3.1/psoc creator/import/gnu_cs/arm/4.8.4/bin/../lib/gcc/arm-none-eabi/4.8.4/armv6-m\libgcc.a
LOAD c:/program files (x86)/cypress/psoc creator/3.1/psoc creator/import/gnu_cs/arm/4.8.4/bin/../lib/gcc/arm-none-eabi/4.8.4/../../../../arm-none-eabi/lib/armv6-m\libc_s.a
END GROUP
LOAD c:/program files (x86)/cypress/psoc creator/3.1/psoc creator/import/gnu_cs/arm/4.8.4/bin/../lib/gcc/arm-none-eabi/4.8.4/armv6-m/crtend.o
LOAD c:/program files (x86)/cypress/psoc creator/3.1/psoc creator/import/gnu_cs/arm/4.8.4/bin/../lib/gcc/arm-none-eabi/4.8.4/armv6-m/crtn.o
START GROUP
LOAD c:/program files (x86)/cypress/psoc creator/3.1/psoc creator/import/gnu_cs/arm/4.8.4/bin/../lib/gcc/arm-none-eabi/4.8.4/armv6-m\libgcc.a
LOAD c:/program files (x86)/cypress/psoc creator/3.1/psoc creator/import/gnu_cs/arm/4.8.4/bin/../lib/gcc/arm-none-eabi/4.8.4/../../../../arm-none-eabi/lib/armv6-m\libc.a
LOAD c:/program files (x86)/cypress/psoc creator/3.1/psoc creator/import/gnu_cs/arm/4.8.4/bin/../lib/gcc/arm-none-eabi/4.8.4/../../../../arm-none-eabi/lib/armv6-m\libnosys.a
END GROUP
                0x00000000                CY_APPL_ORIGIN = 0x0
                0x00000080                CY_FLASH_ROW_SIZE = 0x80
                0x00000001                CY_APPL_NUM = 0x1
                0x00000040                CY_METADATA_SIZE = 0x40
                0x200001a8                PROVIDE (__cy_heap_start, _end)
                0x00000001                PROVIDE (__cy_region_num, ((__cy_regions_end - __cy_regions) / 0x10))
                0x20001000                PROVIDE (__cy_stack, (ORIGIN (ram) + 0x1000))
                0x20000c00                PROVIDE (__cy_heap_end, (__cy_stack - 0x400))

.cybootloader   0x00000000     0x1100
 *(.cybootloader)
 .cybootloader  0x00000000     0x1100 .\ARM_GCC_484\Debug\cybootloader.o
                0x00000000                cy_bootloader
                0x00001100                appl1_start = CY_APPL_ORIGIN?CY_APPL_ORIGIN:ALIGN (CY_FLASH_ROW_SIZE)
                0x00004800                appl2_start = (appl1_start + ALIGN ((((0x8000 - appl1_start) - (0x2 * CY_FLASH_ROW_SIZE)) / 0x2), CY_FLASH_ROW_SIZE))
                0x00001100                appl_start = (CY_APPL_NUM == 0x1)?appl1_start:appl2_start

.text           0x00001100     0x1da4
 CREATE_OBJECT_SYMBOLS
                0x00001100                PROVIDE (__cy_interrupt_vector, RomVectors)
 *(.romvectors)
 .romvectors    0x00001100       0x10 .\ARM_GCC_484\Debug\Cm0Start.o
                0x00001100                RomVectors
                0x00000001                ASSERT ((. != __cy_interrupt_vector), No interrupt vector)
                0x00000001                ASSERT (CY_APPL_ORIGIN?(SIZEOF (.cybootloader) <= CY_APPL_ORIGIN):0x1, Wrong image location)
                0x00001110                PROVIDE (__cy_reset, Reset)
 *(.text.Reset)
 .text.Reset    0x00001110       0x14 .\ARM_GCC_484\Debug\Cm0Start.o
                0x00001110                Reset
                0x00000001                ASSERT ((. != __cy_reset), No reset code)
 *(.psocinit)
 .psocinit      0x00001124      0x304 .\ARM_GCC_484\Debug\LAB_THREE.a(cyfitter_cfg.o)
                0x00001284                cyfitter_cfg
                0x00001428                . = MAX (., 0x100)
 *(.text .text.* .gnu.linkonce.t.*)
 .text          0x00001428       0x60 c:/program files (x86)/cypress/psoc creator/3.1/psoc creator/import/gnu_cs/arm/4.8.4/bin/../lib/gcc/arm-none-eabi/4.8.4/armv6-m/crtbegin.o
 .text.TIMER_1_IRQ_Handler
                0x00001488        0xc .\ARM_GCC_484\Debug\main.o
                0x00001488                TIMER_1_IRQ_Handler
 .text.PWM_1_IRQ_Handler
                0x00001494       0x34 .\ARM_GCC_484\Debug\main.o
                0x00001494                PWM_1_IRQ_Handler
 .text.ADC_1_IRQ_Handler
                0x000014c8       0x98 .\ARM_GCC_484\Debug\main.o
                0x000014c8                ADC_1_IRQ_Handler
 .text.main     0x00001560      0x134 .\ARM_GCC_484\Debug\main.o
                0x00001560                main
 .text.IntDefaultHandler
                0x00001694        0x8 .\ARM_GCC_484\Debug\Cm0Start.o
                0x00001694                IntDefaultHandler
 .text._sbrk    0x0000169c       0x54 .\ARM_GCC_484\Debug\Cm0Start.o
                0x0000169c                _sbrk
 .text.Start_c  0x000016f0       0x98 .\ARM_GCC_484\Debug\Cm0Start.o
                0x000016f0                Start_c
 .text.initialize_psoc
                0x00001788       0x74 .\ARM_GCC_484\Debug\Cm0Start.o
                0x00001788                initialize_psoc
 .text.CYMEMZERO
                0x000017fc       0x20 .\ARM_GCC_484\Debug\LAB_THREE.a(cyfitter_cfg.o)
 .text.cfg_write_bytes32
                0x0000181c       0x80 .\ARM_GCC_484\Debug\LAB_THREE.a(cyfitter_cfg.o)
 .text.AnalogSetDefault
                0x0000189c       0x20 .\ARM_GCC_484\Debug\LAB_THREE.a(cyfitter_cfg.o)
 .text.Bootloadable_Load
                0x000018bc       0x18 .\ARM_GCC_484\Debug\LAB_THREE.a(Bootloadable.o)
                0x000018bc                Bootloadable_Load
 *fill*         0x000018d4        0x4 
 .text          0x000018d8       0x28 .\ARM_GCC_484\Debug\LAB_THREE.a(CyBootAsmGnu.o)
                0x000018d8                CyDelayCycles
                0x000018ec                CyEnterCriticalSection
                0x000018f4                CyExitCriticalSection
 .text.CyIntSetVector
                0x00001900       0x4c .\ARM_GCC_484\Debug\LAB_THREE.a(CyLib.o)
                0x00001900                CyIntSetVector
 .text.CyIntSetPriority
                0x0000194c       0xa8 .\ARM_GCC_484\Debug\LAB_THREE.a(CyLib.o)
                0x0000194c                CyIntSetPriority
 .text.CyHalt   0x000019f4       0x14 .\ARM_GCC_484\Debug\LAB_THREE.a(CyLib.o)
                0x000019f4                CyHalt
 .text.CySoftwareReset
                0x00001a08       0x20 .\ARM_GCC_484\Debug\LAB_THREE.a(CyLib.o)
                0x00001a08                CySoftwareReset
 .text.CyDelayUs
                0x00001a28       0x28 .\ARM_GCC_484\Debug\LAB_THREE.a(CyLib.o)
                0x00001a28                CyDelayUs
 .text.TIMER_1_IRQ_StartEx
                0x00001a50       0x24 .\ARM_GCC_484\Debug\LAB_THREE.a(TIMER_1_IRQ.o)
                0x00001a50                TIMER_1_IRQ_StartEx
 .text.TIMER_1_IRQ_SetVector
                0x00001a74       0x1c .\ARM_GCC_484\Debug\LAB_THREE.a(TIMER_1_IRQ.o)
                0x00001a74                TIMER_1_IRQ_SetVector
 .text.TIMER_1_IRQ_SetPriority
                0x00001a90       0x50 .\ARM_GCC_484\Debug\LAB_THREE.a(TIMER_1_IRQ.o)
                0x00001a90                TIMER_1_IRQ_SetPriority
 .text.TIMER_1_IRQ_Enable
                0x00001ae0       0x14 .\ARM_GCC_484\Debug\LAB_THREE.a(TIMER_1_IRQ.o)
                0x00001ae0                TIMER_1_IRQ_Enable
 .text.TIMER_1_IRQ_Disable
                0x00001af4       0x14 .\ARM_GCC_484\Debug\LAB_THREE.a(TIMER_1_IRQ.o)
                0x00001af4                TIMER_1_IRQ_Disable
 .text.TIMER_1_IRQ_ClearPending
                0x00001b08       0x14 .\ARM_GCC_484\Debug\LAB_THREE.a(TIMER_1_IRQ.o)
                0x00001b08                TIMER_1_IRQ_ClearPending
 .text.TIMER_1_Init
                0x00001b1c       0x3c .\ARM_GCC_484\Debug\LAB_THREE.a(TIMER_1.o)
                0x00001b1c                TIMER_1_Init
 .text.TIMER_1_Enable
                0x00001b58       0x30 .\ARM_GCC_484\Debug\LAB_THREE.a(TIMER_1.o)
                0x00001b58                TIMER_1_Enable
 .text.TIMER_1_Start
                0x00001b88       0x24 .\ARM_GCC_484\Debug\LAB_THREE.a(TIMER_1.o)
                0x00001b88                TIMER_1_Start
 .text.TIMER_1_WriteCounter
                0x00001bac       0x1c .\ARM_GCC_484\Debug\LAB_THREE.a(TIMER_1.o)
                0x00001bac                TIMER_1_WriteCounter
 .text.TIMER_1_WritePeriod
                0x00001bc8       0x1c .\ARM_GCC_484\Debug\LAB_THREE.a(TIMER_1.o)
                0x00001bc8                TIMER_1_WritePeriod
 .text.TIMER_1_SetInterruptMode
                0x00001be4       0x18 .\ARM_GCC_484\Debug\LAB_THREE.a(TIMER_1.o)
                0x00001be4                TIMER_1_SetInterruptMode
 .text.PWM_1_Init
                0x00001bfc       0x60 .\ARM_GCC_484\Debug\LAB_THREE.a(PWM_1.o)
                0x00001bfc                PWM_1_Init
 .text.PWM_1_Enable
                0x00001c5c       0x38 .\ARM_GCC_484\Debug\LAB_THREE.a(PWM_1.o)
                0x00001c5c                PWM_1_Enable
 .text.PWM_1_Start
                0x00001c94       0x24 .\ARM_GCC_484\Debug\LAB_THREE.a(PWM_1.o)
                0x00001c94                PWM_1_Start
 .text.PWM_1_WriteCounter
                0x00001cb8       0x1c .\ARM_GCC_484\Debug\LAB_THREE.a(PWM_1.o)
                0x00001cb8                PWM_1_WriteCounter
 .text.PWM_1_WritePeriod
                0x00001cd4       0x1c .\ARM_GCC_484\Debug\LAB_THREE.a(PWM_1.o)
                0x00001cd4                PWM_1_WritePeriod
 .text.PWM_1_WriteCompare
                0x00001cf0       0x1c .\ARM_GCC_484\Debug\LAB_THREE.a(PWM_1.o)
                0x00001cf0                PWM_1_WriteCompare
 .text.PWM_1_TriggerCommand
                0x00001d0c       0x3c .\ARM_GCC_484\Debug\LAB_THREE.a(PWM_1.o)
                0x00001d0c                PWM_1_TriggerCommand
 .text.PWM_1_SetInterruptMode
                0x00001d48       0x18 .\ARM_GCC_484\Debug\LAB_THREE.a(PWM_1.o)
                0x00001d48                PWM_1_SetInterruptMode
 .text.PWM_1_ClearInterrupt
                0x00001d60       0x18 .\ARM_GCC_484\Debug\LAB_THREE.a(PWM_1.o)
                0x00001d60                PWM_1_ClearInterrupt
 .text.UART_1_Start
                0x00001d78        0x8 .\ARM_GCC_484\Debug\LAB_THREE.a(UART_1.o)
                0x00001d78                UART_1_Start
 .text.UART_1_PutString
                0x00001d80       0x58 .\ARM_GCC_484\Debug\LAB_THREE.a(UART_1.o)
                0x00001d80                UART_1_PutString
 .text.UART_1_PutCRLF
                0x00001dd8       0x14 .\ARM_GCC_484\Debug\LAB_THREE.a(UART_1.o)
                0x00001dd8                UART_1_PutCRLF
 .text.PWM_1_IRQ_StartEx
                0x00001dec       0x24 .\ARM_GCC_484\Debug\LAB_THREE.a(PWM_1_IRQ.o)
                0x00001dec                PWM_1_IRQ_StartEx
 .text.PWM_1_IRQ_SetVector
                0x00001e10       0x1c .\ARM_GCC_484\Debug\LAB_THREE.a(PWM_1_IRQ.o)
                0x00001e10                PWM_1_IRQ_SetVector
 .text.PWM_1_IRQ_SetPriority
                0x00001e2c       0x50 .\ARM_GCC_484\Debug\LAB_THREE.a(PWM_1_IRQ.o)
                0x00001e2c                PWM_1_IRQ_SetPriority
 .text.PWM_1_IRQ_Enable
                0x00001e7c       0x14 .\ARM_GCC_484\Debug\LAB_THREE.a(PWM_1_IRQ.o)
                0x00001e7c                PWM_1_IRQ_Enable
 .text.PWM_1_IRQ_Disable
                0x00001e90       0x14 .\ARM_GCC_484\Debug\LAB_THREE.a(PWM_1_IRQ.o)
                0x00001e90                PWM_1_IRQ_Disable
 .text.PWM_1_IRQ_ClearPending
                0x00001ea4       0x14 .\ARM_GCC_484\Debug\LAB_THREE.a(PWM_1_IRQ.o)
                0x00001ea4                PWM_1_IRQ_ClearPending
 .text.DieTemp_CountsTo_Celsius
                0x00001eb8       0xa4 .\ARM_GCC_484\Debug\LAB_THREE.a(DieTemp.o)
                0x00001eb8                DieTemp_CountsTo_Celsius
 .text.ADC_1_Start
                0x00001f5c       0x24 .\ARM_GCC_484\Debug\LAB_THREE.a(ADC_1.o)
                0x00001f5c                ADC_1_Start
 .text.ADC_1_Init
                0x00001f80      0x240 .\ARM_GCC_484\Debug\LAB_THREE.a(ADC_1.o)
                0x00001f80                ADC_1_Init
 .text.ADC_1_Enable
                0x000021c0       0x28 .\ARM_GCC_484\Debug\LAB_THREE.a(ADC_1.o)
                0x000021c0                ADC_1_Enable
 .text.ADC_1_StartConvert
                0x000021e8       0x1c .\ARM_GCC_484\Debug\LAB_THREE.a(ADC_1.o)
                0x000021e8                ADC_1_StartConvert
 .text.ADC_1_GetResult16
                0x00002204       0x4c .\ARM_GCC_484\Debug\LAB_THREE.a(ADC_1.o)
                0x00002204                ADC_1_GetResult16
 .text.ADC_1_EnableInjection
                0x00002250       0x1c .\ARM_GCC_484\Debug\LAB_THREE.a(ADC_1.o)
                0x00002250                ADC_1_EnableInjection
 .text.ADC_1_CountsTo_mVolts
                0x0000226c       0xa4 .\ARM_GCC_484\Debug\LAB_THREE.a(ADC_1.o)
                0x0000226c                ADC_1_CountsTo_mVolts
 .text.ADC_1_ISR
                0x00002310       0x1c .\ARM_GCC_484\Debug\LAB_THREE.a(ADC_1_INT.o)
                0x00002310                ADC_1_ISR
 .text.ADC_1_IRQ_StartEx
                0x0000232c       0x24 .\ARM_GCC_484\Debug\LAB_THREE.a(ADC_1_IRQ.o)
                0x0000232c                ADC_1_IRQ_StartEx
 .text.ADC_1_IRQ_SetVector
                0x00002350       0x18 .\ARM_GCC_484\Debug\LAB_THREE.a(ADC_1_IRQ.o)
                0x00002350                ADC_1_IRQ_SetVector
 .text.ADC_1_IRQ_SetPriority
                0x00002368       0x50 .\ARM_GCC_484\Debug\LAB_THREE.a(ADC_1_IRQ.o)
                0x00002368                ADC_1_IRQ_SetPriority
 .text.ADC_1_IRQ_Enable
                0x000023b8       0x14 .\ARM_GCC_484\Debug\LAB_THREE.a(ADC_1_IRQ.o)
                0x000023b8                ADC_1_IRQ_Enable
 .text.ADC_1_IRQ_Disable
                0x000023cc       0x14 .\ARM_GCC_484\Debug\LAB_THREE.a(ADC_1_IRQ.o)
                0x000023cc                ADC_1_IRQ_Disable
 .text          0x000023e0       0xe0 .\ARM_GCC_484\Debug\LAB_THREE.a(UART_1_AsmGnu.o)
                0x000023e0                UART_1_PutChar
 .text          0x000024c0       0x9c c:/program files (x86)/cypress/psoc creator/3.1/psoc creator/import/gnu_cs/arm/4.8.4/bin/../lib/gcc/arm-none-eabi/4.8.4/armv6-m\libgcc.a(_udivsi3.o)
                0x000024c0                __aeabi_uidiv
                0x000024c0                __udivsi3
                0x00002548                __aeabi_uidivmod
 .text          0x0000255c       0xc0 c:/program files (x86)/cypress/psoc creator/3.1/psoc creator/import/gnu_cs/arm/4.8.4/bin/../lib/gcc/arm-none-eabi/4.8.4/armv6-m\libgcc.a(_divsi3.o)
                0x0000255c                __divsi3
                0x0000255c                __aeabi_idiv
                0x00002608                __aeabi_idivmod
 .text          0x0000261c        0x4 c:/program files (x86)/cypress/psoc creator/3.1/psoc creator/import/gnu_cs/arm/4.8.4/bin/../lib/gcc/arm-none-eabi/4.8.4/armv6-m\libgcc.a(_dvmd_tls.o)
                0x0000261c                __aeabi_idiv0
                0x0000261c                __aeabi_ldiv0
 .text.__errno  0x00002620        0xc c:/program files (x86)/cypress/psoc creator/3.1/psoc creator/import/gnu_cs/arm/4.8.4/bin/../lib/gcc/arm-none-eabi/4.8.4/../../../../arm-none-eabi/lib/armv6-m\libg_s.a(lib_a-errno.o)
                0x00002620                __errno
 .text.__libc_init_array
                0x0000262c       0x4c c:/program files (x86)/cypress/psoc creator/3.1/psoc creator/import/gnu_cs/arm/4.8.4/bin/../lib/gcc/arm-none-eabi/4.8.4/../../../../arm-none-eabi/lib/armv6-m\libg_s.a(lib_a-init.o)
                0x0000262c                __libc_init_array
 .text.memcpy   0x00002678       0x12 c:/program files (x86)/cypress/psoc creator/3.1/psoc creator/import/gnu_cs/arm/4.8.4/bin/../lib/gcc/arm-none-eabi/4.8.4/../../../../arm-none-eabi/lib/armv6-m\libg_s.a(lib_a-memcpy-stub.o)
                0x00002678                memcpy
 .text.memset   0x0000268a       0x10 c:/program files (x86)/cypress/psoc creator/3.1/psoc creator/import/gnu_cs/arm/4.8.4/bin/../lib/gcc/arm-none-eabi/4.8.4/../../../../arm-none-eabi/lib/armv6-m\libg_s.a(lib_a-memset.o)
                0x0000268a                memset
 *fill*         0x0000269a        0x2 
 .text.sprintf  0x0000269c       0x44 c:/program files (x86)/cypress/psoc creator/3.1/psoc creator/import/gnu_cs/arm/4.8.4/bin/../lib/gcc/arm-none-eabi/4.8.4/../../../../arm-none-eabi/lib/armv6-m\libg_s.a(lib_a-sprintf.o)
                0x0000269c                siprintf
                0x0000269c                sprintf
 .text.__ssputs_r
                0x000026e0       0xc0 c:/program files (x86)/cypress/psoc creator/3.1/psoc creator/import/gnu_cs/arm/4.8.4/bin/../lib/gcc/arm-none-eabi/4.8.4/../../../../arm-none-eabi/lib/armv6-m\libg_s.a(lib_a-svfprintf.o)
                0x000026e0                __ssputs_r
 .text._svfprintf_r
                0x000027a0      0x1e0 c:/program files (x86)/cypress/psoc creator/3.1/psoc creator/import/gnu_cs/arm/4.8.4/bin/../lib/gcc/arm-none-eabi/4.8.4/../../../../arm-none-eabi/lib/armv6-m\libg_s.a(lib_a-svfprintf.o)
                0x000027a0                _svfiprintf_r
                0x000027a0                _svfprintf_r
 .text._printf_common
                0x00002980       0xe8 c:/program files (x86)/cypress/psoc creator/3.1/psoc creator/import/gnu_cs/arm/4.8.4/bin/../lib/gcc/arm-none-eabi/4.8.4/../../../../arm-none-eabi/lib/armv6-m\libg_s.a(lib_a-vfprintf_i.o)
                0x00002980                _printf_common
 .text._printf_i
                0x00002a68      0x22c c:/program files (x86)/cypress/psoc creator/3.1/psoc creator/import/gnu_cs/arm/4.8.4/bin/../lib/gcc/arm-none-eabi/4.8.4/../../../../arm-none-eabi/lib/armv6-m\libg_s.a(lib_a-vfprintf_i.o)
                0x00002a68                _printf_i
 .text.memchr   0x00002c94       0x16 c:/program files (x86)/cypress/psoc creator/3.1/psoc creator/import/gnu_cs/arm/4.8.4/bin/../lib/gcc/arm-none-eabi/4.8.4/../../../../arm-none-eabi/lib/armv6-m\libg_s.a(lib_a-memchr-stub.o)
                0x00002c94                memchr
 .text.memmove  0x00002caa       0x32 c:/program files (x86)/cypress/psoc creator/3.1/psoc creator/import/gnu_cs/arm/4.8.4/bin/../lib/gcc/arm-none-eabi/4.8.4/../../../../arm-none-eabi/lib/armv6-m\libg_s.a(lib_a-memmove.o)
                0x00002caa                memmove
 .text._free_r  0x00002cdc       0x90 c:/program files (x86)/cypress/psoc creator/3.1/psoc creator/import/gnu_cs/arm/4.8.4/bin/../lib/gcc/arm-none-eabi/4.8.4/../../../../arm-none-eabi/lib/armv6-m\libg_s.a(lib_a-nano-freer.o)
                0x00002cdc                _free_r
 .text._malloc_r
                0x00002d6c       0xa8 c:/program files (x86)/cypress/psoc creator/3.1/psoc creator/import/gnu_cs/arm/4.8.4/bin/../lib/gcc/arm-none-eabi/4.8.4/../../../../arm-none-eabi/lib/armv6-m\libg_s.a(lib_a-nano-mallocr.o)
                0x00002d6c                _malloc_r
 .text._realloc_r
                0x00002e14       0x4c c:/program files (x86)/cypress/psoc creator/3.1/psoc creator/import/gnu_cs/arm/4.8.4/bin/../lib/gcc/arm-none-eabi/4.8.4/../../../../arm-none-eabi/lib/armv6-m\libg_s.a(lib_a-nano-reallocr.o)
                0x00002e14                _realloc_r
 .text._sbrk_r  0x00002e60       0x24 c:/program files (x86)/cypress/psoc creator/3.1/psoc creator/import/gnu_cs/arm/4.8.4/bin/../lib/gcc/arm-none-eabi/4.8.4/../../../../arm-none-eabi/lib/armv6-m\libg_s.a(lib_a-sbrkr.o)
                0x00002e60                _sbrk_r
 .text.strlen   0x00002e84        0xe c:/program files (x86)/cypress/psoc creator/3.1/psoc creator/import/gnu_cs/arm/4.8.4/bin/../lib/gcc/arm-none-eabi/4.8.4/../../../../arm-none-eabi/lib/armv6-m\libg_s.a(lib_a-strlen.o)
                0x00002e84                strlen
 .text._malloc_usable_size_r
                0x00002e92       0x12 c:/program files (x86)/cypress/psoc creator/3.1/psoc creator/import/gnu_cs/arm/4.8.4/bin/../lib/gcc/arm-none-eabi/4.8.4/../../../../arm-none-eabi/lib/armv6-m\libg_s.a(lib_a-nano-msizer.o)
                0x00002e92                _malloc_usable_size_r
 *(.plt)
 *(.gnu.warning)
 *(.glue_7t)
 .glue_7t       0x00000000        0x0 linker stubs
 *(.glue_7)
 .glue_7        0x00000000        0x0 linker stubs
 *(.vfp11_veneer)
 .vfp11_veneer  0x00000000        0x0 linker stubs
 *(.bootloader)
 *(.ARM.extab* .gnu.linkonce.armextab.*)
 *(.gcc_except_table)

.v4_bx          0x00002ea4        0x0
 .v4_bx         0x00000000        0x0 linker stubs

.iplt           0x00002ea4        0x0
 .iplt          0x00000000        0x0 c:/program files (x86)/cypress/psoc creator/3.1/psoc creator/import/gnu_cs/arm/4.8.4/bin/../lib/gcc/arm-none-eabi/4.8.4/armv6-m/crtbegin.o

.eh_frame_hdr
 *(.eh_frame_hdr)

.eh_frame       0x00002ea4        0x4
 *(.eh_frame)
 .eh_frame      0x00002ea4        0x0 c:/program files (x86)/cypress/psoc creator/3.1/psoc creator/import/gnu_cs/arm/4.8.4/bin/../lib/gcc/arm-none-eabi/4.8.4/armv6-m/crtbegin.o
 .eh_frame      0x00002ea4        0x4 c:/program files (x86)/cypress/psoc creator/3.1/psoc creator/import/gnu_cs/arm/4.8.4/bin/../lib/gcc/arm-none-eabi/4.8.4/armv6-m/crtend.o
                0x00002ea8                PROVIDE (__exidx_start, .)

.ARM.exidx
 *(.ARM.exidx* .gnu.linkonce.armexidx.*)
                0x00002ea8                __exidx_end = .

.rodata         0x00002ea8      0x118
 *(.rodata .rodata.* .gnu.linkonce.r.*)
 .rodata        0x00002ea8       0x58 .\ARM_GCC_484\Debug\main.o
 .rodata        0x00002f00       0x48 .\ARM_GCC_484\Debug\LAB_THREE.a(cyfitter_cfg.o)
 .rodata        0x00002f48        0xc .\ARM_GCC_484\Debug\LAB_THREE.a(ADC_1.o)
 .rodata.str1.1
                0x00002f54        0x2 c:/program files (x86)/cypress/psoc creator/3.1/psoc creator/import/gnu_cs/arm/4.8.4/bin/../lib/gcc/arm-none-eabi/4.8.4/../../../../arm-none-eabi/lib/armv6-m\libg_s.a(lib_a-impure.o)
 .rodata.str1.1
                0x00002f56       0x11 c:/program files (x86)/cypress/psoc creator/3.1/psoc creator/import/gnu_cs/arm/4.8.4/bin/../lib/gcc/arm-none-eabi/4.8.4/../../../../arm-none-eabi/lib/armv6-m\libg_s.a(lib_a-svfprintf.o)
 .rodata.str1.1
                0x00002f67       0x22 c:/program files (x86)/cypress/psoc creator/3.1/psoc creator/import/gnu_cs/arm/4.8.4/bin/../lib/gcc/arm-none-eabi/4.8.4/../../../../arm-none-eabi/lib/armv6-m\libg_s.a(lib_a-vfprintf_i.o)
                0x00002f8c                . = ALIGN (0x4)
 *fill*         0x00002f89        0x3 
 *(.init)
 .init          0x00002f8c        0x4 c:/program files (x86)/cypress/psoc creator/3.1/psoc creator/import/gnu_cs/arm/4.8.4/bin/../lib/gcc/arm-none-eabi/4.8.4/armv6-m/crti.o
                0x00002f8c                _init
 .init          0x00002f90        0x8 c:/program files (x86)/cypress/psoc creator/3.1/psoc creator/import/gnu_cs/arm/4.8.4/bin/../lib/gcc/arm-none-eabi/4.8.4/armv6-m/crtn.o
                0x00002f98                . = ALIGN (0x4)
                0x00002f98                __preinit_array_start = .
 *(.preinit_array)
                0x00002f98                __preinit_array_end = .
                0x00002f98                . = ALIGN (0x4)
                0x00002f98                __init_array_start = .
 *(SORT(.init_array.*))
 *(.init_array)
 .init_array    0x00002f98        0x4 c:/program files (x86)/cypress/psoc creator/3.1/psoc creator/import/gnu_cs/arm/4.8.4/bin/../lib/gcc/arm-none-eabi/4.8.4/armv6-m/crtbegin.o
 .init_array    0x00002f9c        0x4 .\ARM_GCC_484\Debug\Cm0Start.o
                0x00002fa0                __init_array_end = .
                0x00002fa0                . = ALIGN (0x4)
 *(.fini)
 .fini          0x00002fa0        0x4 c:/program files (x86)/cypress/psoc creator/3.1/psoc creator/import/gnu_cs/arm/4.8.4/bin/../lib/gcc/arm-none-eabi/4.8.4/armv6-m/crti.o
                0x00002fa0                _fini
 .fini          0x00002fa4        0x8 c:/program files (x86)/cypress/psoc creator/3.1/psoc creator/import/gnu_cs/arm/4.8.4/bin/../lib/gcc/arm-none-eabi/4.8.4/armv6-m/crtn.o
                0x00002fac                . = ALIGN (0x4)
                0x00002fac                __fini_array_start = .
 *(.fini_array)
 .fini_array    0x00002fac        0x4 c:/program files (x86)/cypress/psoc creator/3.1/psoc creator/import/gnu_cs/arm/4.8.4/bin/../lib/gcc/arm-none-eabi/4.8.4/armv6-m/crtbegin.o
 *(SORT(.fini_array.*))
                0x00002fb0                __fini_array_end = .
                0x00002fb0                . = ALIGN (0x4)
 *crtbegin.o(.ctors)
 *(EXCLUDE_FILE(*crtend.o) .ctors)
 *(SORT(.ctors.*))
 *crtend.o(.ctors)
                0x00002fb0                . = ALIGN (0x4)
 *crtbegin.o(.dtors)
 *(EXCLUDE_FILE(*crtend.o) .dtors)
 *(SORT(.dtors.*))
 *crtend.o(.dtors)
                0x00002fb0                . = ALIGN (0x4)
                0x00002fb0                __cy_regions = .
                0x00002fb0        0x4 LONG 0x2fc0 __cy_region_init_ram
                0x00002fb4        0x4 LONG 0x200000d0 __cy_region_start_data
                0x00002fb8        0x4 LONG 0x90 __cy_region_init_size_ram
                0x00002fbc        0x4 LONG 0x48 __cy_region_zero_size_ram
                0x00002fc0                __cy_regions_end = .
                0x00002fc0                . = ALIGN (0x8)
                0x00002fc0                _etext = .

.ramvectors     0x20000000       0xc0
                0x20000000                __cy_region_start_ram = .
 *(.ramvectors)
 .ramvectors    0x20000000       0xc0 .\ARM_GCC_484\Debug\Cm0Start.o
                0x20000000                CyRamVectors

.btldr_run      0x200000c0        0x4
 *(.bootloaderruntype)
 .bootloaderruntype
                0x200000c0        0x4 .\ARM_GCC_484\Debug\Cm0Start.o
                0x200000c0                cyBtldrRunType

.noinit         0x200000c8        0x4
 *(.noinit)
 .noinit        0x200000c8        0x4 .\ARM_GCC_484\Debug\Cm0Start.o

.data           0x200000d0       0x90 load address 0x00002fc0
                0x200000d0                __cy_region_start_data = .
 *(.jcr)
 .jcr           0x200000d0        0x0 c:/program files (x86)/cypress/psoc creator/3.1/psoc creator/import/gnu_cs/arm/4.8.4/bin/../lib/gcc/arm-none-eabi/4.8.4/armv6-m/crtbegin.o
 .jcr           0x200000d0        0x4 c:/program files (x86)/cypress/psoc creator/3.1/psoc creator/import/gnu_cs/arm/4.8.4/bin/../lib/gcc/arm-none-eabi/4.8.4/armv6-m/crtend.o
 *(.got.plt)
 *(.got)
 *(.shdata)
 *(.data .data.* .gnu.linkonce.d.*)
 .data          0x200000d4        0x4 .\ARM_GCC_484\Debug\Cm0Start.o
 .data          0x200000d8        0x4 .\ARM_GCC_484\Debug\LAB_THREE.a(cyfitter_cfg.o)
 .data          0x200000dc       0x10 .\ARM_GCC_484\Debug\LAB_THREE.a(CyLib.o)
                0x200000dc                cydelayFreqHz
                0x200000e0                cydelayFreqKhz
                0x200000e4                cydelayFreqMhz
                0x200000e8                cydelay32kMs
 .data          0x200000ec        0xc .\ARM_GCC_484\Debug\LAB_THREE.a(UART_1.o)
                0x200000ec                UART_1_pinNumber
                0x200000f0                UART_1_pinPortNumber
                0x200000f4                UART_1_pinDrAdress
 .data.impure_data
                0x200000f8       0x60 c:/program files (x86)/cypress/psoc creator/3.1/psoc creator/import/gnu_cs/arm/4.8.4/bin/../lib/gcc/arm-none-eabi/4.8.4/../../../../arm-none-eabi/lib/armv6-m\libg_s.a(lib_a-impure.o)
 .data._impure_ptr
                0x20000158        0x4 c:/program files (x86)/cypress/psoc creator/3.1/psoc creator/import/gnu_cs/arm/4.8.4/bin/../lib/gcc/arm-none-eabi/4.8.4/../../../../arm-none-eabi/lib/armv6-m\libg_s.a(lib_a-impure.o)
                0x20000158                _impure_ptr
                0x20000160                . = ALIGN (0x8)
 *fill*         0x2000015c        0x4 
 *(.ram)
                0x20000160                _edata = .

.igot.plt       0x20000160        0x0 load address 0x00003050
 .igot.plt      0x00000000        0x0 c:/program files (x86)/cypress/psoc creator/3.1/psoc creator/import/gnu_cs/arm/4.8.4/bin/../lib/gcc/arm-none-eabi/4.8.4/armv6-m/crtbegin.o

.bss            0x20000160       0x48 load address 0x00003050
                0x20000160                PROVIDE (__bss_start__, .)
 *(.shbss)
 *(.bss .bss.* .gnu.linkonce.b.*)
 .bss           0x20000160       0x1c c:/program files (x86)/cypress/psoc creator/3.1/psoc creator/import/gnu_cs/arm/4.8.4/bin/../lib/gcc/arm-none-eabi/4.8.4/armv6-m/crtbegin.o
 .bss           0x2000017c        0x8 .\ARM_GCC_484\Debug\main.o
                0x2000017c                dataReady
                0x20000180                timer_delay
 .bss           0x20000184        0x1 .\ARM_GCC_484\Debug\LAB_THREE.a(TIMER_1.o)
                0x20000184                TIMER_1_initVar
 .bss           0x20000185        0x1 .\ARM_GCC_484\Debug\LAB_THREE.a(PWM_1.o)
                0x20000185                PWM_1_initVar
 .bss           0x20000186        0x1 .\ARM_GCC_484\Debug\LAB_THREE.a(ADC_1.o)
                0x20000186                ADC_1_initVar
 *fill*         0x20000187        0x1 
 .bss.__malloc_sbrk_start
                0x20000188        0x4 c:/program files (x86)/cypress/psoc creator/3.1/psoc creator/import/gnu_cs/arm/4.8.4/bin/../lib/gcc/arm-none-eabi/4.8.4/../../../../arm-none-eabi/lib/armv6-m\libg_s.a(lib_a-nano-mallocr.o)
                0x20000188                __malloc_sbrk_start
 .bss.__malloc_free_list
                0x2000018c        0x4 c:/program files (x86)/cypress/psoc creator/3.1/psoc creator/import/gnu_cs/arm/4.8.4/bin/../lib/gcc/arm-none-eabi/4.8.4/../../../../arm-none-eabi/lib/armv6-m\libg_s.a(lib_a-nano-mallocr.o)
                0x2000018c                __malloc_free_list
 *(COMMON)
 COMMON         0x20000190        0x4 .\ARM_GCC_484\Debug\main.o
                0x20000190                result
 COMMON         0x20000194        0xc .\ARM_GCC_484\Debug\LAB_THREE.a(ADC_1.o)
                0x20000194                ADC_1_offset
                0x20000198                ADC_1_countsPer10Volt
 COMMON         0x200001a0        0x4 c:/program files (x86)/cypress/psoc creator/3.1/psoc creator/import/gnu_cs/arm/4.8.4/bin/../lib/gcc/arm-none-eabi/4.8.4/../../../../arm-none-eabi/lib/armv6-m\libg_s.a(lib_a-reent.o)
                0x200001a0                errno
                0x200001a8                . = ALIGN (0x8)
 *fill*         0x200001a4        0x4 
 *(.ram.b)
                0x200001a8                _end = .
                0x200001a8                __end = .
                0x200001a8                PROVIDE (end, .)
                0x200001a8                PROVIDE (__bss_end__, .)
                0x00002fc0                __cy_region_init_ram = LOADADDR (.data)
                0x00000090                __cy_region_init_size_ram = (_edata - ADDR (.data))
                0x00000048                __cy_region_zero_size_ram = (_end - _edata)

.heap           0x200001a8      0x100 load address 0x00003050
                0x200001a8                . = _end
                0x200002a8                . = (. + 0x100)
 *fill*         0x200001a8      0x100 
                0x200002a8                __cy_heap_limit = .

.stack          0x20000c00      0x400
                0x20000c00                __cy_stack_limit = .
                0x20001000                . = (. + 0x400)
 *fill*         0x20000c00      0x400 
                0x00000001                ASSERT ((__cy_stack_limit >= __cy_heap_limit), region RAM overflowed with stack)

.cyloadermeta   0xf0000000       0x40
 *(.cyloadermeta)
 .cyloadermeta  0xf0000000       0x40 .\ARM_GCC_484\Debug\cybootloader.o
                0xf0000000                cy_meta_loader

.cyloadablemeta
                0x00007fc0       0x40
 *(.cyloadablemeta)
 .cyloadablemeta
                0x00007fc0       0x40 .\ARM_GCC_484\Debug\cymetadata.o
                0x00007fc0                cy_meta_loadable

.cyflashprotect
                0x90400000       0x20
 *(.cyflashprotect)
 .cyflashprotect
                0x90400000       0x20 .\ARM_GCC_484\Debug\cybootloader.o
                0x90400000                cy_meta_flashprotect

.cymeta         0x90500000        0xc
 *(.cymeta)
 .cymeta        0x90500000        0xc .\ARM_GCC_484\Debug\cybootloader.o
                0x90500000                cy_metadata

.cychipprotect  0x90600000        0x4
 *(.cychipprotect)
 .cychipprotect
                0x90600000        0x4 .\ARM_GCC_484\Debug\cybootloader.o
                0x90600000                cy_meta_chipprotect

.rel.dyn        0x00008000        0x0 load address 0x90600004
 .rel.iplt      0x00000000        0x0 c:/program files (x86)/cypress/psoc creator/3.1/psoc creator/import/gnu_cs/arm/4.8.4/bin/../lib/gcc/arm-none-eabi/4.8.4/armv6-m/crtbegin.o

.stab
 *(.stab)

.stabstr
 *(.stabstr)

.debug
 *(.debug)

.line
 *(.line)

.debug_srcinfo
 *(.debug_srcinfo)

.debug_sfnames
 *(.debug_sfnames)

.debug_aranges  0x00000000      0x948
 *(.debug_aranges)
 .debug_aranges
                0x00000000       0x38 .\ARM_GCC_484\Debug\main.o
 .debug_aranges
                0x00000038       0x18 .\ARM_GCC_484\Debug\cybootloader.o
 .debug_aranges
                0x00000050       0x18 .\ARM_GCC_484\Debug\cymetadata.o
 .debug_aranges
                0x00000068       0x48 .\ARM_GCC_484\Debug\Cm0Start.o
 .debug_aranges
                0x000000b0       0x58 .\ARM_GCC_484\Debug\LAB_THREE.a(cyfitter_cfg.o)
 .debug_aranges
                0x00000108       0x28 .\ARM_GCC_484\Debug\LAB_THREE.a(Bootloadable.o)
 .debug_aranges
                0x00000130       0x20 .\ARM_GCC_484\Debug\LAB_THREE.a(CyBootAsmGnu.o)
 .debug_aranges
                0x00000150       0x38 .\ARM_GCC_484\Debug\LAB_THREE.a(CyFlash.o)
 .debug_aranges
                0x00000188      0x230 .\ARM_GCC_484\Debug\LAB_THREE.a(CyLib.o)
 .debug_aranges
                0x000003b8       0x80 .\ARM_GCC_484\Debug\LAB_THREE.a(TIMER_1_IRQ.o)
 .debug_aranges
                0x00000438      0x158 .\ARM_GCC_484\Debug\LAB_THREE.a(TIMER_1.o)
 .debug_aranges
                0x00000590      0x158 .\ARM_GCC_484\Debug\LAB_THREE.a(PWM_1.o)
 .debug_aranges
                0x000006e8       0x50 .\ARM_GCC_484\Debug\LAB_THREE.a(UART_1.o)
 .debug_aranges
                0x00000738       0x80 .\ARM_GCC_484\Debug\LAB_THREE.a(PWM_1_IRQ.o)
 .debug_aranges
                0x000007b8       0x20 .\ARM_GCC_484\Debug\LAB_THREE.a(DieTemp.o)
 .debug_aranges
                0x000007d8       0xb0 .\ARM_GCC_484\Debug\LAB_THREE.a(ADC_1.o)
 .debug_aranges
                0x00000888       0x20 .\ARM_GCC_484\Debug\LAB_THREE.a(ADC_1_INT.o)
 .debug_aranges
                0x000008a8       0x80 .\ARM_GCC_484\Debug\LAB_THREE.a(ADC_1_IRQ.o)
 .debug_aranges
                0x00000928       0x20 .\ARM_GCC_484\Debug\LAB_THREE.a(UART_1_AsmGnu.o)

.debug_pubnames
 *(.debug_pubnames)

.debug_info     0x00000000     0x39bf
 *(.debug_info .gnu.linkonce.wi.*)
 .debug_info    0x00000000      0x1c4 .\ARM_GCC_484\Debug\main.o
 .debug_info    0x000001c4      0x14d .\ARM_GCC_484\Debug\cybootloader.o
 .debug_info    0x00000311       0xb1 .\ARM_GCC_484\Debug\cymetadata.o
 .debug_info    0x000003c2      0x310 .\ARM_GCC_484\Debug\Cm0Start.o
 .debug_info    0x000006d2      0x442 .\ARM_GCC_484\Debug\LAB_THREE.a(cyfitter_cfg.o)
 .debug_info    0x00000b14      0x155 .\ARM_GCC_484\Debug\LAB_THREE.a(Bootloadable.o)
 .debug_info    0x00000c69       0x85 .\ARM_GCC_484\Debug\LAB_THREE.a(CyBootAsmGnu.o)
 .debug_info    0x00000cee      0x29b .\ARM_GCC_484\Debug\LAB_THREE.a(CyFlash.o)
 .debug_info    0x00000f89      0xc5b .\ARM_GCC_484\Debug\LAB_THREE.a(CyLib.o)
 .debug_info    0x00001be4      0x241 .\ARM_GCC_484\Debug\LAB_THREE.a(TIMER_1_IRQ.o)
 .debug_info    0x00001e25      0x6f0 .\ARM_GCC_484\Debug\LAB_THREE.a(TIMER_1.o)
 .debug_info    0x00002515      0x6f0 .\ARM_GCC_484\Debug\LAB_THREE.a(PWM_1.o)
 .debug_info    0x00002c05      0x21e .\ARM_GCC_484\Debug\LAB_THREE.a(UART_1.o)
 .debug_info    0x00002e23      0x241 .\ARM_GCC_484\Debug\LAB_THREE.a(PWM_1_IRQ.o)
 .debug_info    0x00003064      0x124 .\ARM_GCC_484\Debug\LAB_THREE.a(DieTemp.o)
 .debug_info    0x00003188      0x4ac .\ARM_GCC_484\Debug\LAB_THREE.a(ADC_1.o)
 .debug_info    0x00003634       0xc4 .\ARM_GCC_484\Debug\LAB_THREE.a(ADC_1_INT.o)
 .debug_info    0x000036f8      0x241 .\ARM_GCC_484\Debug\LAB_THREE.a(ADC_1_IRQ.o)
 .debug_info    0x00003939       0x86 .\ARM_GCC_484\Debug\LAB_THREE.a(UART_1_AsmGnu.o)

.debug_abbrev   0x00000000     0x128b
 *(.debug_abbrev)
 .debug_abbrev  0x00000000       0xd8 .\ARM_GCC_484\Debug\main.o
 .debug_abbrev  0x000000d8       0x77 .\ARM_GCC_484\Debug\cybootloader.o
 .debug_abbrev  0x0000014f       0x5d .\ARM_GCC_484\Debug\cymetadata.o
 .debug_abbrev  0x000001ac      0x1c5 .\ARM_GCC_484\Debug\Cm0Start.o
 .debug_abbrev  0x00000371      0x18a .\ARM_GCC_484\Debug\LAB_THREE.a(cyfitter_cfg.o)
 .debug_abbrev  0x000004fb       0xc0 .\ARM_GCC_484\Debug\LAB_THREE.a(Bootloadable.o)
 .debug_abbrev  0x000005bb       0x14 .\ARM_GCC_484\Debug\LAB_THREE.a(CyBootAsmGnu.o)
 .debug_abbrev  0x000005cf      0x120 .\ARM_GCC_484\Debug\LAB_THREE.a(CyFlash.o)
 .debug_abbrev  0x000006ef      0x207 .\ARM_GCC_484\Debug\LAB_THREE.a(CyLib.o)
 .debug_abbrev  0x000008f6      0x168 .\ARM_GCC_484\Debug\LAB_THREE.a(TIMER_1_IRQ.o)
 .debug_abbrev  0x00000a5e      0x109 .\ARM_GCC_484\Debug\LAB_THREE.a(TIMER_1.o)
 .debug_abbrev  0x00000b67      0x109 .\ARM_GCC_484\Debug\LAB_THREE.a(PWM_1.o)
 .debug_abbrev  0x00000c70       0xd2 .\ARM_GCC_484\Debug\LAB_THREE.a(UART_1.o)
 .debug_abbrev  0x00000d42      0x168 .\ARM_GCC_484\Debug\LAB_THREE.a(PWM_1_IRQ.o)
 .debug_abbrev  0x00000eaa       0x83 .\ARM_GCC_484\Debug\LAB_THREE.a(DieTemp.o)
 .debug_abbrev  0x00000f2d      0x170 .\ARM_GCC_484\Debug\LAB_THREE.a(ADC_1.o)
 .debug_abbrev  0x0000109d       0x72 .\ARM_GCC_484\Debug\LAB_THREE.a(ADC_1_INT.o)
 .debug_abbrev  0x0000110f      0x168 .\ARM_GCC_484\Debug\LAB_THREE.a(ADC_1_IRQ.o)
 .debug_abbrev  0x00001277       0x14 .\ARM_GCC_484\Debug\LAB_THREE.a(UART_1_AsmGnu.o)

.debug_line     0x00000000     0x1e0e
 *(.debug_line)
 .debug_line    0x00000000       0xc4 .\ARM_GCC_484\Debug\main.o
 .debug_line    0x000000c4       0x55 .\ARM_GCC_484\Debug\cybootloader.o
 .debug_line    0x00000119       0x53 .\ARM_GCC_484\Debug\cymetadata.o
 .debug_line    0x0000016c      0x1bc .\ARM_GCC_484\Debug\Cm0Start.o
 .debug_line    0x00000328      0x1ba .\ARM_GCC_484\Debug\LAB_THREE.a(cyfitter_cfg.o)
 .debug_line    0x000004e2       0xa2 .\ARM_GCC_484\Debug\LAB_THREE.a(Bootloadable.o)
 .debug_line    0x00000584       0x69 .\ARM_GCC_484\Debug\LAB_THREE.a(CyBootAsmGnu.o)
 .debug_line    0x000005ed      0x177 .\ARM_GCC_484\Debug\LAB_THREE.a(CyFlash.o)
 .debug_line    0x00000764      0x703 .\ARM_GCC_484\Debug\LAB_THREE.a(CyLib.o)
 .debug_line    0x00000e67      0x15a .\ARM_GCC_484\Debug\LAB_THREE.a(TIMER_1_IRQ.o)
 .debug_line    0x00000fc1      0x36f .\ARM_GCC_484\Debug\LAB_THREE.a(TIMER_1.o)
 .debug_line    0x00001330      0x375 .\ARM_GCC_484\Debug\LAB_THREE.a(PWM_1.o)
 .debug_line    0x000016a5       0xe8 .\ARM_GCC_484\Debug\LAB_THREE.a(UART_1.o)
 .debug_line    0x0000178d      0x158 .\ARM_GCC_484\Debug\LAB_THREE.a(PWM_1_IRQ.o)
 .debug_line    0x000018e5       0x6e .\ARM_GCC_484\Debug\LAB_THREE.a(DieTemp.o)
 .debug_line    0x00001953      0x25c .\ARM_GCC_484\Debug\LAB_THREE.a(ADC_1.o)
 .debug_line    0x00001baf       0x66 .\ARM_GCC_484\Debug\LAB_THREE.a(ADC_1_INT.o)
 .debug_line    0x00001c15      0x158 .\ARM_GCC_484\Debug\LAB_THREE.a(ADC_1_IRQ.o)
 .debug_line    0x00001d6d       0xa1 .\ARM_GCC_484\Debug\LAB_THREE.a(UART_1_AsmGnu.o)

.debug_frame    0x00000000     0x2364
 *(.debug_frame)
 .debug_frame   0x00000000       0x8c .\ARM_GCC_484\Debug\main.o
 .debug_frame   0x0000008c       0xc8 .\ARM_GCC_484\Debug\Cm0Start.o
 .debug_frame   0x00000154      0x108 .\ARM_GCC_484\Debug\LAB_THREE.a(cyfitter_cfg.o)
 .debug_frame   0x0000025c       0x4c .\ARM_GCC_484\Debug\LAB_THREE.a(Bootloadable.o)
 .debug_frame   0x000002a8       0x98 .\ARM_GCC_484\Debug\LAB_THREE.a(CyFlash.o)
 .debug_frame   0x00000340      0x83c .\ARM_GCC_484\Debug\LAB_THREE.a(CyLib.o)
 .debug_frame   0x00000b7c      0x190 .\ARM_GCC_484\Debug\LAB_THREE.a(TIMER_1_IRQ.o)
 .debug_frame   0x00000d0c      0x52c .\ARM_GCC_484\Debug\LAB_THREE.a(TIMER_1.o)
 .debug_frame   0x00001238      0x52c .\ARM_GCC_484\Debug\LAB_THREE.a(PWM_1.o)
 .debug_frame   0x00001764       0xe4 .\ARM_GCC_484\Debug\LAB_THREE.a(UART_1.o)
 .debug_frame   0x00001848      0x190 .\ARM_GCC_484\Debug\LAB_THREE.a(PWM_1_IRQ.o)
 .debug_frame   0x000019d8       0x30 .\ARM_GCC_484\Debug\LAB_THREE.a(DieTemp.o)
 .debug_frame   0x00001a08      0x268 .\ARM_GCC_484\Debug\LAB_THREE.a(ADC_1.o)
 .debug_frame   0x00001c70       0x30 .\ARM_GCC_484\Debug\LAB_THREE.a(ADC_1_INT.o)
 .debug_frame   0x00001ca0      0x190 .\ARM_GCC_484\Debug\LAB_THREE.a(ADC_1_IRQ.o)
 .debug_frame   0x00001e30       0x20 c:/program files (x86)/cypress/psoc creator/3.1/psoc creator/import/gnu_cs/arm/4.8.4/bin/../lib/gcc/arm-none-eabi/4.8.4/armv6-m\libgcc.a(_udivsi3.o)
 .debug_frame   0x00001e50       0x20 c:/program files (x86)/cypress/psoc creator/3.1/psoc creator/import/gnu_cs/arm/4.8.4/bin/../lib/gcc/arm-none-eabi/4.8.4/armv6-m\libgcc.a(_divsi3.o)
 .debug_frame   0x00001e70       0x30 c:/program files (x86)/cypress/psoc creator/3.1/psoc creator/import/gnu_cs/arm/4.8.4/bin/../lib/gcc/arm-none-eabi/4.8.4/armv6-m\libgcc.a(_muldi3.o)
 .debug_frame   0x00001ea0       0x50 c:/program files (x86)/cypress/psoc creator/3.1/psoc creator/import/gnu_cs/arm/4.8.4/bin/../lib/gcc/arm-none-eabi/4.8.4/armv6-m\libgcc.a(bpabi.o)
 .debug_frame   0x00001ef0       0x3c c:/program files (x86)/cypress/psoc creator/3.1/psoc creator/import/gnu_cs/arm/4.8.4/bin/../lib/gcc/arm-none-eabi/4.8.4/armv6-m\libgcc.a(divsf3.o)
 .debug_frame   0x00001f2c       0x3c c:/program files (x86)/cypress/psoc creator/3.1/psoc creator/import/gnu_cs/arm/4.8.4/bin/../lib/gcc/arm-none-eabi/4.8.4/armv6-m\libgcc.a(mulsf3.o)
 .debug_frame   0x00001f68       0x2c c:/program files (x86)/cypress/psoc creator/3.1/psoc creator/import/gnu_cs/arm/4.8.4/bin/../lib/gcc/arm-none-eabi/4.8.4/armv6-m\libgcc.a(floatsisf.o)
 .debug_frame   0x00001f94       0x3c c:/program files (x86)/cypress/psoc creator/3.1/psoc creator/import/gnu_cs/arm/4.8.4/bin/../lib/gcc/arm-none-eabi/4.8.4/armv6-m\libgcc.a(_divdi3.o)
 .debug_frame   0x00001fd0       0x3c c:/program files (x86)/cypress/psoc creator/3.1/psoc creator/import/gnu_cs/arm/4.8.4/bin/../lib/gcc/arm-none-eabi/4.8.4/armv6-m\libgcc.a(_udivdi3.o)
 .debug_frame   0x0000200c       0x20 c:/program files (x86)/cypress/psoc creator/3.1/psoc creator/import/gnu_cs/arm/4.8.4/bin/../lib/gcc/arm-none-eabi/4.8.4/../../../../arm-none-eabi/lib/armv6-m\libg_s.a(lib_a-errno.o)
 .debug_frame   0x0000202c       0x28 c:/program files (x86)/cypress/psoc creator/3.1/psoc creator/import/gnu_cs/arm/4.8.4/bin/../lib/gcc/arm-none-eabi/4.8.4/../../../../arm-none-eabi/lib/armv6-m\libg_s.a(lib_a-exit.o)
 .debug_frame   0x00002054       0x2c c:/program files (x86)/cypress/psoc creator/3.1/psoc creator/import/gnu_cs/arm/4.8.4/bin/../lib/gcc/arm-none-eabi/4.8.4/../../../../arm-none-eabi/lib/armv6-m\libg_s.a(lib_a-init.o)
 .debug_frame   0x00002080       0x28 c:/program files (x86)/cypress/psoc creator/3.1/psoc creator/import/gnu_cs/arm/4.8.4/bin/../lib/gcc/arm-none-eabi/4.8.4/../../../../arm-none-eabi/lib/armv6-m\libg_s.a(lib_a-memcpy-stub.o)
 .debug_frame   0x000020a8       0x20 c:/program files (x86)/cypress/psoc creator/3.1/psoc creator/import/gnu_cs/arm/4.8.4/bin/../lib/gcc/arm-none-eabi/4.8.4/../../../../arm-none-eabi/lib/armv6-m\libg_s.a(lib_a-memset.o)
 .debug_frame   0x000020c8       0x4c c:/program files (x86)/cypress/psoc creator/3.1/psoc creator/import/gnu_cs/arm/4.8.4/bin/../lib/gcc/arm-none-eabi/4.8.4/../../../../arm-none-eabi/lib/armv6-m\libg_s.a(lib_a-sprintf.o)
 .debug_frame   0x00002114       0x74 c:/program files (x86)/cypress/psoc creator/3.1/psoc creator/import/gnu_cs/arm/4.8.4/bin/../lib/gcc/arm-none-eabi/4.8.4/../../../../arm-none-eabi/lib/armv6-m\libg_s.a(lib_a-svfprintf.o)
 .debug_frame   0x00002188       0x54 c:/program files (x86)/cypress/psoc creator/3.1/psoc creator/import/gnu_cs/arm/4.8.4/bin/../lib/gcc/arm-none-eabi/4.8.4/../../../../arm-none-eabi/lib/armv6-m\libg_s.a(lib_a-vfprintf_i.o)
 .debug_frame   0x000021dc       0x20 c:/program files (x86)/cypress/psoc creator/3.1/psoc creator/import/gnu_cs/arm/4.8.4/bin/../lib/gcc/arm-none-eabi/4.8.4/../../../../arm-none-eabi/lib/armv6-m\libg_s.a(lib_a-memchr-stub.o)
 .debug_frame   0x000021fc       0x2c c:/program files (x86)/cypress/psoc creator/3.1/psoc creator/import/gnu_cs/arm/4.8.4/bin/../lib/gcc/arm-none-eabi/4.8.4/../../../../arm-none-eabi/lib/armv6-m\libg_s.a(lib_a-memmove.o)
 .debug_frame   0x00002228       0x2c c:/program files (x86)/cypress/psoc creator/3.1/psoc creator/import/gnu_cs/arm/4.8.4/bin/../lib/gcc/arm-none-eabi/4.8.4/../../../../arm-none-eabi/lib/armv6-m\libg_s.a(lib_a-nano-freer.o)
 .debug_frame   0x00002254       0x2c c:/program files (x86)/cypress/psoc creator/3.1/psoc creator/import/gnu_cs/arm/4.8.4/bin/../lib/gcc/arm-none-eabi/4.8.4/../../../../arm-none-eabi/lib/armv6-m\libg_s.a(lib_a-nano-mallocr.o)
 .debug_frame   0x00002280       0x30 c:/program files (x86)/cypress/psoc creator/3.1/psoc creator/import/gnu_cs/arm/4.8.4/bin/../lib/gcc/arm-none-eabi/4.8.4/../../../../arm-none-eabi/lib/armv6-m\libg_s.a(lib_a-nano-reallocr.o)
 .debug_frame   0x000022b0       0x2c c:/program files (x86)/cypress/psoc creator/3.1/psoc creator/import/gnu_cs/arm/4.8.4/bin/../lib/gcc/arm-none-eabi/4.8.4/../../../../arm-none-eabi/lib/armv6-m\libg_s.a(lib_a-sbrkr.o)
 .debug_frame   0x000022dc       0x20 c:/program files (x86)/cypress/psoc creator/3.1/psoc creator/import/gnu_cs/arm/4.8.4/bin/../lib/gcc/arm-none-eabi/4.8.4/../../../../arm-none-eabi/lib/armv6-m\libg_s.a(lib_a-strlen.o)
 .debug_frame   0x000022fc       0x20 c:/program files (x86)/cypress/psoc creator/3.1/psoc creator/import/gnu_cs/arm/4.8.4/bin/../lib/gcc/arm-none-eabi/4.8.4/../../../../arm-none-eabi/lib/armv6-m\libg_s.a(lib_a-nano-msizer.o)
 .debug_frame   0x0000231c       0x48 c:/program files (x86)/cypress/psoc creator/3.1/psoc creator/import/gnu_cs/arm/4.8.4/bin/../lib/gcc/arm-none-eabi/4.8.4/../../../../arm-none-eabi/lib/armv6-m\libg_s.a(lib_a-reent.o)

.debug_str      0x00000000     0x1cfe
 *(.debug_str)
 .debug_str     0x00000000      0x1cf .\ARM_GCC_484\Debug\main.o
                                0x214 (size before relaxing)
 .debug_str     0x000001cf       0x80 .\ARM_GCC_484\Debug\cybootloader.o
                                0x1d0 (size before relaxing)
 .debug_str     0x0000024f       0x37 .\ARM_GCC_484\Debug\cymetadata.o
                                0x18d (size before relaxing)
 .debug_str     0x00000286      0x137 .\ARM_GCC_484\Debug\Cm0Start.o
                                0x2ae (size before relaxing)
 .debug_str     0x000003bd      0x192 .\ARM_GCC_484\Debug\LAB_THREE.a(cyfitter_cfg.o)
                                0x339 (size before relaxing)
 .debug_str     0x0000054f       0x73 .\ARM_GCC_484\Debug\LAB_THREE.a(Bootloadable.o)
                                0x1f7 (size before relaxing)
 .debug_str     0x000005c2      0x157 .\ARM_GCC_484\Debug\LAB_THREE.a(CyFlash.o)
                                0x2d5 (size before relaxing)
 .debug_str     0x00000719      0x70e .\ARM_GCC_484\Debug\LAB_THREE.a(CyLib.o)
                                0x8b8 (size before relaxing)
 .debug_str     0x00000e27      0x14b .\ARM_GCC_484\Debug\LAB_THREE.a(TIMER_1_IRQ.o)
                                0x2e8 (size before relaxing)
 .debug_str     0x00000f72      0x43c .\ARM_GCC_484\Debug\LAB_THREE.a(TIMER_1.o)
                                0x5af (size before relaxing)
 .debug_str     0x000013ae      0x329 .\ARM_GCC_484\Debug\LAB_THREE.a(PWM_1.o)
                                0x55b (size before relaxing)
 .debug_str     0x000016d7      0x121 .\ARM_GCC_484\Debug\LAB_THREE.a(UART_1.o)
                                0x285 (size before relaxing)
 .debug_str     0x000017f8      0x120 .\ARM_GCC_484\Debug\LAB_THREE.a(PWM_1_IRQ.o)
                                0x2cc (size before relaxing)
 .debug_str     0x00001918       0x7b .\ARM_GCC_484\Debug\LAB_THREE.a(DieTemp.o)
                                0x1de (size before relaxing)
 .debug_str     0x00001993      0x21c .\ARM_GCC_484\Debug\LAB_THREE.a(ADC_1.o)
                                0x3c4 (size before relaxing)
 .debug_str     0x00001baf       0x2f .\ARM_GCC_484\Debug\LAB_THREE.a(ADC_1_INT.o)
                                0x198 (size before relaxing)
 .debug_str     0x00001bde      0x120 .\ARM_GCC_484\Debug\LAB_THREE.a(ADC_1_IRQ.o)
                                0x2cc (size before relaxing)

.debug_loc
 *(.debug_loc)

.debug_macinfo
 *(.debug_macinfo)

.debug_ranges   0x00000000      0x7e8
 *(.debug_ranges)
 .debug_ranges  0x00000000       0x28 .\ARM_GCC_484\Debug\main.o
 .debug_ranges  0x00000028       0x38 .\ARM_GCC_484\Debug\Cm0Start.o
 .debug_ranges  0x00000060       0x48 .\ARM_GCC_484\Debug\LAB_THREE.a(cyfitter_cfg.o)
 .debug_ranges  0x000000a8       0x18 .\ARM_GCC_484\Debug\LAB_THREE.a(Bootloadable.o)
 .debug_ranges  0x000000c0       0x28 .\ARM_GCC_484\Debug\LAB_THREE.a(CyFlash.o)
 .debug_ranges  0x000000e8      0x220 .\ARM_GCC_484\Debug\LAB_THREE.a(CyLib.o)
 .debug_ranges  0x00000308       0x70 .\ARM_GCC_484\Debug\LAB_THREE.a(TIMER_1_IRQ.o)
 .debug_ranges  0x00000378      0x148 .\ARM_GCC_484\Debug\LAB_THREE.a(TIMER_1.o)
 .debug_ranges  0x000004c0      0x148 .\ARM_GCC_484\Debug\LAB_THREE.a(PWM_1.o)
 .debug_ranges  0x00000608       0x40 .\ARM_GCC_484\Debug\LAB_THREE.a(UART_1.o)
 .debug_ranges  0x00000648       0x70 .\ARM_GCC_484\Debug\LAB_THREE.a(PWM_1_IRQ.o)
 .debug_ranges  0x000006b8       0x10 .\ARM_GCC_484\Debug\LAB_THREE.a(DieTemp.o)
 .debug_ranges  0x000006c8       0xa0 .\ARM_GCC_484\Debug\LAB_THREE.a(ADC_1.o)
 .debug_ranges  0x00000768       0x10 .\ARM_GCC_484\Debug\LAB_THREE.a(ADC_1_INT.o)
 .debug_ranges  0x00000778       0x70 .\ARM_GCC_484\Debug\LAB_THREE.a(ADC_1_IRQ.o)

.comment        0x00000000       0x70
 .comment       0x00000000       0x70 .\ARM_GCC_484\Debug\main.o
                                 0x71 (size before relaxing)
 .comment       0x00000000       0x71 .\ARM_GCC_484\Debug\cybootloader.o
 .comment       0x00000000       0x71 .\ARM_GCC_484\Debug\cymetadata.o
 .comment       0x00000000       0x71 .\ARM_GCC_484\Debug\Cm0Start.o
 .comment       0x00000000       0x71 .\ARM_GCC_484\Debug\LAB_THREE.a(cyfitter_cfg.o)
 .comment       0x00000000       0x71 .\ARM_GCC_484\Debug\LAB_THREE.a(Bootloadable.o)
 .comment       0x00000000       0x71 .\ARM_GCC_484\Debug\LAB_THREE.a(CyFlash.o)
 .comment       0x00000000       0x71 .\ARM_GCC_484\Debug\LAB_THREE.a(CyLib.o)
 .comment       0x00000000       0x71 .\ARM_GCC_484\Debug\LAB_THREE.a(TIMER_1_IRQ.o)
 .comment       0x00000000       0x71 .\ARM_GCC_484\Debug\LAB_THREE.a(TIMER_1.o)
 .comment       0x00000000       0x71 .\ARM_GCC_484\Debug\LAB_THREE.a(PWM_1.o)
 .comment       0x00000000       0x71 .\ARM_GCC_484\Debug\LAB_THREE.a(UART_1.o)
 .comment       0x00000000       0x71 .\ARM_GCC_484\Debug\LAB_THREE.a(PWM_1_IRQ.o)
 .comment       0x00000000       0x71 .\ARM_GCC_484\Debug\LAB_THREE.a(DieTemp.o)
 .comment       0x00000000       0x71 .\ARM_GCC_484\Debug\LAB_THREE.a(ADC_1.o)
 .comment       0x00000000       0x71 .\ARM_GCC_484\Debug\LAB_THREE.a(ADC_1_INT.o)
 .comment       0x00000000       0x71 .\ARM_GCC_484\Debug\LAB_THREE.a(ADC_1_IRQ.o)

.debug_weaknames
 *(.debug_weaknames)

.debug_funcnames
 *(.debug_funcnames)

.debug_typenames
 *(.debug_typenames)

.debug_varnames
 *(.debug_varnames)

.note.gnu.arm.ident
 *(.note.gnu.arm.ident)

.ARM.attributes
                0x00000000       0x28
 *(.ARM.attributes)
 .ARM.attributes
                0x00000000       0x1e c:/program files (x86)/cypress/psoc creator/3.1/psoc creator/import/gnu_cs/arm/4.8.4/bin/../lib/gcc/arm-none-eabi/4.8.4/armv6-m/crti.o
 .ARM.attributes
                0x0000001e       0x2c c:/program files (x86)/cypress/psoc creator/3.1/psoc creator/import/gnu_cs/arm/4.8.4/bin/../lib/gcc/arm-none-eabi/4.8.4/armv6-m/crtbegin.o
 .ARM.attributes
                0x0000004a       0x1b c:/program files (x86)/cypress/psoc creator/3.1/psoc creator/import/gnu_cs/arm/4.8.4/bin/../lib/gcc/arm-none-eabi/4.8.4/../../../../arm-none-eabi/lib/armv6-m/crt0.o
 .ARM.attributes
                0x00000065       0x31 .\ARM_GCC_484\Debug\main.o
 .ARM.attributes
                0x00000096       0x31 .\ARM_GCC_484\Debug\cybootloader.o
 .ARM.attributes
                0x000000c7       0x31 .\ARM_GCC_484\Debug\cymetadata.o
 .ARM.attributes
                0x000000f8       0x31 .\ARM_GCC_484\Debug\Cm0Start.o
 .ARM.attributes
                0x00000129       0x31 .\ARM_GCC_484\Debug\LAB_THREE.a(cyfitter_cfg.o)
 .ARM.attributes
                0x0000015a       0x31 .\ARM_GCC_484\Debug\LAB_THREE.a(Bootloadable.o)
 .ARM.attributes
                0x0000018b       0x21 .\ARM_GCC_484\Debug\LAB_THREE.a(CyBootAsmGnu.o)
 .ARM.attributes
                0x000001ac       0x31 .\ARM_GCC_484\Debug\LAB_THREE.a(CyFlash.o)
 .ARM.attributes
                0x000001dd       0x31 .\ARM_GCC_484\Debug\LAB_THREE.a(CyLib.o)
 .ARM.attributes
                0x0000020e       0x31 .\ARM_GCC_484\Debug\LAB_THREE.a(TIMER_1_IRQ.o)
 .ARM.attributes
                0x0000023f       0x31 .\ARM_GCC_484\Debug\LAB_THREE.a(TIMER_1.o)
 .ARM.attributes
                0x00000270       0x31 .\ARM_GCC_484\Debug\LAB_THREE.a(PWM_1.o)
 .ARM.attributes
                0x000002a1       0x31 .\ARM_GCC_484\Debug\LAB_THREE.a(UART_1.o)
 .ARM.attributes
                0x000002d2       0x31 .\ARM_GCC_484\Debug\LAB_THREE.a(PWM_1_IRQ.o)
 .ARM.attributes
                0x00000303       0x31 .\ARM_GCC_484\Debug\LAB_THREE.a(DieTemp.o)
 .ARM.attributes
                0x00000334       0x31 .\ARM_GCC_484\Debug\LAB_THREE.a(ADC_1.o)
 .ARM.attributes
                0x00000365       0x31 .\ARM_GCC_484\Debug\LAB_THREE.a(ADC_1_INT.o)
 .ARM.attributes
                0x00000396       0x31 .\ARM_GCC_484\Debug\LAB_THREE.a(ADC_1_IRQ.o)
 .ARM.attributes
                0x000003c7       0x21 .\ARM_GCC_484\Debug\LAB_THREE.a(UART_1_AsmGnu.o)
 .ARM.attributes
                0x000003e8       0x1e c:/program files (x86)/cypress/psoc creator/3.1/psoc creator/import/gnu_cs/arm/4.8.4/bin/../lib/gcc/arm-none-eabi/4.8.4/armv6-m\libgcc.a(_udivsi3.o)
 .ARM.attributes
                0x00000406       0x1e c:/program files (x86)/cypress/psoc creator/3.1/psoc creator/import/gnu_cs/arm/4.8.4/bin/../lib/gcc/arm-none-eabi/4.8.4/armv6-m\libgcc.a(_divsi3.o)
 .ARM.attributes
                0x00000424       0x1e c:/program files (x86)/cypress/psoc creator/3.1/psoc creator/import/gnu_cs/arm/4.8.4/bin/../lib/gcc/arm-none-eabi/4.8.4/armv6-m\libgcc.a(_dvmd_tls.o)
 .ARM.attributes
                0x00000442       0x1e c:/program files (x86)/cypress/psoc creator/3.1/psoc creator/import/gnu_cs/arm/4.8.4/bin/../lib/gcc/arm-none-eabi/4.8.4/armv6-m\libgcc.a(_aeabi_ldivmod.o)
 .ARM.attributes
                0x00000460       0x2c c:/program files (x86)/cypress/psoc creator/3.1/psoc creator/import/gnu_cs/arm/4.8.4/bin/../lib/gcc/arm-none-eabi/4.8.4/armv6-m\libgcc.a(_muldi3.o)
 .ARM.attributes
                0x0000048c       0x2c c:/program files (x86)/cypress/psoc creator/3.1/psoc creator/import/gnu_cs/arm/4.8.4/bin/../lib/gcc/arm-none-eabi/4.8.4/armv6-m\libgcc.a(bpabi.o)
 .ARM.attributes
                0x000004b8       0x2c c:/program files (x86)/cypress/psoc creator/3.1/psoc creator/import/gnu_cs/arm/4.8.4/bin/../lib/gcc/arm-none-eabi/4.8.4/armv6-m\libgcc.a(divsf3.o)
 .ARM.attributes
                0x000004e4       0x2c c:/program files (x86)/cypress/psoc creator/3.1/psoc creator/import/gnu_cs/arm/4.8.4/bin/../lib/gcc/arm-none-eabi/4.8.4/armv6-m\libgcc.a(mulsf3.o)
 .ARM.attributes
                0x00000510       0x2c c:/program files (x86)/cypress/psoc creator/3.1/psoc creator/import/gnu_cs/arm/4.8.4/bin/../lib/gcc/arm-none-eabi/4.8.4/armv6-m\libgcc.a(floatsisf.o)
 .ARM.attributes
                0x0000053c       0x1e c:/program files (x86)/cypress/psoc creator/3.1/psoc creator/import/gnu_cs/arm/4.8.4/bin/../lib/gcc/arm-none-eabi/4.8.4/armv6-m\libgcc.a(_clzsi2.o)
 .ARM.attributes
                0x0000055a       0x2c c:/program files (x86)/cypress/psoc creator/3.1/psoc creator/import/gnu_cs/arm/4.8.4/bin/../lib/gcc/arm-none-eabi/4.8.4/armv6-m\libgcc.a(_divdi3.o)
 .ARM.attributes
                0x00000586       0x2c c:/program files (x86)/cypress/psoc creator/3.1/psoc creator/import/gnu_cs/arm/4.8.4/bin/../lib/gcc/arm-none-eabi/4.8.4/armv6-m\libgcc.a(_udivdi3.o)
 .ARM.attributes
                0x000005b2       0x2c c:/program files (x86)/cypress/psoc creator/3.1/psoc creator/import/gnu_cs/arm/4.8.4/bin/../lib/gcc/arm-none-eabi/4.8.4/../../../../arm-none-eabi/lib/armv6-m\libg_s.a(lib_a-errno.o)
 .ARM.attributes
                0x000005de       0x2c c:/program files (x86)/cypress/psoc creator/3.1/psoc creator/import/gnu_cs/arm/4.8.4/bin/../lib/gcc/arm-none-eabi/4.8.4/../../../../arm-none-eabi/lib/armv6-m\libg_s.a(lib_a-exit.o)
 .ARM.attributes
                0x0000060a       0x2c c:/program files (x86)/cypress/psoc creator/3.1/psoc creator/import/gnu_cs/arm/4.8.4/bin/../lib/gcc/arm-none-eabi/4.8.4/../../../../arm-none-eabi/lib/armv6-m\libg_s.a(lib_a-impure.o)
 .ARM.attributes
                0x00000636       0x2c c:/program files (x86)/cypress/psoc creator/3.1/psoc creator/import/gnu_cs/arm/4.8.4/bin/../lib/gcc/arm-none-eabi/4.8.4/../../../../arm-none-eabi/lib/armv6-m\libg_s.a(lib_a-init.o)
 .ARM.attributes
                0x00000662       0x2c c:/program files (x86)/cypress/psoc creator/3.1/psoc creator/import/gnu_cs/arm/4.8.4/bin/../lib/gcc/arm-none-eabi/4.8.4/../../../../arm-none-eabi/lib/armv6-m\libg_s.a(lib_a-memcpy-stub.o)
 .ARM.attributes
                0x0000068e       0x2c c:/program files (x86)/cypress/psoc creator/3.1/psoc creator/import/gnu_cs/arm/4.8.4/bin/../lib/gcc/arm-none-eabi/4.8.4/../../../../arm-none-eabi/lib/armv6-m\libg_s.a(lib_a-memset.o)
 .ARM.attributes
                0x000006ba       0x2c c:/program files (x86)/cypress/psoc creator/3.1/psoc creator/import/gnu_cs/arm/4.8.4/bin/../lib/gcc/arm-none-eabi/4.8.4/../../../../arm-none-eabi/lib/armv6-m\libg_s.a(lib_a-sprintf.o)
 .ARM.attributes
                0x000006e6       0x2c c:/program files (x86)/cypress/psoc creator/3.1/psoc creator/import/gnu_cs/arm/4.8.4/bin/../lib/gcc/arm-none-eabi/4.8.4/../../../../arm-none-eabi/lib/armv6-m\libg_s.a(lib_a-svfprintf.o)
 .ARM.attributes
                0x00000712       0x2c c:/program files (x86)/cypress/psoc creator/3.1/psoc creator/import/gnu_cs/arm/4.8.4/bin/../lib/gcc/arm-none-eabi/4.8.4/../../../../arm-none-eabi/lib/armv6-m\libg_s.a(lib_a-vfprintf_i.o)
 .ARM.attributes
                0x0000073e       0x2c c:/program files (x86)/cypress/psoc creator/3.1/psoc creator/import/gnu_cs/arm/4.8.4/bin/../lib/gcc/arm-none-eabi/4.8.4/../../../../arm-none-eabi/lib/armv6-m\libg_s.a(lib_a-memchr-stub.o)
 .ARM.attributes
                0x0000076a       0x2c c:/program files (x86)/cypress/psoc creator/3.1/psoc creator/import/gnu_cs/arm/4.8.4/bin/../lib/gcc/arm-none-eabi/4.8.4/../../../../arm-none-eabi/lib/armv6-m\libg_s.a(lib_a-memmove.o)
 .ARM.attributes
                0x00000796       0x2c c:/program files (x86)/cypress/psoc creator/3.1/psoc creator/import/gnu_cs/arm/4.8.4/bin/../lib/gcc/arm-none-eabi/4.8.4/../../../../arm-none-eabi/lib/armv6-m\libg_s.a(lib_a-nano-freer.o)
 .ARM.attributes
                0x000007c2       0x2c c:/program files (x86)/cypress/psoc creator/3.1/psoc creator/import/gnu_cs/arm/4.8.4/bin/../lib/gcc/arm-none-eabi/4.8.4/../../../../arm-none-eabi/lib/armv6-m\libg_s.a(lib_a-nano-mallocr.o)
 .ARM.attributes
                0x000007ee       0x2c c:/program files (x86)/cypress/psoc creator/3.1/psoc creator/import/gnu_cs/arm/4.8.4/bin/../lib/gcc/arm-none-eabi/4.8.4/../../../../arm-none-eabi/lib/armv6-m\libg_s.a(lib_a-nano-reallocr.o)
 .ARM.attributes
                0x0000081a       0x2c c:/program files (x86)/cypress/psoc creator/3.1/psoc creator/import/gnu_cs/arm/4.8.4/bin/../lib/gcc/arm-none-eabi/4.8.4/../../../../arm-none-eabi/lib/armv6-m\libg_s.a(lib_a-sbrkr.o)
 .ARM.attributes
                0x00000846       0x2c c:/program files (x86)/cypress/psoc creator/3.1/psoc creator/import/gnu_cs/arm/4.8.4/bin/../lib/gcc/arm-none-eabi/4.8.4/../../../../arm-none-eabi/lib/armv6-m\libg_s.a(lib_a-strlen.o)
 .ARM.attributes
                0x00000872       0x2c c:/program files (x86)/cypress/psoc creator/3.1/psoc creator/import/gnu_cs/arm/4.8.4/bin/../lib/gcc/arm-none-eabi/4.8.4/../../../../arm-none-eabi/lib/armv6-m\libg_s.a(lib_a-nano-msizer.o)
 .ARM.attributes
                0x0000089e       0x2c c:/program files (x86)/cypress/psoc creator/3.1/psoc creator/import/gnu_cs/arm/4.8.4/bin/../lib/gcc/arm-none-eabi/4.8.4/../../../../arm-none-eabi/lib/armv6-m\libg_s.a(lib_a-reent.o)
 .ARM.attributes
                0x000008ca       0x2c c:/program files (x86)/cypress/psoc creator/3.1/psoc creator/import/gnu_cs/arm/4.8.4/bin/../lib/gcc/arm-none-eabi/4.8.4/armv6-m/crtend.o
 .ARM.attributes
                0x000008f6       0x1e c:/program files (x86)/cypress/psoc creator/3.1/psoc creator/import/gnu_cs/arm/4.8.4/bin/../lib/gcc/arm-none-eabi/4.8.4/armv6-m/crtn.o

/DISCARD/
 *(.note.GNU-stack)
OUTPUT(.\ARM_GCC_484\Debug\LAB_THREE.elf elf32-littlearm)
