Archive member included because of file (symbol)

.\ARM_GCC_484\Debug\RSVP_P4_Min.a(cyfitter_cfg.o)
                              .\ARM_GCC_484\Debug\Cm0Start.o (cyfitter_cfg)
.\ARM_GCC_484\Debug\RSVP_P4_Min.a(Bootloadable.o)
                              .\ARM_GCC_484\Debug\main.o (Bootloadable_Load)
.\ARM_GCC_484\Debug\RSVP_P4_Min.a(CyBootAsmGnu.o)
                              .\ARM_GCC_484\Debug\RSVP_P4_Min.a(cyfitter_cfg.o) (CyDelayCycles)
.\ARM_GCC_484\Debug\RSVP_P4_Min.a(CyFlash.o)
                              .\ARM_GCC_484\Debug\RSVP_P4_Min.a(Bootloadable.o) (CySysFlashWriteRow)
.\ARM_GCC_484\Debug\RSVP_P4_Min.a(CyLib.o)
                              .\ARM_GCC_484\Debug\RSVP_P4_Min.a(cyfitter_cfg.o) (CyDelayUs)
.\ARM_GCC_484\Debug\RSVP_P4_Min.a(ResetISR.o)
                              .\ARM_GCC_484\Debug\main.o (ResetISR_StartEx)
.\ARM_GCC_484\Debug\RSVP_P4_Min.a(ResetTimer.o)
                              .\ARM_GCC_484\Debug\main.o (ResetTimer_Start)
.\ARM_GCC_484\Debug\RSVP_P4_Min.a(P0_6.o)
                              .\ARM_GCC_484\Debug\main.o (P0_6_Write)
c:/program files (x86)/cypress/psoc creator/3.1/psoc creator/import/gnu_cs/arm/4.8.4/bin/../lib/gcc/arm-none-eabi/4.8.4/armv6-m\libgcc.a(_udivsi3.o)
                              .\ARM_GCC_484\Debug\RSVP_P4_Min.a(CyLib.o) (__aeabi_uidiv)
c:/program files (x86)/cypress/psoc creator/3.1/psoc creator/import/gnu_cs/arm/4.8.4/bin/../lib/gcc/arm-none-eabi/4.8.4/armv6-m\libgcc.a(_divsi3.o)
                              .\ARM_GCC_484\Debug\Cm0Start.o (__aeabi_idiv)
c:/program files (x86)/cypress/psoc creator/3.1/psoc creator/import/gnu_cs/arm/4.8.4/bin/../lib/gcc/arm-none-eabi/4.8.4/armv6-m\libgcc.a(_dvmd_tls.o)
                              c:/program files (x86)/cypress/psoc creator/3.1/psoc creator/import/gnu_cs/arm/4.8.4/bin/../lib/gcc/arm-none-eabi/4.8.4/armv6-m\libgcc.a(_udivsi3.o) (__aeabi_idiv0)
c:/program files (x86)/cypress/psoc creator/3.1/psoc creator/import/gnu_cs/arm/4.8.4/bin/../lib/gcc/arm-none-eabi/4.8.4/../../../../arm-none-eabi/lib/armv6-m\libg_s.a(lib_a-errno.o)
                              .\ARM_GCC_484\Debug\Cm0Start.o (__errno)
c:/program files (x86)/cypress/psoc creator/3.1/psoc creator/import/gnu_cs/arm/4.8.4/bin/../lib/gcc/arm-none-eabi/4.8.4/../../../../arm-none-eabi/lib/armv6-m\libg_s.a(lib_a-exit.o)
                              c:/program files (x86)/cypress/psoc creator/3.1/psoc creator/import/gnu_cs/arm/4.8.4/bin/../lib/gcc/arm-none-eabi/4.8.4/../../../../arm-none-eabi/lib/armv6-m/crt0.o (exit)
c:/program files (x86)/cypress/psoc creator/3.1/psoc creator/import/gnu_cs/arm/4.8.4/bin/../lib/gcc/arm-none-eabi/4.8.4/../../../../arm-none-eabi/lib/armv6-m\libg_s.a(lib_a-impure.o)
                              c:/program files (x86)/cypress/psoc creator/3.1/psoc creator/import/gnu_cs/arm/4.8.4/bin/../lib/gcc/arm-none-eabi/4.8.4/../../../../arm-none-eabi/lib/armv6-m\libg_s.a(lib_a-exit.o) (_global_impure_ptr)
c:/program files (x86)/cypress/psoc creator/3.1/psoc creator/import/gnu_cs/arm/4.8.4/bin/../lib/gcc/arm-none-eabi/4.8.4/../../../../arm-none-eabi/lib/armv6-m\libg_s.a(lib_a-init.o)
                              c:/program files (x86)/cypress/psoc creator/3.1/psoc creator/import/gnu_cs/arm/4.8.4/bin/../lib/gcc/arm-none-eabi/4.8.4/../../../../arm-none-eabi/lib/armv6-m/crt0.o (__libc_init_array)
c:/program files (x86)/cypress/psoc creator/3.1/psoc creator/import/gnu_cs/arm/4.8.4/bin/../lib/gcc/arm-none-eabi/4.8.4/../../../../arm-none-eabi/lib/armv6-m\libg_s.a(lib_a-memcpy-stub.o)
                              .\ARM_GCC_484\Debug\RSVP_P4_Min.a(cyfitter_cfg.o) (memcpy)
c:/program files (x86)/cypress/psoc creator/3.1/psoc creator/import/gnu_cs/arm/4.8.4/bin/../lib/gcc/arm-none-eabi/4.8.4/../../../../arm-none-eabi/lib/armv6-m\libg_s.a(lib_a-memset.o)
                              c:/program files (x86)/cypress/psoc creator/3.1/psoc creator/import/gnu_cs/arm/4.8.4/bin/../lib/gcc/arm-none-eabi/4.8.4/../../../../arm-none-eabi/lib/armv6-m/crt0.o (memset)

Discarded input sections

 .text          0x00000000        0x0 c:/program files (x86)/cypress/psoc creator/3.1/psoc creator/import/gnu_cs/arm/4.8.4/bin/../lib/gcc/arm-none-eabi/4.8.4/armv6-m/crti.o
 .data          0x00000000        0x0 c:/program files (x86)/cypress/psoc creator/3.1/psoc creator/import/gnu_cs/arm/4.8.4/bin/../lib/gcc/arm-none-eabi/4.8.4/armv6-m/crti.o
 .bss           0x00000000        0x0 c:/program files (x86)/cypress/psoc creator/3.1/psoc creator/import/gnu_cs/arm/4.8.4/bin/../lib/gcc/arm-none-eabi/4.8.4/armv6-m/crti.o
 .data          0x00000000        0x4 c:/program files (x86)/cypress/psoc creator/3.1/psoc creator/import/gnu_cs/arm/4.8.4/bin/../lib/gcc/arm-none-eabi/4.8.4/armv6-m/crtbegin.o
 .text          0x00000000       0x78 c:/program files (x86)/cypress/psoc creator/3.1/psoc creator/import/gnu_cs/arm/4.8.4/bin/../lib/gcc/arm-none-eabi/4.8.4/../../../../arm-none-eabi/lib/armv6-m/crt0.o
 .data          0x00000000        0x0 c:/program files (x86)/cypress/psoc creator/3.1/psoc creator/import/gnu_cs/arm/4.8.4/bin/../lib/gcc/arm-none-eabi/4.8.4/../../../../arm-none-eabi/lib/armv6-m/crt0.o
 .bss           0x00000000        0x0 c:/program files (x86)/cypress/psoc creator/3.1/psoc creator/import/gnu_cs/arm/4.8.4/bin/../lib/gcc/arm-none-eabi/4.8.4/../../../../arm-none-eabi/lib/armv6-m/crt0.o
 .ARM.extab     0x00000000        0x0 c:/program files (x86)/cypress/psoc creator/3.1/psoc creator/import/gnu_cs/arm/4.8.4/bin/../lib/gcc/arm-none-eabi/4.8.4/../../../../arm-none-eabi/lib/armv6-m/crt0.o
 .ARM.exidx     0x00000000        0x8 c:/program files (x86)/cypress/psoc creator/3.1/psoc creator/import/gnu_cs/arm/4.8.4/bin/../lib/gcc/arm-none-eabi/4.8.4/../../../../arm-none-eabi/lib/armv6-m/crt0.o
 .text          0x00000000        0x0 .\ARM_GCC_484\Debug\main.o
 .data          0x00000000        0x0 .\ARM_GCC_484\Debug\main.o
 .bss           0x00000000        0x0 .\ARM_GCC_484\Debug\main.o
 .text          0x00000000        0x0 .\ARM_GCC_484\Debug\cybootloader.o
 .data          0x00000000        0x0 .\ARM_GCC_484\Debug\cybootloader.o
 .bss           0x00000000        0x0 .\ARM_GCC_484\Debug\cybootloader.o
 .text          0x00000000        0x0 .\ARM_GCC_484\Debug\cymetadata.o
 .data          0x00000000        0x0 .\ARM_GCC_484\Debug\cymetadata.o
 .bss           0x00000000        0x0 .\ARM_GCC_484\Debug\cymetadata.o
 .text          0x00000000        0x0 .\ARM_GCC_484\Debug\Cm0Start.o
 .data          0x00000000        0x4 .\ARM_GCC_484\Debug\Cm0Start.o
 .bss           0x00000000        0x0 .\ARM_GCC_484\Debug\Cm0Start.o
 .text._exit    0x00000000       0x28 .\ARM_GCC_484\Debug\Cm0Start.o
 .text._sbrk    0x00000000       0x54 .\ARM_GCC_484\Debug\Cm0Start.o
 .text          0x00000000        0x0 .\ARM_GCC_484\Debug\RSVP_P4_Min.a(cyfitter_cfg.o)
 .bss           0x00000000        0x0 .\ARM_GCC_484\Debug\RSVP_P4_Min.a(cyfitter_cfg.o)
 .text.CYCONFIGCPY
                0x00000000       0x24 .\ARM_GCC_484\Debug\RSVP_P4_Min.a(cyfitter_cfg.o)
 .text.CYCONFIGCPYCODE
                0x00000000       0x24 .\ARM_GCC_484\Debug\RSVP_P4_Min.a(cyfitter_cfg.o)
 .text          0x00000000        0x0 .\ARM_GCC_484\Debug\RSVP_P4_Min.a(Bootloadable.o)
 .data          0x00000000        0x0 .\ARM_GCC_484\Debug\RSVP_P4_Min.a(Bootloadable.o)
 .bss           0x00000000        0x0 .\ARM_GCC_484\Debug\RSVP_P4_Min.a(Bootloadable.o)
 .text.Bootloadable_SetFlashByte
                0x00000000       0x98 .\ARM_GCC_484\Debug\RSVP_P4_Min.a(Bootloadable.o)
 .data          0x00000000        0x0 .\ARM_GCC_484\Debug\RSVP_P4_Min.a(CyBootAsmGnu.o)
 .bss           0x00000000        0x0 .\ARM_GCC_484\Debug\RSVP_P4_Min.a(CyBootAsmGnu.o)
 .text          0x00000000        0x0 .\ARM_GCC_484\Debug\RSVP_P4_Min.a(CyFlash.o)
 .data          0x00000000        0x0 .\ARM_GCC_484\Debug\RSVP_P4_Min.a(CyFlash.o)
 .bss           0x00000000        0x4 .\ARM_GCC_484\Debug\RSVP_P4_Min.a(CyFlash.o)
 .text.CySysFlashWriteRow
                0x00000000      0x3c0 .\ARM_GCC_484\Debug\RSVP_P4_Min.a(CyFlash.o)
 .text.CySysFlashSetWaitCycles
                0x00000000       0x50 .\ARM_GCC_484\Debug\RSVP_P4_Min.a(CyFlash.o)
 .text.CySysFlashClockBackup
                0x00000000       0x24 .\ARM_GCC_484\Debug\RSVP_P4_Min.a(CyFlash.o)
 .text.CySysFlashClockRestore
                0x00000000       0x24 .\ARM_GCC_484\Debug\RSVP_P4_Min.a(CyFlash.o)
 .text          0x00000000        0x0 .\ARM_GCC_484\Debug\RSVP_P4_Min.a(CyLib.o)
 .bss           0x00000000       0x24 .\ARM_GCC_484\Debug\RSVP_P4_Min.a(CyLib.o)
 .rodata        0x00000000       0x30 .\ARM_GCC_484\Debug\RSVP_P4_Min.a(CyLib.o)
 .text.CySysClkImoStart
                0x00000000       0x1c .\ARM_GCC_484\Debug\RSVP_P4_Min.a(CyLib.o)
 .text.CySysClkImoStop
                0x00000000       0x18 .\ARM_GCC_484\Debug\RSVP_P4_Min.a(CyLib.o)
 .text.CySysClkIloStart
                0x00000000       0x1c .\ARM_GCC_484\Debug\RSVP_P4_Min.a(CyLib.o)
 .text.CySysClkIloStop
                0x00000000       0x4c .\ARM_GCC_484\Debug\RSVP_P4_Min.a(CyLib.o)
 .text.CySysClkIloEnabled
                0x00000000       0x1c .\ARM_GCC_484\Debug\RSVP_P4_Min.a(CyLib.o)
 .text.CySysClkWriteHfclkDirect
                0x00000000       0x44 .\ARM_GCC_484\Debug\RSVP_P4_Min.a(CyLib.o)
 .text.CySysClkWriteSysclkDiv
                0x00000000       0x44 .\ARM_GCC_484\Debug\RSVP_P4_Min.a(CyLib.o)
 .text.CySysClkWriteImoFreq
                0x00000000      0x1e0 .\ARM_GCC_484\Debug\RSVP_P4_Min.a(CyLib.o)
 .text.CySysWdtLock
                0x00000000       0x34 .\ARM_GCC_484\Debug\RSVP_P4_Min.a(CyLib.o)
 .text.CySysWdtLocked
                0x00000000       0x20 .\ARM_GCC_484\Debug\RSVP_P4_Min.a(CyLib.o)
 .text.CySysWdtUnlock
                0x00000000       0x4c .\ARM_GCC_484\Debug\RSVP_P4_Min.a(CyLib.o)
 .text.CySysWdtReadEnabledStatus
                0x00000000       0x30 .\ARM_GCC_484\Debug\RSVP_P4_Min.a(CyLib.o)
 .text.CySysWdtWriteMode
                0x00000000       0x60 .\ARM_GCC_484\Debug\RSVP_P4_Min.a(CyLib.o)
 .text.CySysWdtReadMode
                0x00000000       0x24 .\ARM_GCC_484\Debug\RSVP_P4_Min.a(CyLib.o)
 .text.CySysWdtWriteClearOnMatch
                0x00000000       0x70 .\ARM_GCC_484\Debug\RSVP_P4_Min.a(CyLib.o)
 .text.CySysWdtReadClearOnMatch
                0x00000000       0x40 .\ARM_GCC_484\Debug\RSVP_P4_Min.a(CyLib.o)
 .text.CySysWdtEnable
                0x00000000       0x68 .\ARM_GCC_484\Debug\RSVP_P4_Min.a(CyLib.o)
 .text.CySysWdtDisable
                0x00000000       0x68 .\ARM_GCC_484\Debug\RSVP_P4_Min.a(CyLib.o)
 .text.CySysWdtWriteCascade
                0x00000000       0x58 .\ARM_GCC_484\Debug\RSVP_P4_Min.a(CyLib.o)
 .text.CySysWdtReadCascade
                0x00000000       0x1c .\ARM_GCC_484\Debug\RSVP_P4_Min.a(CyLib.o)
 .text.CySysWdtWriteMatch
                0x00000000       0x6c .\ARM_GCC_484\Debug\RSVP_P4_Min.a(CyLib.o)
 .text.CySysWdtWriteToggleBit
                0x00000000       0x44 .\ARM_GCC_484\Debug\RSVP_P4_Min.a(CyLib.o)
 .text.CySysWdtReadToggleBit
                0x00000000       0x18 .\ARM_GCC_484\Debug\RSVP_P4_Min.a(CyLib.o)
 .text.CySysWdtReadMatch
                0x00000000       0x44 .\ARM_GCC_484\Debug\RSVP_P4_Min.a(CyLib.o)
 .text.CySysWdtReadCount
                0x00000000       0x54 .\ARM_GCC_484\Debug\RSVP_P4_Min.a(CyLib.o)
 .text.CySysWdtGetInterruptSource
                0x00000000       0x1c .\ARM_GCC_484\Debug\RSVP_P4_Min.a(CyLib.o)
 .text.CySysWdtClearInterrupt
                0x00000000       0x6c .\ARM_GCC_484\Debug\RSVP_P4_Min.a(CyLib.o)
 .text.CySysWdtResetCounters
                0x00000000       0x28 .\ARM_GCC_484\Debug\RSVP_P4_Min.a(CyLib.o)
 .text.CySysClkLfclkPosedgeCatch
                0x00000000       0x9c .\ARM_GCC_484\Debug\RSVP_P4_Min.a(CyLib.o)
 .text.CySysClkLfclkPosedgeRestore
                0x00000000       0x3c .\ARM_GCC_484\Debug\RSVP_P4_Min.a(CyLib.o)
 .text.CySysLvdEnable
                0x00000000       0x48 .\ARM_GCC_484\Debug\RSVP_P4_Min.a(CyLib.o)
 .text.CySysLvdDisable
                0x00000000       0x28 .\ARM_GCC_484\Debug\RSVP_P4_Min.a(CyLib.o)
 .text.CySysLvdGetInterruptSource
                0x00000000       0x18 .\ARM_GCC_484\Debug\RSVP_P4_Min.a(CyLib.o)
 .text.CySysLvdClearInterrupt
                0x00000000       0x14 .\ARM_GCC_484\Debug\RSVP_P4_Min.a(CyLib.o)
 .text.CySysGetResetReason
                0x00000000       0x30 .\ARM_GCC_484\Debug\RSVP_P4_Min.a(CyLib.o)
 .text.CyDisableInts
                0x00000000       0x24 .\ARM_GCC_484\Debug\RSVP_P4_Min.a(CyLib.o)
 .text.CyEnableInts
                0x00000000       0x18 .\ARM_GCC_484\Debug\RSVP_P4_Min.a(CyLib.o)
 .text.CyIntSetSysVector
                0x00000000       0x48 .\ARM_GCC_484\Debug\RSVP_P4_Min.a(CyLib.o)
 .text.CyIntGetSysVector
                0x00000000       0x34 .\ARM_GCC_484\Debug\RSVP_P4_Min.a(CyLib.o)
 .text.CyIntSetVector
                0x00000000       0x4c .\ARM_GCC_484\Debug\RSVP_P4_Min.a(CyLib.o)
 .text.CyIntGetVector
                0x00000000       0x38 .\ARM_GCC_484\Debug\RSVP_P4_Min.a(CyLib.o)
 .text.CyIntSetPriority
                0x00000000       0xa8 .\ARM_GCC_484\Debug\RSVP_P4_Min.a(CyLib.o)
 .text.CyIntGetPriority
                0x00000000       0x58 .\ARM_GCC_484\Debug\RSVP_P4_Min.a(CyLib.o)
 .text.CyIntEnable
                0x00000000       0x2c .\ARM_GCC_484\Debug\RSVP_P4_Min.a(CyLib.o)
 .text.CyIntGetState
                0x00000000       0x34 .\ARM_GCC_484\Debug\RSVP_P4_Min.a(CyLib.o)
 .text.CyIntDisable
                0x00000000       0x2c .\ARM_GCC_484\Debug\RSVP_P4_Min.a(CyLib.o)
 .text.CyIntSetPending
                0x00000000       0x2c .\ARM_GCC_484\Debug\RSVP_P4_Min.a(CyLib.o)
 .text.CyIntClearPending
                0x00000000       0x2c .\ARM_GCC_484\Debug\RSVP_P4_Min.a(CyLib.o)
 .text.CyHalt   0x00000000       0x14 .\ARM_GCC_484\Debug\RSVP_P4_Min.a(CyLib.o)
 .text.CyDelayFreq
                0x00000000       0x80 .\ARM_GCC_484\Debug\RSVP_P4_Min.a(CyLib.o)
 .text.CySysTickStart
                0x00000000       0x24 .\ARM_GCC_484\Debug\RSVP_P4_Min.a(CyLib.o)
 .text.CySysTickInit
                0x00000000       0x60 .\ARM_GCC_484\Debug\RSVP_P4_Min.a(CyLib.o)
 .text.CySysTickEnable
                0x00000000       0x1c .\ARM_GCC_484\Debug\RSVP_P4_Min.a(CyLib.o)
 .text.CySysTickStop
                0x00000000       0x18 .\ARM_GCC_484\Debug\RSVP_P4_Min.a(CyLib.o)
 .text.CySysTickEnableInterrupt
                0x00000000       0x18 .\ARM_GCC_484\Debug\RSVP_P4_Min.a(CyLib.o)
 .text.CySysTickDisableInterrupt
                0x00000000       0x18 .\ARM_GCC_484\Debug\RSVP_P4_Min.a(CyLib.o)
 .text.CySysTickSetReload
                0x00000000       0x1c .\ARM_GCC_484\Debug\RSVP_P4_Min.a(CyLib.o)
 .text.CySysTickGetReload
                0x00000000       0x18 .\ARM_GCC_484\Debug\RSVP_P4_Min.a(CyLib.o)
 .text.CySysTickGetValue
                0x00000000       0x1c .\ARM_GCC_484\Debug\RSVP_P4_Min.a(CyLib.o)
 .text.CySysTickGetCountFlag
                0x00000000       0x18 .\ARM_GCC_484\Debug\RSVP_P4_Min.a(CyLib.o)
 .text.CySysTickClear
                0x00000000       0x14 .\ARM_GCC_484\Debug\RSVP_P4_Min.a(CyLib.o)
 .text.CySysTickSetCallback
                0x00000000       0x2c .\ARM_GCC_484\Debug\RSVP_P4_Min.a(CyLib.o)
 .text.CySysTickGetCallback
                0x00000000       0x1c .\ARM_GCC_484\Debug\RSVP_P4_Min.a(CyLib.o)
 .text.CySysTickServiceCallbacks
                0x00000000       0x44 .\ARM_GCC_484\Debug\RSVP_P4_Min.a(CyLib.o)
 .text          0x00000000        0x0 .\ARM_GCC_484\Debug\RSVP_P4_Min.a(ResetISR.o)
 .data          0x00000000        0x0 .\ARM_GCC_484\Debug\RSVP_P4_Min.a(ResetISR.o)
 .bss           0x00000000        0x0 .\ARM_GCC_484\Debug\RSVP_P4_Min.a(ResetISR.o)
 .text.ResetISR_Start
                0x00000000       0x24 .\ARM_GCC_484\Debug\RSVP_P4_Min.a(ResetISR.o)
 .text.ResetISR_Stop
                0x00000000       0x18 .\ARM_GCC_484\Debug\RSVP_P4_Min.a(ResetISR.o)
 .text.ResetISR_Interrupt
                0x00000000        0x8 .\ARM_GCC_484\Debug\RSVP_P4_Min.a(ResetISR.o)
 .text.ResetISR_GetVector
                0x00000000       0x14 .\ARM_GCC_484\Debug\RSVP_P4_Min.a(ResetISR.o)
 .text.ResetISR_GetPriority
                0x00000000       0x2c .\ARM_GCC_484\Debug\RSVP_P4_Min.a(ResetISR.o)
 .text.ResetISR_GetState
                0x00000000       0x20 .\ARM_GCC_484\Debug\RSVP_P4_Min.a(ResetISR.o)
 .text.ResetISR_SetPending
                0x00000000       0x14 .\ARM_GCC_484\Debug\RSVP_P4_Min.a(ResetISR.o)
 .text          0x00000000        0x0 .\ARM_GCC_484\Debug\RSVP_P4_Min.a(ResetTimer.o)
 .data          0x00000000        0x0 .\ARM_GCC_484\Debug\RSVP_P4_Min.a(ResetTimer.o)
 .text.ResetTimer_Stop
                0x00000000       0x30 .\ARM_GCC_484\Debug\RSVP_P4_Min.a(ResetTimer.o)
 .text.ResetTimer_SetMode
                0x00000000       0x48 .\ARM_GCC_484\Debug\RSVP_P4_Min.a(ResetTimer.o)
 .text.ResetTimer_SetQDMode
                0x00000000       0x48 .\ARM_GCC_484\Debug\RSVP_P4_Min.a(ResetTimer.o)
 .text.ResetTimer_SetPrescaler
                0x00000000       0x48 .\ARM_GCC_484\Debug\RSVP_P4_Min.a(ResetTimer.o)
 .text.ResetTimer_SetOneShot
                0x00000000       0x4c .\ARM_GCC_484\Debug\RSVP_P4_Min.a(ResetTimer.o)
 .text.ResetTimer_SetPWMMode
                0x00000000       0x1c .\ARM_GCC_484\Debug\RSVP_P4_Min.a(ResetTimer.o)
 .text.ResetTimer_SetPWMSyncKill
                0x00000000       0x48 .\ARM_GCC_484\Debug\RSVP_P4_Min.a(ResetTimer.o)
 .text.ResetTimer_SetPWMStopOnKill
                0x00000000       0x48 .\ARM_GCC_484\Debug\RSVP_P4_Min.a(ResetTimer.o)
 .text.ResetTimer_SetPWMDeadTime
                0x00000000       0x4c .\ARM_GCC_484\Debug\RSVP_P4_Min.a(ResetTimer.o)
 .text.ResetTimer_SetPWMInvert
                0x00000000       0x48 .\ARM_GCC_484\Debug\RSVP_P4_Min.a(ResetTimer.o)
 .text.ResetTimer_ReadCounter
                0x00000000       0x18 .\ARM_GCC_484\Debug\RSVP_P4_Min.a(ResetTimer.o)
 .text.ResetTimer_SetCounterMode
                0x00000000       0x48 .\ARM_GCC_484\Debug\RSVP_P4_Min.a(ResetTimer.o)
 .text.ResetTimer_ReadPeriod
                0x00000000       0x18 .\ARM_GCC_484\Debug\RSVP_P4_Min.a(ResetTimer.o)
 .text.ResetTimer_SetCompareSwap
                0x00000000       0x48 .\ARM_GCC_484\Debug\RSVP_P4_Min.a(ResetTimer.o)
 .text.ResetTimer_WritePeriodBuf
                0x00000000       0x1c .\ARM_GCC_484\Debug\RSVP_P4_Min.a(ResetTimer.o)
 .text.ResetTimer_ReadPeriodBuf
                0x00000000       0x18 .\ARM_GCC_484\Debug\RSVP_P4_Min.a(ResetTimer.o)
 .text.ResetTimer_SetPeriodSwap
                0x00000000       0x48 .\ARM_GCC_484\Debug\RSVP_P4_Min.a(ResetTimer.o)
 .text.ResetTimer_WriteCompare
                0x00000000       0x1c .\ARM_GCC_484\Debug\RSVP_P4_Min.a(ResetTimer.o)
 .text.ResetTimer_ReadCompare
                0x00000000       0x18 .\ARM_GCC_484\Debug\RSVP_P4_Min.a(ResetTimer.o)
 .text.ResetTimer_WriteCompareBuf
                0x00000000       0x1c .\ARM_GCC_484\Debug\RSVP_P4_Min.a(ResetTimer.o)
 .text.ResetTimer_ReadCompareBuf
                0x00000000       0x18 .\ARM_GCC_484\Debug\RSVP_P4_Min.a(ResetTimer.o)
 .text.ResetTimer_ReadCapture
                0x00000000       0x18 .\ARM_GCC_484\Debug\RSVP_P4_Min.a(ResetTimer.o)
 .text.ResetTimer_ReadCaptureBuf
                0x00000000       0x18 .\ARM_GCC_484\Debug\RSVP_P4_Min.a(ResetTimer.o)
 .text.ResetTimer_SetCaptureMode
                0x00000000       0x44 .\ARM_GCC_484\Debug\RSVP_P4_Min.a(ResetTimer.o)
 .text.ResetTimer_SetReloadMode
                0x00000000       0x44 .\ARM_GCC_484\Debug\RSVP_P4_Min.a(ResetTimer.o)
 .text.ResetTimer_SetStartMode
                0x00000000       0x48 .\ARM_GCC_484\Debug\RSVP_P4_Min.a(ResetTimer.o)
 .text.ResetTimer_SetStopMode
                0x00000000       0x44 .\ARM_GCC_484\Debug\RSVP_P4_Min.a(ResetTimer.o)
 .text.ResetTimer_SetCountMode
                0x00000000       0x44 .\ARM_GCC_484\Debug\RSVP_P4_Min.a(ResetTimer.o)
 .text.ResetTimer_TriggerCommand
                0x00000000       0x3c .\ARM_GCC_484\Debug\RSVP_P4_Min.a(ResetTimer.o)
 .text.ResetTimer_ReadStatus
                0x00000000       0x20 .\ARM_GCC_484\Debug\RSVP_P4_Min.a(ResetTimer.o)
 .text.ResetTimer_GetInterruptSourceMasked
                0x00000000       0x14 .\ARM_GCC_484\Debug\RSVP_P4_Min.a(ResetTimer.o)
 .text.ResetTimer_GetInterruptSource
                0x00000000       0x14 .\ARM_GCC_484\Debug\RSVP_P4_Min.a(ResetTimer.o)
 .text.ResetTimer_ClearInterrupt
                0x00000000       0x18 .\ARM_GCC_484\Debug\RSVP_P4_Min.a(ResetTimer.o)
 .text.ResetTimer_SetInterrupt
                0x00000000       0x18 .\ARM_GCC_484\Debug\RSVP_P4_Min.a(ResetTimer.o)
 .text          0x00000000        0x0 .\ARM_GCC_484\Debug\RSVP_P4_Min.a(P0_6.o)
 .data          0x00000000        0x0 .\ARM_GCC_484\Debug\RSVP_P4_Min.a(P0_6.o)
 .bss           0x00000000        0x0 .\ARM_GCC_484\Debug\RSVP_P4_Min.a(P0_6.o)
 .text.P0_6_SetDriveMode
                0x00000000       0x30 .\ARM_GCC_484\Debug\RSVP_P4_Min.a(P0_6.o)
 .text.P0_6_Read
                0x00000000       0x1c .\ARM_GCC_484\Debug\RSVP_P4_Min.a(P0_6.o)
 .text.P0_6_ReadDataReg
                0x00000000       0x1c .\ARM_GCC_484\Debug\RSVP_P4_Min.a(P0_6.o)
 .text.P0_6_ClearInterrupt
                0x00000000       0x30 .\ARM_GCC_484\Debug\RSVP_P4_Min.a(P0_6.o)
 .text          0x00000000       0x9c c:/program files (x86)/cypress/psoc creator/3.1/psoc creator/import/gnu_cs/arm/4.8.4/bin/../lib/gcc/arm-none-eabi/4.8.4/armv6-m\libgcc.a(_udivsi3.o)
 .data          0x00000000        0x0 c:/program files (x86)/cypress/psoc creator/3.1/psoc creator/import/gnu_cs/arm/4.8.4/bin/../lib/gcc/arm-none-eabi/4.8.4/armv6-m\libgcc.a(_udivsi3.o)
 .bss           0x00000000        0x0 c:/program files (x86)/cypress/psoc creator/3.1/psoc creator/import/gnu_cs/arm/4.8.4/bin/../lib/gcc/arm-none-eabi/4.8.4/armv6-m\libgcc.a(_udivsi3.o)
 .text          0x00000000       0xc0 c:/program files (x86)/cypress/psoc creator/3.1/psoc creator/import/gnu_cs/arm/4.8.4/bin/../lib/gcc/arm-none-eabi/4.8.4/armv6-m\libgcc.a(_divsi3.o)
 .data          0x00000000        0x0 c:/program files (x86)/cypress/psoc creator/3.1/psoc creator/import/gnu_cs/arm/4.8.4/bin/../lib/gcc/arm-none-eabi/4.8.4/armv6-m\libgcc.a(_divsi3.o)
 .bss           0x00000000        0x0 c:/program files (x86)/cypress/psoc creator/3.1/psoc creator/import/gnu_cs/arm/4.8.4/bin/../lib/gcc/arm-none-eabi/4.8.4/armv6-m\libgcc.a(_divsi3.o)
 .text          0x00000000        0x4 c:/program files (x86)/cypress/psoc creator/3.1/psoc creator/import/gnu_cs/arm/4.8.4/bin/../lib/gcc/arm-none-eabi/4.8.4/armv6-m\libgcc.a(_dvmd_tls.o)
 .data          0x00000000        0x0 c:/program files (x86)/cypress/psoc creator/3.1/psoc creator/import/gnu_cs/arm/4.8.4/bin/../lib/gcc/arm-none-eabi/4.8.4/armv6-m\libgcc.a(_dvmd_tls.o)
 .bss           0x00000000        0x0 c:/program files (x86)/cypress/psoc creator/3.1/psoc creator/import/gnu_cs/arm/4.8.4/bin/../lib/gcc/arm-none-eabi/4.8.4/armv6-m\libgcc.a(_dvmd_tls.o)
 .text          0x00000000        0x0 c:/program files (x86)/cypress/psoc creator/3.1/psoc creator/import/gnu_cs/arm/4.8.4/bin/../lib/gcc/arm-none-eabi/4.8.4/../../../../arm-none-eabi/lib/armv6-m\libg_s.a(lib_a-errno.o)
 .data          0x00000000        0x0 c:/program files (x86)/cypress/psoc creator/3.1/psoc creator/import/gnu_cs/arm/4.8.4/bin/../lib/gcc/arm-none-eabi/4.8.4/../../../../arm-none-eabi/lib/armv6-m\libg_s.a(lib_a-errno.o)
 .bss           0x00000000        0x0 c:/program files (x86)/cypress/psoc creator/3.1/psoc creator/import/gnu_cs/arm/4.8.4/bin/../lib/gcc/arm-none-eabi/4.8.4/../../../../arm-none-eabi/lib/armv6-m\libg_s.a(lib_a-errno.o)
 .text.__errno  0x00000000        0xc c:/program files (x86)/cypress/psoc creator/3.1/psoc creator/import/gnu_cs/arm/4.8.4/bin/../lib/gcc/arm-none-eabi/4.8.4/../../../../arm-none-eabi/lib/armv6-m\libg_s.a(lib_a-errno.o)
 .text          0x00000000        0x0 c:/program files (x86)/cypress/psoc creator/3.1/psoc creator/import/gnu_cs/arm/4.8.4/bin/../lib/gcc/arm-none-eabi/4.8.4/../../../../arm-none-eabi/lib/armv6-m\libg_s.a(lib_a-exit.o)
 .data          0x00000000        0x0 c:/program files (x86)/cypress/psoc creator/3.1/psoc creator/import/gnu_cs/arm/4.8.4/bin/../lib/gcc/arm-none-eabi/4.8.4/../../../../arm-none-eabi/lib/armv6-m\libg_s.a(lib_a-exit.o)
 .bss           0x00000000        0x0 c:/program files (x86)/cypress/psoc creator/3.1/psoc creator/import/gnu_cs/arm/4.8.4/bin/../lib/gcc/arm-none-eabi/4.8.4/../../../../arm-none-eabi/lib/armv6-m\libg_s.a(lib_a-exit.o)
 .text.exit     0x00000000       0x2c c:/program files (x86)/cypress/psoc creator/3.1/psoc creator/import/gnu_cs/arm/4.8.4/bin/../lib/gcc/arm-none-eabi/4.8.4/../../../../arm-none-eabi/lib/armv6-m\libg_s.a(lib_a-exit.o)
 .text          0x00000000        0x0 c:/program files (x86)/cypress/psoc creator/3.1/psoc creator/import/gnu_cs/arm/4.8.4/bin/../lib/gcc/arm-none-eabi/4.8.4/../../../../arm-none-eabi/lib/armv6-m\libg_s.a(lib_a-impure.o)
 .data          0x00000000        0x0 c:/program files (x86)/cypress/psoc creator/3.1/psoc creator/import/gnu_cs/arm/4.8.4/bin/../lib/gcc/arm-none-eabi/4.8.4/../../../../arm-none-eabi/lib/armv6-m\libg_s.a(lib_a-impure.o)
 .bss           0x00000000        0x0 c:/program files (x86)/cypress/psoc creator/3.1/psoc creator/import/gnu_cs/arm/4.8.4/bin/../lib/gcc/arm-none-eabi/4.8.4/../../../../arm-none-eabi/lib/armv6-m\libg_s.a(lib_a-impure.o)
 .data.impure_data
                0x00000000       0x60 c:/program files (x86)/cypress/psoc creator/3.1/psoc creator/import/gnu_cs/arm/4.8.4/bin/../lib/gcc/arm-none-eabi/4.8.4/../../../../arm-none-eabi/lib/armv6-m\libg_s.a(lib_a-impure.o)
 .data._impure_ptr
                0x00000000        0x4 c:/program files (x86)/cypress/psoc creator/3.1/psoc creator/import/gnu_cs/arm/4.8.4/bin/../lib/gcc/arm-none-eabi/4.8.4/../../../../arm-none-eabi/lib/armv6-m\libg_s.a(lib_a-impure.o)
 .rodata.str1.1
                0x00000000        0x2 c:/program files (x86)/cypress/psoc creator/3.1/psoc creator/import/gnu_cs/arm/4.8.4/bin/../lib/gcc/arm-none-eabi/4.8.4/../../../../arm-none-eabi/lib/armv6-m\libg_s.a(lib_a-impure.o)
 .rodata._global_impure_ptr
                0x00000000        0x4 c:/program files (x86)/cypress/psoc creator/3.1/psoc creator/import/gnu_cs/arm/4.8.4/bin/../lib/gcc/arm-none-eabi/4.8.4/../../../../arm-none-eabi/lib/armv6-m\libg_s.a(lib_a-impure.o)
 .text          0x00000000        0x0 c:/program files (x86)/cypress/psoc creator/3.1/psoc creator/import/gnu_cs/arm/4.8.4/bin/../lib/gcc/arm-none-eabi/4.8.4/../../../../arm-none-eabi/lib/armv6-m\libg_s.a(lib_a-init.o)
 .data          0x00000000        0x0 c:/program files (x86)/cypress/psoc creator/3.1/psoc creator/import/gnu_cs/arm/4.8.4/bin/../lib/gcc/arm-none-eabi/4.8.4/../../../../arm-none-eabi/lib/armv6-m\libg_s.a(lib_a-init.o)
 .bss           0x00000000        0x0 c:/program files (x86)/cypress/psoc creator/3.1/psoc creator/import/gnu_cs/arm/4.8.4/bin/../lib/gcc/arm-none-eabi/4.8.4/../../../../arm-none-eabi/lib/armv6-m\libg_s.a(lib_a-init.o)
 .text          0x00000000        0x0 c:/program files (x86)/cypress/psoc creator/3.1/psoc creator/import/gnu_cs/arm/4.8.4/bin/../lib/gcc/arm-none-eabi/4.8.4/../../../../arm-none-eabi/lib/armv6-m\libg_s.a(lib_a-memcpy-stub.o)
 .data          0x00000000        0x0 c:/program files (x86)/cypress/psoc creator/3.1/psoc creator/import/gnu_cs/arm/4.8.4/bin/../lib/gcc/arm-none-eabi/4.8.4/../../../../arm-none-eabi/lib/armv6-m\libg_s.a(lib_a-memcpy-stub.o)
 .bss           0x00000000        0x0 c:/program files (x86)/cypress/psoc creator/3.1/psoc creator/import/gnu_cs/arm/4.8.4/bin/../lib/gcc/arm-none-eabi/4.8.4/../../../../arm-none-eabi/lib/armv6-m\libg_s.a(lib_a-memcpy-stub.o)
 .text.memcpy   0x00000000       0x12 c:/program files (x86)/cypress/psoc creator/3.1/psoc creator/import/gnu_cs/arm/4.8.4/bin/../lib/gcc/arm-none-eabi/4.8.4/../../../../arm-none-eabi/lib/armv6-m\libg_s.a(lib_a-memcpy-stub.o)
 .text          0x00000000        0x0 c:/program files (x86)/cypress/psoc creator/3.1/psoc creator/import/gnu_cs/arm/4.8.4/bin/../lib/gcc/arm-none-eabi/4.8.4/../../../../arm-none-eabi/lib/armv6-m\libg_s.a(lib_a-memset.o)
 .data          0x00000000        0x0 c:/program files (x86)/cypress/psoc creator/3.1/psoc creator/import/gnu_cs/arm/4.8.4/bin/../lib/gcc/arm-none-eabi/4.8.4/../../../../arm-none-eabi/lib/armv6-m\libg_s.a(lib_a-memset.o)
 .bss           0x00000000        0x0 c:/program files (x86)/cypress/psoc creator/3.1/psoc creator/import/gnu_cs/arm/4.8.4/bin/../lib/gcc/arm-none-eabi/4.8.4/../../../../arm-none-eabi/lib/armv6-m\libg_s.a(lib_a-memset.o)
 .text          0x00000000        0x0 c:/program files (x86)/cypress/psoc creator/3.1/psoc creator/import/gnu_cs/arm/4.8.4/bin/../lib/gcc/arm-none-eabi/4.8.4/armv6-m/crtend.o
 .data          0x00000000        0x0 c:/program files (x86)/cypress/psoc creator/3.1/psoc creator/import/gnu_cs/arm/4.8.4/bin/../lib/gcc/arm-none-eabi/4.8.4/armv6-m/crtend.o
 .bss           0x00000000        0x0 c:/program files (x86)/cypress/psoc creator/3.1/psoc creator/import/gnu_cs/arm/4.8.4/bin/../lib/gcc/arm-none-eabi/4.8.4/armv6-m/crtend.o
 .text          0x00000000        0x0 c:/program files (x86)/cypress/psoc creator/3.1/psoc creator/import/gnu_cs/arm/4.8.4/bin/../lib/gcc/arm-none-eabi/4.8.4/armv6-m/crtn.o
 .data          0x00000000        0x0 c:/program files (x86)/cypress/psoc creator/3.1/psoc creator/import/gnu_cs/arm/4.8.4/bin/../lib/gcc/arm-none-eabi/4.8.4/armv6-m/crtn.o
 .bss           0x00000000        0x0 c:/program files (x86)/cypress/psoc creator/3.1/psoc creator/import/gnu_cs/arm/4.8.4/bin/../lib/gcc/arm-none-eabi/4.8.4/armv6-m/crtn.o

Memory Configuration

Name             Origin             Length             Attributes
rom              0x00000000         0x00008000         xr
ram              0x20000000         0x00001000         xrw
*default*        0x00000000         0xffffffff

Linker script and memory map

LOAD c:/program files (x86)/cypress/psoc creator/3.1/psoc creator/import/gnu_cs/arm/4.8.4/bin/../lib/gcc/arm-none-eabi/4.8.4/armv6-m/crti.o
LOAD c:/program files (x86)/cypress/psoc creator/3.1/psoc creator/import/gnu_cs/arm/4.8.4/bin/../lib/gcc/arm-none-eabi/4.8.4/armv6-m/crtbegin.o
LOAD c:/program files (x86)/cypress/psoc creator/3.1/psoc creator/import/gnu_cs/arm/4.8.4/bin/../lib/gcc/arm-none-eabi/4.8.4/../../../../arm-none-eabi/lib/armv6-m/crt0.o
START GROUP
LOAD .\ARM_GCC_484\Debug\main.o
LOAD .\ARM_GCC_484\Debug\cybootloader.o
LOAD .\ARM_GCC_484\Debug\cymetadata.o
LOAD .\ARM_GCC_484\Debug\Cm0Start.o
LOAD .\ARM_GCC_484\Debug\RSVP_P4_Min.a
LOAD C:\Program Files (x86)\Cypress\PSoC Creator\3.1\PSoC Creator\psoc\content\cycomponentlibrary\CyComponentLibrary.cylib\CortexM0\ARM_GCC_484\Debug\CyComponentLibrary.a
END GROUP
START GROUP
LOAD c:/program files (x86)/cypress/psoc creator/3.1/psoc creator/import/gnu_cs/arm/4.8.4/bin/../lib/gcc/arm-none-eabi/4.8.4/armv6-m\libgcc.a
LOAD c:/program files (x86)/cypress/psoc creator/3.1/psoc creator/import/gnu_cs/arm/4.8.4/bin/../lib/gcc/arm-none-eabi/4.8.4/../../../../arm-none-eabi/lib/armv6-m\libg_s.a
LOAD c:/program files (x86)/cypress/psoc creator/3.1/psoc creator/import/gnu_cs/arm/4.8.4/bin/../lib/gcc/arm-none-eabi/4.8.4/../../../../arm-none-eabi/lib/armv6-m\libc_s.a
END GROUP
START GROUP
LOAD c:/program files (x86)/cypress/psoc creator/3.1/psoc creator/import/gnu_cs/arm/4.8.4/bin/../lib/gcc/arm-none-eabi/4.8.4/armv6-m\libgcc.a
LOAD c:/program files (x86)/cypress/psoc creator/3.1/psoc creator/import/gnu_cs/arm/4.8.4/bin/../lib/gcc/arm-none-eabi/4.8.4/../../../../arm-none-eabi/lib/armv6-m\libc_s.a
END GROUP
LOAD c:/program files (x86)/cypress/psoc creator/3.1/psoc creator/import/gnu_cs/arm/4.8.4/bin/../lib/gcc/arm-none-eabi/4.8.4/armv6-m/crtend.o
LOAD c:/program files (x86)/cypress/psoc creator/3.1/psoc creator/import/gnu_cs/arm/4.8.4/bin/../lib/gcc/arm-none-eabi/4.8.4/armv6-m/crtn.o
START GROUP
LOAD c:/program files (x86)/cypress/psoc creator/3.1/psoc creator/import/gnu_cs/arm/4.8.4/bin/../lib/gcc/arm-none-eabi/4.8.4/armv6-m\libgcc.a
LOAD c:/program files (x86)/cypress/psoc creator/3.1/psoc creator/import/gnu_cs/arm/4.8.4/bin/../lib/gcc/arm-none-eabi/4.8.4/../../../../arm-none-eabi/lib/armv6-m\libc.a
LOAD c:/program files (x86)/cypress/psoc creator/3.1/psoc creator/import/gnu_cs/arm/4.8.4/bin/../lib/gcc/arm-none-eabi/4.8.4/../../../../arm-none-eabi/lib/armv6-m\libnosys.a
END GROUP
                0x00000000                CY_APPL_ORIGIN = 0x0
                0x00000080                CY_FLASH_ROW_SIZE = 0x80
                0x00000001                CY_APPL_NUM = 0x1
                0x00000040                CY_METADATA_SIZE = 0x40
                0x20000108                PROVIDE (__cy_heap_start, _end)
                0x00000001                PROVIDE (__cy_region_num, ((__cy_regions_end - __cy_regions) / 0x10))
                0x20001000                PROVIDE (__cy_stack, (ORIGIN (ram) + 0x1000))
                0x20000c00                PROVIDE (__cy_heap_end, (__cy_stack - 0x400))

.cybootloader   0x00000000     0x1100
 *(.cybootloader)
 .cybootloader  0x00000000     0x1100 .\ARM_GCC_484\Debug\cybootloader.o
                0x00000000                cy_bootloader
                0x00001100                appl1_start = CY_APPL_ORIGIN?CY_APPL_ORIGIN:ALIGN (CY_FLASH_ROW_SIZE)
                0x00004800                appl2_start = (appl1_start + ALIGN ((((0x8000 - appl1_start) - (0x2 * CY_FLASH_ROW_SIZE)) / 0x2), CY_FLASH_ROW_SIZE))
                0x00001100                appl_start = (CY_APPL_NUM == 0x1)?appl1_start:appl2_start

.text           0x00001100      0x82c
 CREATE_OBJECT_SYMBOLS
                0x00001100                PROVIDE (__cy_interrupt_vector, RomVectors)
 *(.romvectors)
 .romvectors    0x00001100       0x10 .\ARM_GCC_484\Debug\Cm0Start.o
                0x00001100                RomVectors
                0x00000001                ASSERT ((. != __cy_interrupt_vector), No interrupt vector)
                0x00000001                ASSERT (CY_APPL_ORIGIN?(SIZEOF (.cybootloader) <= CY_APPL_ORIGIN):0x1, Wrong image location)
                0x00001110                PROVIDE (__cy_reset, Reset)
 *(.text.Reset)
 .text.Reset    0x00001110       0x14 .\ARM_GCC_484\Debug\Cm0Start.o
                0x00001110                Reset
                0x00000001                ASSERT ((. != __cy_reset), No reset code)
 *(.psocinit)
 .psocinit      0x00001124      0x280 .\ARM_GCC_484\Debug\RSVP_P4_Min.a(cyfitter_cfg.o)
                0x00001254                cyfitter_cfg
                0x000013a4                . = MAX (., 0x100)
 *(.text .text.* .gnu.linkonce.t.*)
 .text          0x000013a4       0x60 c:/program files (x86)/cypress/psoc creator/3.1/psoc creator/import/gnu_cs/arm/4.8.4/bin/../lib/gcc/arm-none-eabi/4.8.4/armv6-m/crtbegin.o
 .text.ResetISR_Handler
                0x00001404        0xc .\ARM_GCC_484\Debug\main.o
                0x00001404                ResetISR_Handler
 .text.main     0x00001410       0x3c .\ARM_GCC_484\Debug\main.o
                0x00001410                main
 .text.IntDefaultHandler
                0x0000144c        0x8 .\ARM_GCC_484\Debug\Cm0Start.o
                0x0000144c                IntDefaultHandler
 .text.Start_c  0x00001454       0x98 .\ARM_GCC_484\Debug\Cm0Start.o
                0x00001454                Start_c
 .text.initialize_psoc
                0x000014ec       0x74 .\ARM_GCC_484\Debug\Cm0Start.o
                0x000014ec                initialize_psoc
 .text.CYMEMZERO
                0x00001560       0x20 .\ARM_GCC_484\Debug\RSVP_P4_Min.a(cyfitter_cfg.o)
 .text.cfg_write_bytes32
                0x00001580       0x80 .\ARM_GCC_484\Debug\RSVP_P4_Min.a(cyfitter_cfg.o)
 .text.AnalogSetDefault
                0x00001600        0x8 .\ARM_GCC_484\Debug\RSVP_P4_Min.a(cyfitter_cfg.o)
 .text.Bootloadable_Load
                0x00001608       0x18 .\ARM_GCC_484\Debug\RSVP_P4_Min.a(Bootloadable.o)
                0x00001608                Bootloadable_Load
 .text          0x00001620       0x28 .\ARM_GCC_484\Debug\RSVP_P4_Min.a(CyBootAsmGnu.o)
                0x00001620                CyDelayCycles
                0x00001634                CyEnterCriticalSection
                0x0000163c                CyExitCriticalSection
 .text.CySoftwareReset
                0x00001648       0x20 .\ARM_GCC_484\Debug\RSVP_P4_Min.a(CyLib.o)
                0x00001648                CySoftwareReset
 .text.CyDelay  0x00001668       0x48 .\ARM_GCC_484\Debug\RSVP_P4_Min.a(CyLib.o)
                0x00001668                CyDelay
 .text.CyDelayUs
                0x000016b0       0x28 .\ARM_GCC_484\Debug\RSVP_P4_Min.a(CyLib.o)
                0x000016b0                CyDelayUs
 .text.ResetISR_StartEx
                0x000016d8       0x24 .\ARM_GCC_484\Debug\RSVP_P4_Min.a(ResetISR.o)
                0x000016d8                ResetISR_StartEx
 .text.ResetISR_SetVector
                0x000016fc       0x1c .\ARM_GCC_484\Debug\RSVP_P4_Min.a(ResetISR.o)
                0x000016fc                ResetISR_SetVector
 .text.ResetISR_SetPriority
                0x00001718       0x50 .\ARM_GCC_484\Debug\RSVP_P4_Min.a(ResetISR.o)
                0x00001718                ResetISR_SetPriority
 .text.ResetISR_Enable
                0x00001768       0x14 .\ARM_GCC_484\Debug\RSVP_P4_Min.a(ResetISR.o)
                0x00001768                ResetISR_Enable
 .text.ResetISR_Disable
                0x0000177c       0x14 .\ARM_GCC_484\Debug\RSVP_P4_Min.a(ResetISR.o)
                0x0000177c                ResetISR_Disable
 .text.ResetISR_ClearPending
                0x00001790       0x14 .\ARM_GCC_484\Debug\RSVP_P4_Min.a(ResetISR.o)
                0x00001790                ResetISR_ClearPending
 .text.ResetTimer_Init
                0x000017a4       0x3c .\ARM_GCC_484\Debug\RSVP_P4_Min.a(ResetTimer.o)
                0x000017a4                ResetTimer_Init
 .text.ResetTimer_Enable
                0x000017e0       0x30 .\ARM_GCC_484\Debug\RSVP_P4_Min.a(ResetTimer.o)
                0x000017e0                ResetTimer_Enable
 .text.ResetTimer_Start
                0x00001810       0x24 .\ARM_GCC_484\Debug\RSVP_P4_Min.a(ResetTimer.o)
                0x00001810                ResetTimer_Start
 .text.ResetTimer_WriteCounter
                0x00001834       0x1c .\ARM_GCC_484\Debug\RSVP_P4_Min.a(ResetTimer.o)
                0x00001834                ResetTimer_WriteCounter
 .text.ResetTimer_WritePeriod
                0x00001850       0x1c .\ARM_GCC_484\Debug\RSVP_P4_Min.a(ResetTimer.o)
                0x00001850                ResetTimer_WritePeriod
 .text.ResetTimer_SetInterruptMode
                0x0000186c       0x18 .\ARM_GCC_484\Debug\RSVP_P4_Min.a(ResetTimer.o)
                0x0000186c                ResetTimer_SetInterruptMode
 .text.P0_6_Write
                0x00001884       0x4c .\ARM_GCC_484\Debug\RSVP_P4_Min.a(P0_6.o)
                0x00001884                P0_6_Write
 .text.__libc_init_array
                0x000018d0       0x4c c:/program files (x86)/cypress/psoc creator/3.1/psoc creator/import/gnu_cs/arm/4.8.4/bin/../lib/gcc/arm-none-eabi/4.8.4/../../../../arm-none-eabi/lib/armv6-m\libg_s.a(lib_a-init.o)
                0x000018d0                __libc_init_array
 .text.memset   0x0000191c       0x10 c:/program files (x86)/cypress/psoc creator/3.1/psoc creator/import/gnu_cs/arm/4.8.4/bin/../lib/gcc/arm-none-eabi/4.8.4/../../../../arm-none-eabi/lib/armv6-m\libg_s.a(lib_a-memset.o)
                0x0000191c                memset
 *(.plt)
 *(.gnu.warning)
 *(.glue_7t)
 .glue_7t       0x00000000        0x0 linker stubs
 *(.glue_7)
 .glue_7        0x00000000        0x0 linker stubs
 *(.vfp11_veneer)
 .vfp11_veneer  0x00000000        0x0 linker stubs
 *(.bootloader)
 *(.ARM.extab* .gnu.linkonce.armextab.*)
 *(.gcc_except_table)

.v4_bx          0x0000192c        0x0
 .v4_bx         0x00000000        0x0 linker stubs

.iplt           0x0000192c        0x0
 .iplt          0x00000000        0x0 c:/program files (x86)/cypress/psoc creator/3.1/psoc creator/import/gnu_cs/arm/4.8.4/bin/../lib/gcc/arm-none-eabi/4.8.4/armv6-m/crtbegin.o

.eh_frame_hdr
 *(.eh_frame_hdr)

.eh_frame       0x0000192c        0x4
 *(.eh_frame)
 .eh_frame      0x0000192c        0x0 c:/program files (x86)/cypress/psoc creator/3.1/psoc creator/import/gnu_cs/arm/4.8.4/bin/../lib/gcc/arm-none-eabi/4.8.4/armv6-m/crtbegin.o
 .eh_frame      0x0000192c        0x4 c:/program files (x86)/cypress/psoc creator/3.1/psoc creator/import/gnu_cs/arm/4.8.4/bin/../lib/gcc/arm-none-eabi/4.8.4/armv6-m/crtend.o
                0x00001930                PROVIDE (__exidx_start, .)

.ARM.exidx
 *(.ARM.exidx* .gnu.linkonce.armexidx.*)
                0x00001930                __exidx_end = .

.rodata         0x00001930       0xa0
 *(.rodata .rodata.* .gnu.linkonce.r.*)
 .rodata        0x00001930       0x68 .\ARM_GCC_484\Debug\RSVP_P4_Min.a(cyfitter_cfg.o)
                0x00001998                . = ALIGN (0x4)
 *(.init)
 .init          0x00001998        0x4 c:/program files (x86)/cypress/psoc creator/3.1/psoc creator/import/gnu_cs/arm/4.8.4/bin/../lib/gcc/arm-none-eabi/4.8.4/armv6-m/crti.o
                0x00001998                _init
 .init          0x0000199c        0x8 c:/program files (x86)/cypress/psoc creator/3.1/psoc creator/import/gnu_cs/arm/4.8.4/bin/../lib/gcc/arm-none-eabi/4.8.4/armv6-m/crtn.o
                0x000019a4                . = ALIGN (0x4)
                0x000019a4                __preinit_array_start = .
 *(.preinit_array)
                0x000019a4                __preinit_array_end = .
                0x000019a4                . = ALIGN (0x4)
                0x000019a4                __init_array_start = .
 *(SORT(.init_array.*))
 *(.init_array)
 .init_array    0x000019a4        0x4 c:/program files (x86)/cypress/psoc creator/3.1/psoc creator/import/gnu_cs/arm/4.8.4/bin/../lib/gcc/arm-none-eabi/4.8.4/armv6-m/crtbegin.o
 .init_array    0x000019a8        0x4 .\ARM_GCC_484\Debug\Cm0Start.o
                0x000019ac                __init_array_end = .
                0x000019ac                . = ALIGN (0x4)
 *(.fini)
 .fini          0x000019ac        0x4 c:/program files (x86)/cypress/psoc creator/3.1/psoc creator/import/gnu_cs/arm/4.8.4/bin/../lib/gcc/arm-none-eabi/4.8.4/armv6-m/crti.o
                0x000019ac                _fini
 .fini          0x000019b0        0x8 c:/program files (x86)/cypress/psoc creator/3.1/psoc creator/import/gnu_cs/arm/4.8.4/bin/../lib/gcc/arm-none-eabi/4.8.4/armv6-m/crtn.o
                0x000019b8                . = ALIGN (0x4)
                0x000019b8                __fini_array_start = .
 *(.fini_array)
 .fini_array    0x000019b8        0x4 c:/program files (x86)/cypress/psoc creator/3.1/psoc creator/import/gnu_cs/arm/4.8.4/bin/../lib/gcc/arm-none-eabi/4.8.4/armv6-m/crtbegin.o
 *(SORT(.fini_array.*))
                0x000019bc                __fini_array_end = .
                0x000019bc                . = ALIGN (0x4)
 *crtbegin.o(.ctors)
 *(EXCLUDE_FILE(*crtend.o) .ctors)
 *(SORT(.ctors.*))
 *crtend.o(.ctors)
                0x000019bc                . = ALIGN (0x4)
 *crtbegin.o(.dtors)
 *(EXCLUDE_FILE(*crtend.o) .dtors)
 *(SORT(.dtors.*))
 *crtend.o(.dtors)
                0x000019bc                . = ALIGN (0x4)
                0x000019bc                __cy_regions = .
                0x000019bc        0x4 LONG 0x19d0 __cy_region_init_ram
                0x000019c0        0x4 LONG 0x200000d0 __cy_region_start_data
                0x000019c4        0x4 LONG 0x18 __cy_region_init_size_ram
                0x000019c8        0x4 LONG 0x20 __cy_region_zero_size_ram
                0x000019cc                __cy_regions_end = .
                0x000019d0                . = ALIGN (0x8)
 *fill*         0x000019cc        0x4 
                0x000019d0                _etext = .

.ramvectors     0x20000000       0xc0
                0x20000000                __cy_region_start_ram = .
 *(.ramvectors)
 .ramvectors    0x20000000       0xc0 .\ARM_GCC_484\Debug\Cm0Start.o
                0x20000000                CyRamVectors

.btldr_run      0x200000c0        0x4
 *(.bootloaderruntype)
 .bootloaderruntype
                0x200000c0        0x4 .\ARM_GCC_484\Debug\Cm0Start.o
                0x200000c0                cyBtldrRunType

.noinit         0x200000c8        0x4
 *(.noinit)
 .noinit        0x200000c8        0x4 .\ARM_GCC_484\Debug\Cm0Start.o

.data           0x200000d0       0x18 load address 0x000019d0
                0x200000d0                __cy_region_start_data = .
 *(.jcr)
 .jcr           0x200000d0        0x0 c:/program files (x86)/cypress/psoc creator/3.1/psoc creator/import/gnu_cs/arm/4.8.4/bin/../lib/gcc/arm-none-eabi/4.8.4/armv6-m/crtbegin.o
 .jcr           0x200000d0        0x4 c:/program files (x86)/cypress/psoc creator/3.1/psoc creator/import/gnu_cs/arm/4.8.4/bin/../lib/gcc/arm-none-eabi/4.8.4/armv6-m/crtend.o
 *(.got.plt)
 *(.got)
 *(.shdata)
 *(.data .data.* .gnu.linkonce.d.*)
 .data          0x200000d4        0x4 .\ARM_GCC_484\Debug\RSVP_P4_Min.a(cyfitter_cfg.o)
 .data          0x200000d8       0x10 .\ARM_GCC_484\Debug\RSVP_P4_Min.a(CyLib.o)
                0x200000d8                cydelayFreqHz
                0x200000dc                cydelayFreqKhz
                0x200000e0                cydelayFreqMhz
                0x200000e4                cydelay32kMs
                0x200000e8                . = ALIGN (0x8)
 *(.ram)
                0x200000e8                _edata = .

.igot.plt       0x200000e8        0x0 load address 0x000019e8
 .igot.plt      0x00000000        0x0 c:/program files (x86)/cypress/psoc creator/3.1/psoc creator/import/gnu_cs/arm/4.8.4/bin/../lib/gcc/arm-none-eabi/4.8.4/armv6-m/crtbegin.o

.bss            0x200000e8       0x20 load address 0x000019e8
                0x200000e8                PROVIDE (__bss_start__, .)
 *(.shbss)
 *(.bss .bss.* .gnu.linkonce.b.*)
 .bss           0x200000e8       0x1c c:/program files (x86)/cypress/psoc creator/3.1/psoc creator/import/gnu_cs/arm/4.8.4/bin/../lib/gcc/arm-none-eabi/4.8.4/armv6-m/crtbegin.o
 .bss           0x20000104        0x1 .\ARM_GCC_484\Debug\RSVP_P4_Min.a(ResetTimer.o)
                0x20000104                ResetTimer_initVar
 *(COMMON)
                0x20000108                . = ALIGN (0x8)
 *fill*         0x20000105        0x3 
 *(.ram.b)
                0x20000108                _end = .
                0x20000108                __end = .
                0x20000108                PROVIDE (end, .)
                0x20000108                PROVIDE (__bss_end__, .)
                0x000019d0                __cy_region_init_ram = LOADADDR (.data)
                0x00000018                __cy_region_init_size_ram = (_edata - ADDR (.data))
                0x00000020                __cy_region_zero_size_ram = (_end - _edata)

.heap           0x20000108      0x100 load address 0x000019e8
                0x20000108                . = _end
                0x20000208                . = (. + 0x100)
 *fill*         0x20000108      0x100 
                0x20000208                __cy_heap_limit = .

.stack          0x20000c00      0x400
                0x20000c00                __cy_stack_limit = .
                0x20001000                . = (. + 0x400)
 *fill*         0x20000c00      0x400 
                0x00000001                ASSERT ((__cy_stack_limit >= __cy_heap_limit), region RAM overflowed with stack)

.cyloadermeta   0xf0000000       0x40
 *(.cyloadermeta)
 .cyloadermeta  0xf0000000       0x40 .\ARM_GCC_484\Debug\cybootloader.o
                0xf0000000                cy_meta_loader

.cyloadablemeta
                0x00007fc0       0x40
 *(.cyloadablemeta)
 .cyloadablemeta
                0x00007fc0       0x40 .\ARM_GCC_484\Debug\cymetadata.o
                0x00007fc0                cy_meta_loadable

.cyflashprotect
                0x90400000       0x20
 *(.cyflashprotect)
 .cyflashprotect
                0x90400000       0x20 .\ARM_GCC_484\Debug\cybootloader.o
                0x90400000                cy_meta_flashprotect

.cymeta         0x90500000        0xc
 *(.cymeta)
 .cymeta        0x90500000        0xc .\ARM_GCC_484\Debug\cybootloader.o
                0x90500000                cy_metadata

.cychipprotect  0x90600000        0x4
 *(.cychipprotect)
 .cychipprotect
                0x90600000        0x4 .\ARM_GCC_484\Debug\cybootloader.o
                0x90600000                cy_meta_chipprotect

.rel.dyn        0x00008000        0x0 load address 0x90600004
 .rel.iplt      0x00000000        0x0 c:/program files (x86)/cypress/psoc creator/3.1/psoc creator/import/gnu_cs/arm/4.8.4/bin/../lib/gcc/arm-none-eabi/4.8.4/armv6-m/crtbegin.o

.stab
 *(.stab)

.stabstr
 *(.stabstr)

.debug
 *(.debug)

.line
 *(.line)

.debug_srcinfo
 *(.debug_srcinfo)

.debug_sfnames
 *(.debug_sfnames)

.debug_aranges  0x00000000      0x5c0
 *(.debug_aranges)
 .debug_aranges
                0x00000000       0x28 .\ARM_GCC_484\Debug\main.o
 .debug_aranges
                0x00000028       0x18 .\ARM_GCC_484\Debug\cybootloader.o
 .debug_aranges
                0x00000040       0x18 .\ARM_GCC_484\Debug\cymetadata.o
 .debug_aranges
                0x00000058       0x48 .\ARM_GCC_484\Debug\Cm0Start.o
 .debug_aranges
                0x000000a0       0x58 .\ARM_GCC_484\Debug\RSVP_P4_Min.a(cyfitter_cfg.o)
 .debug_aranges
                0x000000f8       0x28 .\ARM_GCC_484\Debug\RSVP_P4_Min.a(Bootloadable.o)
 .debug_aranges
                0x00000120       0x20 .\ARM_GCC_484\Debug\RSVP_P4_Min.a(CyBootAsmGnu.o)
 .debug_aranges
                0x00000140       0x38 .\ARM_GCC_484\Debug\RSVP_P4_Min.a(CyFlash.o)
 .debug_aranges
                0x00000178      0x230 .\ARM_GCC_484\Debug\RSVP_P4_Min.a(CyLib.o)
 .debug_aranges
                0x000003a8       0x80 .\ARM_GCC_484\Debug\RSVP_P4_Min.a(ResetISR.o)
 .debug_aranges
                0x00000428      0x158 .\ARM_GCC_484\Debug\RSVP_P4_Min.a(ResetTimer.o)
 .debug_aranges
                0x00000580       0x40 .\ARM_GCC_484\Debug\RSVP_P4_Min.a(P0_6.o)

.debug_pubnames
 *(.debug_pubnames)

.debug_info     0x00000000     0x254f
 *(.debug_info .gnu.linkonce.wi.*)
 .debug_info    0x00000000       0xae .\ARM_GCC_484\Debug\main.o
 .debug_info    0x000000ae      0x14d .\ARM_GCC_484\Debug\cybootloader.o
 .debug_info    0x000001fb       0xb1 .\ARM_GCC_484\Debug\cymetadata.o
 .debug_info    0x000002ac      0x310 .\ARM_GCC_484\Debug\Cm0Start.o
 .debug_info    0x000005bc      0x442 .\ARM_GCC_484\Debug\RSVP_P4_Min.a(cyfitter_cfg.o)
 .debug_info    0x000009fe      0x155 .\ARM_GCC_484\Debug\RSVP_P4_Min.a(Bootloadable.o)
 .debug_info    0x00000b53       0x89 .\ARM_GCC_484\Debug\RSVP_P4_Min.a(CyBootAsmGnu.o)
 .debug_info    0x00000bdc      0x29b .\ARM_GCC_484\Debug\RSVP_P4_Min.a(CyFlash.o)
 .debug_info    0x00000e77      0xc5b .\ARM_GCC_484\Debug\RSVP_P4_Min.a(CyLib.o)
 .debug_info    0x00001ad2      0x241 .\ARM_GCC_484\Debug\RSVP_P4_Min.a(ResetISR.o)
 .debug_info    0x00001d13      0x6f0 .\ARM_GCC_484\Debug\RSVP_P4_Min.a(ResetTimer.o)
 .debug_info    0x00002403      0x14c .\ARM_GCC_484\Debug\RSVP_P4_Min.a(P0_6.o)

.debug_abbrev   0x00000000      0xba0
 *(.debug_abbrev)
 .debug_abbrev  0x00000000       0x5a .\ARM_GCC_484\Debug\main.o
 .debug_abbrev  0x0000005a       0x77 .\ARM_GCC_484\Debug\cybootloader.o
 .debug_abbrev  0x000000d1       0x5d .\ARM_GCC_484\Debug\cymetadata.o
 .debug_abbrev  0x0000012e      0x1c5 .\ARM_GCC_484\Debug\Cm0Start.o
 .debug_abbrev  0x000002f3      0x18a .\ARM_GCC_484\Debug\RSVP_P4_Min.a(cyfitter_cfg.o)
 .debug_abbrev  0x0000047d       0xc0 .\ARM_GCC_484\Debug\RSVP_P4_Min.a(Bootloadable.o)
 .debug_abbrev  0x0000053d       0x14 .\ARM_GCC_484\Debug\RSVP_P4_Min.a(CyBootAsmGnu.o)
 .debug_abbrev  0x00000551      0x120 .\ARM_GCC_484\Debug\RSVP_P4_Min.a(CyFlash.o)
 .debug_abbrev  0x00000671      0x207 .\ARM_GCC_484\Debug\RSVP_P4_Min.a(CyLib.o)
 .debug_abbrev  0x00000878      0x168 .\ARM_GCC_484\Debug\RSVP_P4_Min.a(ResetISR.o)
 .debug_abbrev  0x000009e0      0x109 .\ARM_GCC_484\Debug\RSVP_P4_Min.a(ResetTimer.o)
 .debug_abbrev  0x00000ae9       0xb7 .\ARM_GCC_484\Debug\RSVP_P4_Min.a(P0_6.o)

.debug_line     0x00000000     0x136b
 *(.debug_line)
 .debug_line    0x00000000       0x64 .\ARM_GCC_484\Debug\main.o
 .debug_line    0x00000064       0x55 .\ARM_GCC_484\Debug\cybootloader.o
 .debug_line    0x000000b9       0x53 .\ARM_GCC_484\Debug\cymetadata.o
 .debug_line    0x0000010c      0x1bc .\ARM_GCC_484\Debug\Cm0Start.o
 .debug_line    0x000002c8      0x1ab .\ARM_GCC_484\Debug\RSVP_P4_Min.a(cyfitter_cfg.o)
 .debug_line    0x00000473       0xa2 .\ARM_GCC_484\Debug\RSVP_P4_Min.a(Bootloadable.o)
 .debug_line    0x00000515       0x69 .\ARM_GCC_484\Debug\RSVP_P4_Min.a(CyBootAsmGnu.o)
 .debug_line    0x0000057e      0x177 .\ARM_GCC_484\Debug\RSVP_P4_Min.a(CyFlash.o)
 .debug_line    0x000006f5      0x703 .\ARM_GCC_484\Debug\RSVP_P4_Min.a(CyLib.o)
 .debug_line    0x00000df8      0x157 .\ARM_GCC_484\Debug\RSVP_P4_Min.a(ResetISR.o)
 .debug_line    0x00000f4f      0x372 .\ARM_GCC_484\Debug\RSVP_P4_Min.a(ResetTimer.o)
 .debug_line    0x000012c1       0xaa .\ARM_GCC_484\Debug\RSVP_P4_Min.a(P0_6.o)

.debug_frame    0x00000000     0x1398
 *(.debug_frame)
 .debug_frame   0x00000000       0x48 .\ARM_GCC_484\Debug\main.o
 .debug_frame   0x00000048       0xc8 .\ARM_GCC_484\Debug\Cm0Start.o
 .debug_frame   0x00000110      0x108 .\ARM_GCC_484\Debug\RSVP_P4_Min.a(cyfitter_cfg.o)
 .debug_frame   0x00000218       0x4c .\ARM_GCC_484\Debug\RSVP_P4_Min.a(Bootloadable.o)
 .debug_frame   0x00000264       0x98 .\ARM_GCC_484\Debug\RSVP_P4_Min.a(CyFlash.o)
 .debug_frame   0x000002fc      0x83c .\ARM_GCC_484\Debug\RSVP_P4_Min.a(CyLib.o)
 .debug_frame   0x00000b38      0x190 .\ARM_GCC_484\Debug\RSVP_P4_Min.a(ResetISR.o)
 .debug_frame   0x00000cc8      0x52c .\ARM_GCC_484\Debug\RSVP_P4_Min.a(ResetTimer.o)
 .debug_frame   0x000011f4       0xa8 .\ARM_GCC_484\Debug\RSVP_P4_Min.a(P0_6.o)
 .debug_frame   0x0000129c       0x20 c:/program files (x86)/cypress/psoc creator/3.1/psoc creator/import/gnu_cs/arm/4.8.4/bin/../lib/gcc/arm-none-eabi/4.8.4/armv6-m\libgcc.a(_udivsi3.o)
 .debug_frame   0x000012bc       0x20 c:/program files (x86)/cypress/psoc creator/3.1/psoc creator/import/gnu_cs/arm/4.8.4/bin/../lib/gcc/arm-none-eabi/4.8.4/armv6-m\libgcc.a(_divsi3.o)
 .debug_frame   0x000012dc       0x20 c:/program files (x86)/cypress/psoc creator/3.1/psoc creator/import/gnu_cs/arm/4.8.4/bin/../lib/gcc/arm-none-eabi/4.8.4/../../../../arm-none-eabi/lib/armv6-m\libg_s.a(lib_a-errno.o)
 .debug_frame   0x000012fc       0x28 c:/program files (x86)/cypress/psoc creator/3.1/psoc creator/import/gnu_cs/arm/4.8.4/bin/../lib/gcc/arm-none-eabi/4.8.4/../../../../arm-none-eabi/lib/armv6-m\libg_s.a(lib_a-exit.o)
 .debug_frame   0x00001324       0x2c c:/program files (x86)/cypress/psoc creator/3.1/psoc creator/import/gnu_cs/arm/4.8.4/bin/../lib/gcc/arm-none-eabi/4.8.4/../../../../arm-none-eabi/lib/armv6-m\libg_s.a(lib_a-init.o)
 .debug_frame   0x00001350       0x28 c:/program files (x86)/cypress/psoc creator/3.1/psoc creator/import/gnu_cs/arm/4.8.4/bin/../lib/gcc/arm-none-eabi/4.8.4/../../../../arm-none-eabi/lib/armv6-m\libg_s.a(lib_a-memcpy-stub.o)
 .debug_frame   0x00001378       0x20 c:/program files (x86)/cypress/psoc creator/3.1/psoc creator/import/gnu_cs/arm/4.8.4/bin/../lib/gcc/arm-none-eabi/4.8.4/../../../../arm-none-eabi/lib/armv6-m\libg_s.a(lib_a-memset.o)

.debug_str      0x00000000     0x1407
 *(.debug_str)
 .debug_str     0x00000000      0x13a .\ARM_GCC_484\Debug\main.o
                                0x173 (size before relaxing)
 .debug_str     0x0000013a       0x80 .\ARM_GCC_484\Debug\cybootloader.o
                                0x1d4 (size before relaxing)
 .debug_str     0x000001ba       0x37 .\ARM_GCC_484\Debug\cymetadata.o
                                0x191 (size before relaxing)
 .debug_str     0x000001f1      0x144 .\ARM_GCC_484\Debug\Cm0Start.o
                                0x2b2 (size before relaxing)
 .debug_str     0x00000335      0x1a0 .\ARM_GCC_484\Debug\RSVP_P4_Min.a(cyfitter_cfg.o)
                                0x33d (size before relaxing)
 .debug_str     0x000004d5       0x73 .\ARM_GCC_484\Debug\RSVP_P4_Min.a(Bootloadable.o)
                                0x1fb (size before relaxing)
 .debug_str     0x00000548      0x157 .\ARM_GCC_484\Debug\RSVP_P4_Min.a(CyFlash.o)
                                0x2d9 (size before relaxing)
 .debug_str     0x0000069f      0x70e .\ARM_GCC_484\Debug\RSVP_P4_Min.a(CyLib.o)
                                0x8bc (size before relaxing)
 .debug_str     0x00000dad      0x121 .\ARM_GCC_484\Debug\RSVP_P4_Min.a(ResetISR.o)
                                0x2c2 (size before relaxing)
 .debug_str     0x00000ece      0x4ba .\ARM_GCC_484\Debug\RSVP_P4_Min.a(ResetTimer.o)
                                0x631 (size before relaxing)
 .debug_str     0x00001388       0x7f .\ARM_GCC_484\Debug\RSVP_P4_Min.a(P0_6.o)
                                0x1e8 (size before relaxing)

.debug_loc
 *(.debug_loc)

.debug_macinfo
 *(.debug_macinfo)

.debug_ranges   0x00000000      0x4e0
 *(.debug_ranges)
 .debug_ranges  0x00000000       0x18 .\ARM_GCC_484\Debug\main.o
 .debug_ranges  0x00000018       0x38 .\ARM_GCC_484\Debug\Cm0Start.o
 .debug_ranges  0x00000050       0x48 .\ARM_GCC_484\Debug\RSVP_P4_Min.a(cyfitter_cfg.o)
 .debug_ranges  0x00000098       0x18 .\ARM_GCC_484\Debug\RSVP_P4_Min.a(Bootloadable.o)
 .debug_ranges  0x000000b0       0x28 .\ARM_GCC_484\Debug\RSVP_P4_Min.a(CyFlash.o)
 .debug_ranges  0x000000d8      0x220 .\ARM_GCC_484\Debug\RSVP_P4_Min.a(CyLib.o)
 .debug_ranges  0x000002f8       0x70 .\ARM_GCC_484\Debug\RSVP_P4_Min.a(ResetISR.o)
 .debug_ranges  0x00000368      0x148 .\ARM_GCC_484\Debug\RSVP_P4_Min.a(ResetTimer.o)
 .debug_ranges  0x000004b0       0x30 .\ARM_GCC_484\Debug\RSVP_P4_Min.a(P0_6.o)

.comment        0x00000000       0x70
 .comment       0x00000000       0x70 .\ARM_GCC_484\Debug\main.o
                                 0x71 (size before relaxing)
 .comment       0x00000000       0x71 .\ARM_GCC_484\Debug\cybootloader.o
 .comment       0x00000000       0x71 .\ARM_GCC_484\Debug\cymetadata.o
 .comment       0x00000000       0x71 .\ARM_GCC_484\Debug\Cm0Start.o
 .comment       0x00000000       0x71 .\ARM_GCC_484\Debug\RSVP_P4_Min.a(cyfitter_cfg.o)
 .comment       0x00000000       0x71 .\ARM_GCC_484\Debug\RSVP_P4_Min.a(Bootloadable.o)
 .comment       0x00000000       0x71 .\ARM_GCC_484\Debug\RSVP_P4_Min.a(CyFlash.o)
 .comment       0x00000000       0x71 .\ARM_GCC_484\Debug\RSVP_P4_Min.a(CyLib.o)
 .comment       0x00000000       0x71 .\ARM_GCC_484\Debug\RSVP_P4_Min.a(ResetISR.o)
 .comment       0x00000000       0x71 .\ARM_GCC_484\Debug\RSVP_P4_Min.a(ResetTimer.o)
 .comment       0x00000000       0x71 .\ARM_GCC_484\Debug\RSVP_P4_Min.a(P0_6.o)

.debug_weaknames
 *(.debug_weaknames)

.debug_funcnames
 *(.debug_funcnames)

.debug_typenames
 *(.debug_typenames)

.debug_varnames
 *(.debug_varnames)

.note.gnu.arm.ident
 *(.note.gnu.arm.ident)

.ARM.attributes
                0x00000000       0x28
 *(.ARM.attributes)
 .ARM.attributes
                0x00000000       0x1e c:/program files (x86)/cypress/psoc creator/3.1/psoc creator/import/gnu_cs/arm/4.8.4/bin/../lib/gcc/arm-none-eabi/4.8.4/armv6-m/crti.o
 .ARM.attributes
                0x0000001e       0x2c c:/program files (x86)/cypress/psoc creator/3.1/psoc creator/import/gnu_cs/arm/4.8.4/bin/../lib/gcc/arm-none-eabi/4.8.4/armv6-m/crtbegin.o
 .ARM.attributes
                0x0000004a       0x1b c:/program files (x86)/cypress/psoc creator/3.1/psoc creator/import/gnu_cs/arm/4.8.4/bin/../lib/gcc/arm-none-eabi/4.8.4/../../../../arm-none-eabi/lib/armv6-m/crt0.o
 .ARM.attributes
                0x00000065       0x31 .\ARM_GCC_484\Debug\main.o
 .ARM.attributes
                0x00000096       0x31 .\ARM_GCC_484\Debug\cybootloader.o
 .ARM.attributes
                0x000000c7       0x31 .\ARM_GCC_484\Debug\cymetadata.o
 .ARM.attributes
                0x000000f8       0x31 .\ARM_GCC_484\Debug\Cm0Start.o
 .ARM.attributes
                0x00000129       0x31 .\ARM_GCC_484\Debug\RSVP_P4_Min.a(cyfitter_cfg.o)
 .ARM.attributes
                0x0000015a       0x31 .\ARM_GCC_484\Debug\RSVP_P4_Min.a(Bootloadable.o)
 .ARM.attributes
                0x0000018b       0x21 .\ARM_GCC_484\Debug\RSVP_P4_Min.a(CyBootAsmGnu.o)
 .ARM.attributes
                0x000001ac       0x31 .\ARM_GCC_484\Debug\RSVP_P4_Min.a(CyFlash.o)
 .ARM.attributes
                0x000001dd       0x31 .\ARM_GCC_484\Debug\RSVP_P4_Min.a(CyLib.o)
 .ARM.attributes
                0x0000020e       0x31 .\ARM_GCC_484\Debug\RSVP_P4_Min.a(ResetISR.o)
 .ARM.attributes
                0x0000023f       0x31 .\ARM_GCC_484\Debug\RSVP_P4_Min.a(ResetTimer.o)
 .ARM.attributes
                0x00000270       0x31 .\ARM_GCC_484\Debug\RSVP_P4_Min.a(P0_6.o)
 .ARM.attributes
                0x000002a1       0x1e c:/program files (x86)/cypress/psoc creator/3.1/psoc creator/import/gnu_cs/arm/4.8.4/bin/../lib/gcc/arm-none-eabi/4.8.4/armv6-m\libgcc.a(_udivsi3.o)
 .ARM.attributes
                0x000002bf       0x1e c:/program files (x86)/cypress/psoc creator/3.1/psoc creator/import/gnu_cs/arm/4.8.4/bin/../lib/gcc/arm-none-eabi/4.8.4/armv6-m\libgcc.a(_divsi3.o)
 .ARM.attributes
                0x000002dd       0x1e c:/program files (x86)/cypress/psoc creator/3.1/psoc creator/import/gnu_cs/arm/4.8.4/bin/../lib/gcc/arm-none-eabi/4.8.4/armv6-m\libgcc.a(_dvmd_tls.o)
 .ARM.attributes
                0x000002fb       0x2c c:/program files (x86)/cypress/psoc creator/3.1/psoc creator/import/gnu_cs/arm/4.8.4/bin/../lib/gcc/arm-none-eabi/4.8.4/../../../../arm-none-eabi/lib/armv6-m\libg_s.a(lib_a-errno.o)
 .ARM.attributes
                0x00000327       0x2c c:/program files (x86)/cypress/psoc creator/3.1/psoc creator/import/gnu_cs/arm/4.8.4/bin/../lib/gcc/arm-none-eabi/4.8.4/../../../../arm-none-eabi/lib/armv6-m\libg_s.a(lib_a-exit.o)
 .ARM.attributes
                0x00000353       0x2c c:/program files (x86)/cypress/psoc creator/3.1/psoc creator/import/gnu_cs/arm/4.8.4/bin/../lib/gcc/arm-none-eabi/4.8.4/../../../../arm-none-eabi/lib/armv6-m\libg_s.a(lib_a-impure.o)
 .ARM.attributes
                0x0000037f       0x2c c:/program files (x86)/cypress/psoc creator/3.1/psoc creator/import/gnu_cs/arm/4.8.4/bin/../lib/gcc/arm-none-eabi/4.8.4/../../../../arm-none-eabi/lib/armv6-m\libg_s.a(lib_a-init.o)
 .ARM.attributes
                0x000003ab       0x2c c:/program files (x86)/cypress/psoc creator/3.1/psoc creator/import/gnu_cs/arm/4.8.4/bin/../lib/gcc/arm-none-eabi/4.8.4/../../../../arm-none-eabi/lib/armv6-m\libg_s.a(lib_a-memcpy-stub.o)
 .ARM.attributes
                0x000003d7       0x2c c:/program files (x86)/cypress/psoc creator/3.1/psoc creator/import/gnu_cs/arm/4.8.4/bin/../lib/gcc/arm-none-eabi/4.8.4/../../../../arm-none-eabi/lib/armv6-m\libg_s.a(lib_a-memset.o)
 .ARM.attributes
                0x00000403       0x2c c:/program files (x86)/cypress/psoc creator/3.1/psoc creator/import/gnu_cs/arm/4.8.4/bin/../lib/gcc/arm-none-eabi/4.8.4/armv6-m/crtend.o
 .ARM.attributes
                0x0000042f       0x1e c:/program files (x86)/cypress/psoc creator/3.1/psoc creator/import/gnu_cs/arm/4.8.4/bin/../lib/gcc/arm-none-eabi/4.8.4/armv6-m/crtn.o

/DISCARD/
 *(.note.GNU-stack)
OUTPUT(.\ARM_GCC_484\Debug\RSVP_P4_Min.elf elf32-littlearm)
