Archive member included because of file (symbol)

.\ARM_GCC_484\Debug\LAB_TWO.a(cyfitter_cfg.o)
                              .\ARM_GCC_484\Debug\Cm0Start.o (cyfitter_cfg)
.\ARM_GCC_484\Debug\LAB_TWO.a(Bootloadable.o)
                              .\ARM_GCC_484\Debug\main.o (Bootloadable_Load)
.\ARM_GCC_484\Debug\LAB_TWO.a(CyFlash.o)
                              .\ARM_GCC_484\Debug\LAB_TWO.a(Bootloadable.o) (CySysFlashWriteRow)
.\ARM_GCC_484\Debug\LAB_TWO.a(CyLib.o)
                              .\ARM_GCC_484\Debug\LAB_TWO.a(cyfitter_cfg.o) (CySysClkWriteImoFreq)
.\ARM_GCC_484\Debug\LAB_TWO.a(TIMER_1_IRQ.o)
                              .\ARM_GCC_484\Debug\main.o (TIMER_1_IRQ_StartEx)
.\ARM_GCC_484\Debug\LAB_TWO.a(TIMER_1.o)
                              .\ARM_GCC_484\Debug\main.o (TIMER_1_Start)
.\ARM_GCC_484\Debug\LAB_TWO.a(PWM_1.o)
                              .\ARM_GCC_484\Debug\main.o (PWM_1_Start)
.\ARM_GCC_484\Debug\LAB_TWO.a(PWM_2.o)
                              .\ARM_GCC_484\Debug\main.o (PWM_2_Start)
.\ARM_GCC_484\Debug\LAB_TWO.a(CyBootAsmGnu.o)
                              .\ARM_GCC_484\Debug\LAB_TWO.a(CyLib.o) (CyDelayCycles)
c:/program files (x86)/cypress/psoc creator/3.2/psoc creator/import/gnu/arm/4.8.4/bin/../lib/gcc/arm-none-eabi/4.8.4/armv6-m\libgcc.a(_udivsi3.o)
                              .\ARM_GCC_484\Debug\LAB_TWO.a(CyLib.o) (__aeabi_uidiv)
c:/program files (x86)/cypress/psoc creator/3.2/psoc creator/import/gnu/arm/4.8.4/bin/../lib/gcc/arm-none-eabi/4.8.4/armv6-m\libgcc.a(_dvmd_tls.o)
                              c:/program files (x86)/cypress/psoc creator/3.2/psoc creator/import/gnu/arm/4.8.4/bin/../lib/gcc/arm-none-eabi/4.8.4/armv6-m\libgcc.a(_udivsi3.o) (__aeabi_idiv0)
c:/program files (x86)/cypress/psoc creator/3.2/psoc creator/import/gnu/arm/4.8.4/bin/../lib/gcc/arm-none-eabi/4.8.4/../../../../arm-none-eabi/lib/armv6-m\libg_s.a(lib_a-errno.o)
                              .\ARM_GCC_484\Debug\Cm0Start.o (__errno)
c:/program files (x86)/cypress/psoc creator/3.2/psoc creator/import/gnu/arm/4.8.4/bin/../lib/gcc/arm-none-eabi/4.8.4/../../../../arm-none-eabi/lib/armv6-m\libg_s.a(lib_a-exit.o)
                              c:/program files (x86)/cypress/psoc creator/3.2/psoc creator/import/gnu/arm/4.8.4/bin/../lib/gcc/arm-none-eabi/4.8.4/../../../../arm-none-eabi/lib/armv6-m/crt0.o (exit)
c:/program files (x86)/cypress/psoc creator/3.2/psoc creator/import/gnu/arm/4.8.4/bin/../lib/gcc/arm-none-eabi/4.8.4/../../../../arm-none-eabi/lib/armv6-m\libg_s.a(lib_a-impure.o)
                              c:/program files (x86)/cypress/psoc creator/3.2/psoc creator/import/gnu/arm/4.8.4/bin/../lib/gcc/arm-none-eabi/4.8.4/../../../../arm-none-eabi/lib/armv6-m\libg_s.a(lib_a-exit.o) (_global_impure_ptr)
c:/program files (x86)/cypress/psoc creator/3.2/psoc creator/import/gnu/arm/4.8.4/bin/../lib/gcc/arm-none-eabi/4.8.4/../../../../arm-none-eabi/lib/armv6-m\libg_s.a(lib_a-init.o)
                              c:/program files (x86)/cypress/psoc creator/3.2/psoc creator/import/gnu/arm/4.8.4/bin/../lib/gcc/arm-none-eabi/4.8.4/../../../../arm-none-eabi/lib/armv6-m/crt0.o (__libc_init_array)
c:/program files (x86)/cypress/psoc creator/3.2/psoc creator/import/gnu/arm/4.8.4/bin/../lib/gcc/arm-none-eabi/4.8.4/../../../../arm-none-eabi/lib/armv6-m\libg_s.a(lib_a-memcpy-stub.o)
                              .\ARM_GCC_484\Debug\LAB_TWO.a(cyfitter_cfg.o) (memcpy)
c:/program files (x86)/cypress/psoc creator/3.2/psoc creator/import/gnu/arm/4.8.4/bin/../lib/gcc/arm-none-eabi/4.8.4/../../../../arm-none-eabi/lib/armv6-m\libg_s.a(lib_a-memset.o)
                              c:/program files (x86)/cypress/psoc creator/3.2/psoc creator/import/gnu/arm/4.8.4/bin/../lib/gcc/arm-none-eabi/4.8.4/../../../../arm-none-eabi/lib/armv6-m/crt0.o (memset)

Discarded input sections

 .text          0x00000000        0x0 c:/program files (x86)/cypress/psoc creator/3.2/psoc creator/import/gnu/arm/4.8.4/bin/../lib/gcc/arm-none-eabi/4.8.4/armv6-m/crti.o
 .data          0x00000000        0x0 c:/program files (x86)/cypress/psoc creator/3.2/psoc creator/import/gnu/arm/4.8.4/bin/../lib/gcc/arm-none-eabi/4.8.4/armv6-m/crti.o
 .bss           0x00000000        0x0 c:/program files (x86)/cypress/psoc creator/3.2/psoc creator/import/gnu/arm/4.8.4/bin/../lib/gcc/arm-none-eabi/4.8.4/armv6-m/crti.o
 .data          0x00000000        0x4 c:/program files (x86)/cypress/psoc creator/3.2/psoc creator/import/gnu/arm/4.8.4/bin/../lib/gcc/arm-none-eabi/4.8.4/armv6-m/crtbegin.o
 .text          0x00000000       0x78 c:/program files (x86)/cypress/psoc creator/3.2/psoc creator/import/gnu/arm/4.8.4/bin/../lib/gcc/arm-none-eabi/4.8.4/../../../../arm-none-eabi/lib/armv6-m/crt0.o
 .data          0x00000000        0x0 c:/program files (x86)/cypress/psoc creator/3.2/psoc creator/import/gnu/arm/4.8.4/bin/../lib/gcc/arm-none-eabi/4.8.4/../../../../arm-none-eabi/lib/armv6-m/crt0.o
 .bss           0x00000000        0x0 c:/program files (x86)/cypress/psoc creator/3.2/psoc creator/import/gnu/arm/4.8.4/bin/../lib/gcc/arm-none-eabi/4.8.4/../../../../arm-none-eabi/lib/armv6-m/crt0.o
 .ARM.extab     0x00000000        0x0 c:/program files (x86)/cypress/psoc creator/3.2/psoc creator/import/gnu/arm/4.8.4/bin/../lib/gcc/arm-none-eabi/4.8.4/../../../../arm-none-eabi/lib/armv6-m/crt0.o
 .ARM.exidx     0x00000000        0x8 c:/program files (x86)/cypress/psoc creator/3.2/psoc creator/import/gnu/arm/4.8.4/bin/../lib/gcc/arm-none-eabi/4.8.4/../../../../arm-none-eabi/lib/armv6-m/crt0.o
 .text          0x00000000        0x0 .\ARM_GCC_484\Debug\main.o
 .data          0x00000000        0x0 .\ARM_GCC_484\Debug\main.o
 .bss           0x00000000        0x0 .\ARM_GCC_484\Debug\main.o
 .text          0x00000000        0x0 .\ARM_GCC_484\Debug\cybootloader.o
 .data          0x00000000        0x0 .\ARM_GCC_484\Debug\cybootloader.o
 .bss           0x00000000        0x0 .\ARM_GCC_484\Debug\cybootloader.o
 .text          0x00000000        0x0 .\ARM_GCC_484\Debug\cymetadata.o
 .data          0x00000000        0x0 .\ARM_GCC_484\Debug\cymetadata.o
 .bss           0x00000000        0x0 .\ARM_GCC_484\Debug\cymetadata.o
 .text          0x00000000        0x0 .\ARM_GCC_484\Debug\Cm0Start.o
 .data          0x00000000        0x4 .\ARM_GCC_484\Debug\Cm0Start.o
 .bss           0x00000000        0x0 .\ARM_GCC_484\Debug\Cm0Start.o
 .text._exit    0x00000000       0x14 .\ARM_GCC_484\Debug\Cm0Start.o
 .text._sbrk    0x00000000       0x54 .\ARM_GCC_484\Debug\Cm0Start.o
 .text          0x00000000        0x0 .\ARM_GCC_484\Debug\LAB_TWO.a(cyfitter_cfg.o)
 .data          0x00000000        0x0 .\ARM_GCC_484\Debug\LAB_TWO.a(cyfitter_cfg.o)
 .bss           0x00000000        0x0 .\ARM_GCC_484\Debug\LAB_TWO.a(cyfitter_cfg.o)
 .text.CYCONFIGCPY
                0x00000000       0x24 .\ARM_GCC_484\Debug\LAB_TWO.a(cyfitter_cfg.o)
 .text.CYCONFIGCPYCODE
                0x00000000       0x24 .\ARM_GCC_484\Debug\LAB_TWO.a(cyfitter_cfg.o)
 .text          0x00000000        0x0 .\ARM_GCC_484\Debug\LAB_TWO.a(Bootloadable.o)
 .data          0x00000000        0x0 .\ARM_GCC_484\Debug\LAB_TWO.a(Bootloadable.o)
 .bss           0x00000000        0x0 .\ARM_GCC_484\Debug\LAB_TWO.a(Bootloadable.o)
 .text.Bootloadable_SetFlashByte
                0x00000000       0x98 .\ARM_GCC_484\Debug\LAB_TWO.a(Bootloadable.o)
 .text          0x00000000        0x0 .\ARM_GCC_484\Debug\LAB_TWO.a(CyFlash.o)
 .data          0x00000000        0x0 .\ARM_GCC_484\Debug\LAB_TWO.a(CyFlash.o)
 .bss           0x00000000        0x4 .\ARM_GCC_484\Debug\LAB_TWO.a(CyFlash.o)
 .text.CySysFlashWriteRow
                0x00000000      0x308 .\ARM_GCC_484\Debug\LAB_TWO.a(CyFlash.o)
 .text.CySysFlashSetWaitCycles
                0x00000000       0x50 .\ARM_GCC_484\Debug\LAB_TWO.a(CyFlash.o)
 .text.CySysFlashClockBackup
                0x00000000       0x24 .\ARM_GCC_484\Debug\LAB_TWO.a(CyFlash.o)
 .text.CySysFlashClockRestore
                0x00000000       0x24 .\ARM_GCC_484\Debug\LAB_TWO.a(CyFlash.o)
 .text          0x00000000        0x0 .\ARM_GCC_484\Debug\LAB_TWO.a(CyLib.o)
 .bss           0x00000000       0x18 .\ARM_GCC_484\Debug\LAB_TWO.a(CyLib.o)
 .text.CySysClkImoStart
                0x00000000       0x1c .\ARM_GCC_484\Debug\LAB_TWO.a(CyLib.o)
 .text.CySysClkImoStop
                0x00000000       0x18 .\ARM_GCC_484\Debug\LAB_TWO.a(CyLib.o)
 .text.CySysClkWriteHfclkDirect
                0x00000000       0x44 .\ARM_GCC_484\Debug\LAB_TWO.a(CyLib.o)
 .text.CySysClkWriteSysclkDiv
                0x00000000       0x44 .\ARM_GCC_484\Debug\LAB_TWO.a(CyLib.o)
 .text.CySysLvdEnable
                0x00000000       0x64 .\ARM_GCC_484\Debug\LAB_TWO.a(CyLib.o)
 .text.CySysLvdDisable
                0x00000000       0x28 .\ARM_GCC_484\Debug\LAB_TWO.a(CyLib.o)
 .text.CySysLvdGetInterruptSource
                0x00000000       0x18 .\ARM_GCC_484\Debug\LAB_TWO.a(CyLib.o)
 .text.CySysLvdClearInterrupt
                0x00000000       0x14 .\ARM_GCC_484\Debug\LAB_TWO.a(CyLib.o)
 .text.CySysGetResetReason
                0x00000000       0x30 .\ARM_GCC_484\Debug\LAB_TWO.a(CyLib.o)
 .text.CyDisableInts
                0x00000000       0x24 .\ARM_GCC_484\Debug\LAB_TWO.a(CyLib.o)
 .text.CyEnableInts
                0x00000000       0x18 .\ARM_GCC_484\Debug\LAB_TWO.a(CyLib.o)
 .text.CyIntSetSysVector
                0x00000000       0x48 .\ARM_GCC_484\Debug\LAB_TWO.a(CyLib.o)
 .text.CyIntGetSysVector
                0x00000000       0x34 .\ARM_GCC_484\Debug\LAB_TWO.a(CyLib.o)
 .text.CyIntSetVector
                0x00000000       0x4c .\ARM_GCC_484\Debug\LAB_TWO.a(CyLib.o)
 .text.CyIntGetVector
                0x00000000       0x38 .\ARM_GCC_484\Debug\LAB_TWO.a(CyLib.o)
 .text.CyIntSetPriority
                0x00000000       0xa8 .\ARM_GCC_484\Debug\LAB_TWO.a(CyLib.o)
 .text.CyIntGetPriority
                0x00000000       0x58 .\ARM_GCC_484\Debug\LAB_TWO.a(CyLib.o)
 .text.CyIntEnable
                0x00000000       0x2c .\ARM_GCC_484\Debug\LAB_TWO.a(CyLib.o)
 .text.CyIntGetState
                0x00000000       0x34 .\ARM_GCC_484\Debug\LAB_TWO.a(CyLib.o)
 .text.CyIntDisable
                0x00000000       0x2c .\ARM_GCC_484\Debug\LAB_TWO.a(CyLib.o)
 .text.CyIntSetPending
                0x00000000       0x2c .\ARM_GCC_484\Debug\LAB_TWO.a(CyLib.o)
 .text.CyIntClearPending
                0x00000000       0x2c .\ARM_GCC_484\Debug\LAB_TWO.a(CyLib.o)
 .text.CyDelay  0x00000000       0x48 .\ARM_GCC_484\Debug\LAB_TWO.a(CyLib.o)
 .text.CyDelayFreq
                0x00000000       0x80 .\ARM_GCC_484\Debug\LAB_TWO.a(CyLib.o)
 .text.CySysTickStart
                0x00000000       0x24 .\ARM_GCC_484\Debug\LAB_TWO.a(CyLib.o)
 .text.CySysTickInit
                0x00000000       0x60 .\ARM_GCC_484\Debug\LAB_TWO.a(CyLib.o)
 .text.CySysTickEnable
                0x00000000       0x1c .\ARM_GCC_484\Debug\LAB_TWO.a(CyLib.o)
 .text.CySysTickStop
                0x00000000       0x18 .\ARM_GCC_484\Debug\LAB_TWO.a(CyLib.o)
 .text.CySysTickEnableInterrupt
                0x00000000       0x18 .\ARM_GCC_484\Debug\LAB_TWO.a(CyLib.o)
 .text.CySysTickDisableInterrupt
                0x00000000       0x18 .\ARM_GCC_484\Debug\LAB_TWO.a(CyLib.o)
 .text.CySysTickSetReload
                0x00000000       0x1c .\ARM_GCC_484\Debug\LAB_TWO.a(CyLib.o)
 .text.CySysTickGetReload
                0x00000000       0x18 .\ARM_GCC_484\Debug\LAB_TWO.a(CyLib.o)
 .text.CySysTickGetValue
                0x00000000       0x18 .\ARM_GCC_484\Debug\LAB_TWO.a(CyLib.o)
 .text.CySysTickGetCountFlag
                0x00000000       0x18 .\ARM_GCC_484\Debug\LAB_TWO.a(CyLib.o)
 .text.CySysTickClear
                0x00000000       0x14 .\ARM_GCC_484\Debug\LAB_TWO.a(CyLib.o)
 .text.CySysTickSetCallback
                0x00000000       0x2c .\ARM_GCC_484\Debug\LAB_TWO.a(CyLib.o)
 .text.CySysTickGetCallback
                0x00000000       0x1c .\ARM_GCC_484\Debug\LAB_TWO.a(CyLib.o)
 .text.CySysTickServiceCallbacks
                0x00000000       0x44 .\ARM_GCC_484\Debug\LAB_TWO.a(CyLib.o)
 .text.CyGetUniqueId
                0x00000000       0xc0 .\ARM_GCC_484\Debug\LAB_TWO.a(CyLib.o)
 .text          0x00000000        0x0 .\ARM_GCC_484\Debug\LAB_TWO.a(TIMER_1_IRQ.o)
 .data          0x00000000        0x0 .\ARM_GCC_484\Debug\LAB_TWO.a(TIMER_1_IRQ.o)
 .bss           0x00000000        0x0 .\ARM_GCC_484\Debug\LAB_TWO.a(TIMER_1_IRQ.o)
 .text.TIMER_1_IRQ_Start
                0x00000000       0x24 .\ARM_GCC_484\Debug\LAB_TWO.a(TIMER_1_IRQ.o)
 .text.TIMER_1_IRQ_Stop
                0x00000000       0x18 .\ARM_GCC_484\Debug\LAB_TWO.a(TIMER_1_IRQ.o)
 .text.TIMER_1_IRQ_Interrupt
                0x00000000        0x8 .\ARM_GCC_484\Debug\LAB_TWO.a(TIMER_1_IRQ.o)
 .text.TIMER_1_IRQ_GetVector
                0x00000000       0x14 .\ARM_GCC_484\Debug\LAB_TWO.a(TIMER_1_IRQ.o)
 .text.TIMER_1_IRQ_GetPriority
                0x00000000       0x2c .\ARM_GCC_484\Debug\LAB_TWO.a(TIMER_1_IRQ.o)
 .text.TIMER_1_IRQ_GetState
                0x00000000       0x20 .\ARM_GCC_484\Debug\LAB_TWO.a(TIMER_1_IRQ.o)
 .text.TIMER_1_IRQ_SetPending
                0x00000000       0x14 .\ARM_GCC_484\Debug\LAB_TWO.a(TIMER_1_IRQ.o)
 .text          0x00000000        0x0 .\ARM_GCC_484\Debug\LAB_TWO.a(TIMER_1.o)
 .data          0x00000000        0x0 .\ARM_GCC_484\Debug\LAB_TWO.a(TIMER_1.o)
 .text.TIMER_1_Stop
                0x00000000       0x30 .\ARM_GCC_484\Debug\LAB_TWO.a(TIMER_1.o)
 .text.TIMER_1_SetMode
                0x00000000       0x48 .\ARM_GCC_484\Debug\LAB_TWO.a(TIMER_1.o)
 .text.TIMER_1_SetQDMode
                0x00000000       0x48 .\ARM_GCC_484\Debug\LAB_TWO.a(TIMER_1.o)
 .text.TIMER_1_SetPrescaler
                0x00000000       0x48 .\ARM_GCC_484\Debug\LAB_TWO.a(TIMER_1.o)
 .text.TIMER_1_SetOneShot
                0x00000000       0x4c .\ARM_GCC_484\Debug\LAB_TWO.a(TIMER_1.o)
 .text.TIMER_1_SetPWMMode
                0x00000000       0x1c .\ARM_GCC_484\Debug\LAB_TWO.a(TIMER_1.o)
 .text.TIMER_1_SetPWMSyncKill
                0x00000000       0x48 .\ARM_GCC_484\Debug\LAB_TWO.a(TIMER_1.o)
 .text.TIMER_1_SetPWMStopOnKill
                0x00000000       0x48 .\ARM_GCC_484\Debug\LAB_TWO.a(TIMER_1.o)
 .text.TIMER_1_SetPWMDeadTime
                0x00000000       0x4c .\ARM_GCC_484\Debug\LAB_TWO.a(TIMER_1.o)
 .text.TIMER_1_SetPWMInvert
                0x00000000       0x48 .\ARM_GCC_484\Debug\LAB_TWO.a(TIMER_1.o)
 .text.TIMER_1_ReadCounter
                0x00000000       0x18 .\ARM_GCC_484\Debug\LAB_TWO.a(TIMER_1.o)
 .text.TIMER_1_SetCounterMode
                0x00000000       0x48 .\ARM_GCC_484\Debug\LAB_TWO.a(TIMER_1.o)
 .text.TIMER_1_ReadPeriod
                0x00000000       0x18 .\ARM_GCC_484\Debug\LAB_TWO.a(TIMER_1.o)
 .text.TIMER_1_SetCompareSwap
                0x00000000       0x48 .\ARM_GCC_484\Debug\LAB_TWO.a(TIMER_1.o)
 .text.TIMER_1_WritePeriodBuf
                0x00000000       0x1c .\ARM_GCC_484\Debug\LAB_TWO.a(TIMER_1.o)
 .text.TIMER_1_ReadPeriodBuf
                0x00000000       0x18 .\ARM_GCC_484\Debug\LAB_TWO.a(TIMER_1.o)
 .text.TIMER_1_SetPeriodSwap
                0x00000000       0x48 .\ARM_GCC_484\Debug\LAB_TWO.a(TIMER_1.o)
 .text.TIMER_1_WriteCompare
                0x00000000       0x1c .\ARM_GCC_484\Debug\LAB_TWO.a(TIMER_1.o)
 .text.TIMER_1_ReadCompare
                0x00000000       0x18 .\ARM_GCC_484\Debug\LAB_TWO.a(TIMER_1.o)
 .text.TIMER_1_WriteCompareBuf
                0x00000000       0x1c .\ARM_GCC_484\Debug\LAB_TWO.a(TIMER_1.o)
 .text.TIMER_1_ReadCompareBuf
                0x00000000       0x18 .\ARM_GCC_484\Debug\LAB_TWO.a(TIMER_1.o)
 .text.TIMER_1_ReadCapture
                0x00000000       0x18 .\ARM_GCC_484\Debug\LAB_TWO.a(TIMER_1.o)
 .text.TIMER_1_ReadCaptureBuf
                0x00000000       0x18 .\ARM_GCC_484\Debug\LAB_TWO.a(TIMER_1.o)
 .text.TIMER_1_SetCaptureMode
                0x00000000       0x44 .\ARM_GCC_484\Debug\LAB_TWO.a(TIMER_1.o)
 .text.TIMER_1_SetReloadMode
                0x00000000       0x44 .\ARM_GCC_484\Debug\LAB_TWO.a(TIMER_1.o)
 .text.TIMER_1_SetStartMode
                0x00000000       0x48 .\ARM_GCC_484\Debug\LAB_TWO.a(TIMER_1.o)
 .text.TIMER_1_SetStopMode
                0x00000000       0x44 .\ARM_GCC_484\Debug\LAB_TWO.a(TIMER_1.o)
 .text.TIMER_1_SetCountMode
                0x00000000       0x44 .\ARM_GCC_484\Debug\LAB_TWO.a(TIMER_1.o)
 .text.TIMER_1_TriggerCommand
                0x00000000       0x3c .\ARM_GCC_484\Debug\LAB_TWO.a(TIMER_1.o)
 .text.TIMER_1_ReadStatus
                0x00000000       0x20 .\ARM_GCC_484\Debug\LAB_TWO.a(TIMER_1.o)
 .text.TIMER_1_GetInterruptSourceMasked
                0x00000000       0x14 .\ARM_GCC_484\Debug\LAB_TWO.a(TIMER_1.o)
 .text.TIMER_1_GetInterruptSource
                0x00000000       0x14 .\ARM_GCC_484\Debug\LAB_TWO.a(TIMER_1.o)
 .text.TIMER_1_ClearInterrupt
                0x00000000       0x18 .\ARM_GCC_484\Debug\LAB_TWO.a(TIMER_1.o)
 .text.TIMER_1_SetInterrupt
                0x00000000       0x18 .\ARM_GCC_484\Debug\LAB_TWO.a(TIMER_1.o)
 .text          0x00000000        0x0 .\ARM_GCC_484\Debug\LAB_TWO.a(PWM_1.o)
 .data          0x00000000        0x0 .\ARM_GCC_484\Debug\LAB_TWO.a(PWM_1.o)
 .text.PWM_1_Stop
                0x00000000        0x8 .\ARM_GCC_484\Debug\LAB_TWO.a(PWM_1.o)
 .text.PWM_1_ReadCounter
                0x00000000       0x1c .\ARM_GCC_484\Debug\LAB_TWO.a(PWM_1.o)
 .text.PWM_1_ReadCapture
                0x00000000       0x14 .\ARM_GCC_484\Debug\LAB_TWO.a(PWM_1.o)
 .text.PWM_1_ReadCompare
                0x00000000       0x14 .\ARM_GCC_484\Debug\LAB_TWO.a(PWM_1.o)
 .text.PWM_1_ReadPeriod
                0x00000000       0x14 .\ARM_GCC_484\Debug\LAB_TWO.a(PWM_1.o)
 .text          0x00000000        0x0 .\ARM_GCC_484\Debug\LAB_TWO.a(PWM_2.o)
 .data          0x00000000        0x0 .\ARM_GCC_484\Debug\LAB_TWO.a(PWM_2.o)
 .text.PWM_2_Stop
                0x00000000        0x8 .\ARM_GCC_484\Debug\LAB_TWO.a(PWM_2.o)
 .text.PWM_2_ReadCounter
                0x00000000       0x1c .\ARM_GCC_484\Debug\LAB_TWO.a(PWM_2.o)
 .text.PWM_2_ReadCompare
                0x00000000       0x14 .\ARM_GCC_484\Debug\LAB_TWO.a(PWM_2.o)
 .text.PWM_2_ReadPeriod
                0x00000000       0x14 .\ARM_GCC_484\Debug\LAB_TWO.a(PWM_2.o)
 .data          0x00000000        0x0 .\ARM_GCC_484\Debug\LAB_TWO.a(CyBootAsmGnu.o)
 .bss           0x00000000        0x0 .\ARM_GCC_484\Debug\LAB_TWO.a(CyBootAsmGnu.o)
 .text          0x00000000       0x9c c:/program files (x86)/cypress/psoc creator/3.2/psoc creator/import/gnu/arm/4.8.4/bin/../lib/gcc/arm-none-eabi/4.8.4/armv6-m\libgcc.a(_udivsi3.o)
 .data          0x00000000        0x0 c:/program files (x86)/cypress/psoc creator/3.2/psoc creator/import/gnu/arm/4.8.4/bin/../lib/gcc/arm-none-eabi/4.8.4/armv6-m\libgcc.a(_udivsi3.o)
 .bss           0x00000000        0x0 c:/program files (x86)/cypress/psoc creator/3.2/psoc creator/import/gnu/arm/4.8.4/bin/../lib/gcc/arm-none-eabi/4.8.4/armv6-m\libgcc.a(_udivsi3.o)
 .text          0x00000000        0x4 c:/program files (x86)/cypress/psoc creator/3.2/psoc creator/import/gnu/arm/4.8.4/bin/../lib/gcc/arm-none-eabi/4.8.4/armv6-m\libgcc.a(_dvmd_tls.o)
 .data          0x00000000        0x0 c:/program files (x86)/cypress/psoc creator/3.2/psoc creator/import/gnu/arm/4.8.4/bin/../lib/gcc/arm-none-eabi/4.8.4/armv6-m\libgcc.a(_dvmd_tls.o)
 .bss           0x00000000        0x0 c:/program files (x86)/cypress/psoc creator/3.2/psoc creator/import/gnu/arm/4.8.4/bin/../lib/gcc/arm-none-eabi/4.8.4/armv6-m\libgcc.a(_dvmd_tls.o)
 .text          0x00000000        0x0 c:/program files (x86)/cypress/psoc creator/3.2/psoc creator/import/gnu/arm/4.8.4/bin/../lib/gcc/arm-none-eabi/4.8.4/../../../../arm-none-eabi/lib/armv6-m\libg_s.a(lib_a-errno.o)
 .data          0x00000000        0x0 c:/program files (x86)/cypress/psoc creator/3.2/psoc creator/import/gnu/arm/4.8.4/bin/../lib/gcc/arm-none-eabi/4.8.4/../../../../arm-none-eabi/lib/armv6-m\libg_s.a(lib_a-errno.o)
 .bss           0x00000000        0x0 c:/program files (x86)/cypress/psoc creator/3.2/psoc creator/import/gnu/arm/4.8.4/bin/../lib/gcc/arm-none-eabi/4.8.4/../../../../arm-none-eabi/lib/armv6-m\libg_s.a(lib_a-errno.o)
 .text.__errno  0x00000000        0xc c:/program files (x86)/cypress/psoc creator/3.2/psoc creator/import/gnu/arm/4.8.4/bin/../lib/gcc/arm-none-eabi/4.8.4/../../../../arm-none-eabi/lib/armv6-m\libg_s.a(lib_a-errno.o)
 .text          0x00000000        0x0 c:/program files (x86)/cypress/psoc creator/3.2/psoc creator/import/gnu/arm/4.8.4/bin/../lib/gcc/arm-none-eabi/4.8.4/../../../../arm-none-eabi/lib/armv6-m\libg_s.a(lib_a-exit.o)
 .data          0x00000000        0x0 c:/program files (x86)/cypress/psoc creator/3.2/psoc creator/import/gnu/arm/4.8.4/bin/../lib/gcc/arm-none-eabi/4.8.4/../../../../arm-none-eabi/lib/armv6-m\libg_s.a(lib_a-exit.o)
 .bss           0x00000000        0x0 c:/program files (x86)/cypress/psoc creator/3.2/psoc creator/import/gnu/arm/4.8.4/bin/../lib/gcc/arm-none-eabi/4.8.4/../../../../arm-none-eabi/lib/armv6-m\libg_s.a(lib_a-exit.o)
 .text.exit     0x00000000       0x2c c:/program files (x86)/cypress/psoc creator/3.2/psoc creator/import/gnu/arm/4.8.4/bin/../lib/gcc/arm-none-eabi/4.8.4/../../../../arm-none-eabi/lib/armv6-m\libg_s.a(lib_a-exit.o)
 .text          0x00000000        0x0 c:/program files (x86)/cypress/psoc creator/3.2/psoc creator/import/gnu/arm/4.8.4/bin/../lib/gcc/arm-none-eabi/4.8.4/../../../../arm-none-eabi/lib/armv6-m\libg_s.a(lib_a-impure.o)
 .data          0x00000000        0x0 c:/program files (x86)/cypress/psoc creator/3.2/psoc creator/import/gnu/arm/4.8.4/bin/../lib/gcc/arm-none-eabi/4.8.4/../../../../arm-none-eabi/lib/armv6-m\libg_s.a(lib_a-impure.o)
 .bss           0x00000000        0x0 c:/program files (x86)/cypress/psoc creator/3.2/psoc creator/import/gnu/arm/4.8.4/bin/../lib/gcc/arm-none-eabi/4.8.4/../../../../arm-none-eabi/lib/armv6-m\libg_s.a(lib_a-impure.o)
 .data.impure_data
                0x00000000       0x60 c:/program files (x86)/cypress/psoc creator/3.2/psoc creator/import/gnu/arm/4.8.4/bin/../lib/gcc/arm-none-eabi/4.8.4/../../../../arm-none-eabi/lib/armv6-m\libg_s.a(lib_a-impure.o)
 .data._impure_ptr
                0x00000000        0x4 c:/program files (x86)/cypress/psoc creator/3.2/psoc creator/import/gnu/arm/4.8.4/bin/../lib/gcc/arm-none-eabi/4.8.4/../../../../arm-none-eabi/lib/armv6-m\libg_s.a(lib_a-impure.o)
 .rodata.str1.1
                0x00000000        0x2 c:/program files (x86)/cypress/psoc creator/3.2/psoc creator/import/gnu/arm/4.8.4/bin/../lib/gcc/arm-none-eabi/4.8.4/../../../../arm-none-eabi/lib/armv6-m\libg_s.a(lib_a-impure.o)
 .rodata._global_impure_ptr
                0x00000000        0x4 c:/program files (x86)/cypress/psoc creator/3.2/psoc creator/import/gnu/arm/4.8.4/bin/../lib/gcc/arm-none-eabi/4.8.4/../../../../arm-none-eabi/lib/armv6-m\libg_s.a(lib_a-impure.o)
 .text          0x00000000        0x0 c:/program files (x86)/cypress/psoc creator/3.2/psoc creator/import/gnu/arm/4.8.4/bin/../lib/gcc/arm-none-eabi/4.8.4/../../../../arm-none-eabi/lib/armv6-m\libg_s.a(lib_a-init.o)
 .data          0x00000000        0x0 c:/program files (x86)/cypress/psoc creator/3.2/psoc creator/import/gnu/arm/4.8.4/bin/../lib/gcc/arm-none-eabi/4.8.4/../../../../arm-none-eabi/lib/armv6-m\libg_s.a(lib_a-init.o)
 .bss           0x00000000        0x0 c:/program files (x86)/cypress/psoc creator/3.2/psoc creator/import/gnu/arm/4.8.4/bin/../lib/gcc/arm-none-eabi/4.8.4/../../../../arm-none-eabi/lib/armv6-m\libg_s.a(lib_a-init.o)
 .text          0x00000000        0x0 c:/program files (x86)/cypress/psoc creator/3.2/psoc creator/import/gnu/arm/4.8.4/bin/../lib/gcc/arm-none-eabi/4.8.4/../../../../arm-none-eabi/lib/armv6-m\libg_s.a(lib_a-memcpy-stub.o)
 .data          0x00000000        0x0 c:/program files (x86)/cypress/psoc creator/3.2/psoc creator/import/gnu/arm/4.8.4/bin/../lib/gcc/arm-none-eabi/4.8.4/../../../../arm-none-eabi/lib/armv6-m\libg_s.a(lib_a-memcpy-stub.o)
 .bss           0x00000000        0x0 c:/program files (x86)/cypress/psoc creator/3.2/psoc creator/import/gnu/arm/4.8.4/bin/../lib/gcc/arm-none-eabi/4.8.4/../../../../arm-none-eabi/lib/armv6-m\libg_s.a(lib_a-memcpy-stub.o)
 .text.memcpy   0x00000000       0x12 c:/program files (x86)/cypress/psoc creator/3.2/psoc creator/import/gnu/arm/4.8.4/bin/../lib/gcc/arm-none-eabi/4.8.4/../../../../arm-none-eabi/lib/armv6-m\libg_s.a(lib_a-memcpy-stub.o)
 .text          0x00000000        0x0 c:/program files (x86)/cypress/psoc creator/3.2/psoc creator/import/gnu/arm/4.8.4/bin/../lib/gcc/arm-none-eabi/4.8.4/../../../../arm-none-eabi/lib/armv6-m\libg_s.a(lib_a-memset.o)
 .data          0x00000000        0x0 c:/program files (x86)/cypress/psoc creator/3.2/psoc creator/import/gnu/arm/4.8.4/bin/../lib/gcc/arm-none-eabi/4.8.4/../../../../arm-none-eabi/lib/armv6-m\libg_s.a(lib_a-memset.o)
 .bss           0x00000000        0x0 c:/program files (x86)/cypress/psoc creator/3.2/psoc creator/import/gnu/arm/4.8.4/bin/../lib/gcc/arm-none-eabi/4.8.4/../../../../arm-none-eabi/lib/armv6-m\libg_s.a(lib_a-memset.o)
 .text          0x00000000        0x0 c:/program files (x86)/cypress/psoc creator/3.2/psoc creator/import/gnu/arm/4.8.4/bin/../lib/gcc/arm-none-eabi/4.8.4/armv6-m/crtend.o
 .data          0x00000000        0x0 c:/program files (x86)/cypress/psoc creator/3.2/psoc creator/import/gnu/arm/4.8.4/bin/../lib/gcc/arm-none-eabi/4.8.4/armv6-m/crtend.o
 .bss           0x00000000        0x0 c:/program files (x86)/cypress/psoc creator/3.2/psoc creator/import/gnu/arm/4.8.4/bin/../lib/gcc/arm-none-eabi/4.8.4/armv6-m/crtend.o
 .text          0x00000000        0x0 c:/program files (x86)/cypress/psoc creator/3.2/psoc creator/import/gnu/arm/4.8.4/bin/../lib/gcc/arm-none-eabi/4.8.4/armv6-m/crtn.o
 .data          0x00000000        0x0 c:/program files (x86)/cypress/psoc creator/3.2/psoc creator/import/gnu/arm/4.8.4/bin/../lib/gcc/arm-none-eabi/4.8.4/armv6-m/crtn.o
 .bss           0x00000000        0x0 c:/program files (x86)/cypress/psoc creator/3.2/psoc creator/import/gnu/arm/4.8.4/bin/../lib/gcc/arm-none-eabi/4.8.4/armv6-m/crtn.o

Memory Configuration

Name             Origin             Length             Attributes
rom              0x00000000         0x00008000         xr
ram              0x20000000         0x00001000         xrw
*default*        0x00000000         0xffffffff

Linker script and memory map

LOAD c:/program files (x86)/cypress/psoc creator/3.2/psoc creator/import/gnu/arm/4.8.4/bin/../lib/gcc/arm-none-eabi/4.8.4/armv6-m/crti.o
LOAD c:/program files (x86)/cypress/psoc creator/3.2/psoc creator/import/gnu/arm/4.8.4/bin/../lib/gcc/arm-none-eabi/4.8.4/armv6-m/crtbegin.o
LOAD c:/program files (x86)/cypress/psoc creator/3.2/psoc creator/import/gnu/arm/4.8.4/bin/../lib/gcc/arm-none-eabi/4.8.4/../../../../arm-none-eabi/lib/armv6-m/crt0.o
START GROUP
LOAD .\ARM_GCC_484\Debug\main.o
LOAD .\ARM_GCC_484\Debug\cybootloader.o
LOAD .\ARM_GCC_484\Debug\cymetadata.o
LOAD .\ARM_GCC_484\Debug\Cm0Start.o
LOAD .\ARM_GCC_484\Debug\LAB_TWO.a
LOAD C:\Program Files (x86)\Cypress\PSoC Creator\3.2\PSoC Creator\psoc\content\cycomponentlibrary\CyComponentLibrary.cylib\CortexM0\ARM_GCC_484\Debug\CyComponentLibrary.a
END GROUP
START GROUP
LOAD c:/program files (x86)/cypress/psoc creator/3.2/psoc creator/import/gnu/arm/4.8.4/bin/../lib/gcc/arm-none-eabi/4.8.4/armv6-m\libgcc.a
LOAD c:/program files (x86)/cypress/psoc creator/3.2/psoc creator/import/gnu/arm/4.8.4/bin/../lib/gcc/arm-none-eabi/4.8.4/../../../../arm-none-eabi/lib/armv6-m\libg_s.a
LOAD c:/program files (x86)/cypress/psoc creator/3.2/psoc creator/import/gnu/arm/4.8.4/bin/../lib/gcc/arm-none-eabi/4.8.4/../../../../arm-none-eabi/lib/armv6-m\libc_s.a
END GROUP
START GROUP
LOAD c:/program files (x86)/cypress/psoc creator/3.2/psoc creator/import/gnu/arm/4.8.4/bin/../lib/gcc/arm-none-eabi/4.8.4/armv6-m\libgcc.a
LOAD c:/program files (x86)/cypress/psoc creator/3.2/psoc creator/import/gnu/arm/4.8.4/bin/../lib/gcc/arm-none-eabi/4.8.4/../../../../arm-none-eabi/lib/armv6-m\libc_s.a
END GROUP
LOAD c:/program files (x86)/cypress/psoc creator/3.2/psoc creator/import/gnu/arm/4.8.4/bin/../lib/gcc/arm-none-eabi/4.8.4/armv6-m/crtend.o
LOAD c:/program files (x86)/cypress/psoc creator/3.2/psoc creator/import/gnu/arm/4.8.4/bin/../lib/gcc/arm-none-eabi/4.8.4/armv6-m/crtn.o
START GROUP
LOAD c:/program files (x86)/cypress/psoc creator/3.2/psoc creator/import/gnu/arm/4.8.4/bin/../lib/gcc/arm-none-eabi/4.8.4/armv6-m\libgcc.a
LOAD c:/program files (x86)/cypress/psoc creator/3.2/psoc creator/import/gnu/arm/4.8.4/bin/../lib/gcc/arm-none-eabi/4.8.4/../../../../arm-none-eabi/lib/armv6-m\libc.a
LOAD c:/program files (x86)/cypress/psoc creator/3.2/psoc creator/import/gnu/arm/4.8.4/bin/../lib/gcc/arm-none-eabi/4.8.4/../../../../arm-none-eabi/lib/armv6-m\libnosys.a
END GROUP
                0x00000000                CY_APPL_ORIGIN = 0x0
                0x00000080                CY_FLASH_ROW_SIZE = 0x80
                0x00000001                CY_APPL_NUM = 0x1
                0x00000040                CY_METADATA_SIZE = 0x40
                0x20000108                PROVIDE (__cy_heap_start, _end)
                0x00000001                PROVIDE (__cy_region_num, ((__cy_regions_end - __cy_regions) / 0x10))
                0x20001000                PROVIDE (__cy_stack, (ORIGIN (ram) + 0x1000))
                0x20000c00                PROVIDE (__cy_heap_end, (__cy_stack - 0x400))

.cybootloader   0x00000000     0x1200
 *(.cybootloader)
 .cybootloader  0x00000000     0x1200 .\ARM_GCC_484\Debug\cybootloader.o
                0x00000000                cy_bootloader
                0x00001200                appl1_start = CY_APPL_ORIGIN?CY_APPL_ORIGIN:ALIGN (CY_FLASH_ROW_SIZE)
                0x00004880                appl2_start = (appl1_start + ALIGN ((((0x8000 - appl1_start) - (0x2 * CY_FLASH_ROW_SIZE)) / 0x2), CY_FLASH_ROW_SIZE))
                0x00001200                appl_start = (CY_APPL_NUM == 0x1)?appl1_start:appl2_start

.text           0x00001200      0xb0c
 CREATE_OBJECT_SYMBOLS
                0x00001200                PROVIDE (__cy_interrupt_vector, RomVectors)
 *(.romvectors)
 .romvectors    0x00001200       0x10 .\ARM_GCC_484\Debug\Cm0Start.o
                0x00001200                RomVectors
                0x00000001                ASSERT ((. != __cy_interrupt_vector), No interrupt vector)
                0x00000001                ASSERT (CY_APPL_ORIGIN?(SIZEOF (.cybootloader) <= CY_APPL_ORIGIN):0x1, Wrong image location)
                0x00001210                PROVIDE (__cy_reset, Reset)
 *(.text.Reset)
 .text.Reset    0x00001210       0x14 .\ARM_GCC_484\Debug\Cm0Start.o
                0x00001210                Reset
                0x00000001                ASSERT ((. != __cy_reset), No reset code)
 *(.psocinit)
 .psocinit      0x00001224      0x208 .\ARM_GCC_484\Debug\LAB_TWO.a(cyfitter_cfg.o)
                0x000012a8                cyfitter_cfg
                0x0000142c                . = MAX (., 0x100)
 *(.text .text.* .gnu.linkonce.t.*)
 .text          0x0000142c       0x60 c:/program files (x86)/cypress/psoc creator/3.2/psoc creator/import/gnu/arm/4.8.4/bin/../lib/gcc/arm-none-eabi/4.8.4/armv6-m/crtbegin.o
 .text.TIMER_1_IRQ_Handler
                0x0000148c        0xc .\ARM_GCC_484\Debug\main.o
                0x0000148c                TIMER_1_IRQ_Handler
 .text.main     0x00001498       0x24 .\ARM_GCC_484\Debug\main.o
                0x00001498                main
 .text.IntDefaultHandler
                0x000014bc        0x8 .\ARM_GCC_484\Debug\Cm0Start.o
                0x000014bc                IntDefaultHandler
 .text.Start_c  0x000014c4       0x98 .\ARM_GCC_484\Debug\Cm0Start.o
                0x000014c4                Start_c
 .text.initialize_psoc
                0x0000155c       0x74 .\ARM_GCC_484\Debug\Cm0Start.o
                0x0000155c                initialize_psoc
 .text.CYMEMZERO
                0x000015d0       0x20 .\ARM_GCC_484\Debug\LAB_TWO.a(cyfitter_cfg.o)
 .text.cfg_write_bytes32
                0x000015f0       0x80 .\ARM_GCC_484\Debug\LAB_TWO.a(cyfitter_cfg.o)
 .text.AnalogSetDefault
                0x00001670        0x8 .\ARM_GCC_484\Debug\LAB_TWO.a(cyfitter_cfg.o)
 .text.Bootloadable_Load
                0x00001678       0x18 .\ARM_GCC_484\Debug\LAB_TWO.a(Bootloadable.o)
                0x00001678                Bootloadable_Load
 .text.CySysClkWriteImoFreq
                0x00001690      0x1e0 .\ARM_GCC_484\Debug\LAB_TWO.a(CyLib.o)
                0x00001690                CySysClkWriteImoFreq
 .text.CyHalt   0x00001870       0x14 .\ARM_GCC_484\Debug\LAB_TWO.a(CyLib.o)
                0x00001870                CyHalt
 .text.CySoftwareReset
                0x00001884       0x20 .\ARM_GCC_484\Debug\LAB_TWO.a(CyLib.o)
                0x00001884                CySoftwareReset
 .text.CyDelayUs
                0x000018a4       0x28 .\ARM_GCC_484\Debug\LAB_TWO.a(CyLib.o)
                0x000018a4                CyDelayUs
 .text.TIMER_1_IRQ_StartEx
                0x000018cc       0x24 .\ARM_GCC_484\Debug\LAB_TWO.a(TIMER_1_IRQ.o)
                0x000018cc                TIMER_1_IRQ_StartEx
 .text.TIMER_1_IRQ_SetVector
                0x000018f0       0x1c .\ARM_GCC_484\Debug\LAB_TWO.a(TIMER_1_IRQ.o)
                0x000018f0                TIMER_1_IRQ_SetVector
 .text.TIMER_1_IRQ_SetPriority
                0x0000190c       0x50 .\ARM_GCC_484\Debug\LAB_TWO.a(TIMER_1_IRQ.o)
                0x0000190c                TIMER_1_IRQ_SetPriority
 .text.TIMER_1_IRQ_Enable
                0x0000195c       0x14 .\ARM_GCC_484\Debug\LAB_TWO.a(TIMER_1_IRQ.o)
                0x0000195c                TIMER_1_IRQ_Enable
 .text.TIMER_1_IRQ_Disable
                0x00001970       0x14 .\ARM_GCC_484\Debug\LAB_TWO.a(TIMER_1_IRQ.o)
                0x00001970                TIMER_1_IRQ_Disable
 .text.TIMER_1_IRQ_ClearPending
                0x00001984       0x14 .\ARM_GCC_484\Debug\LAB_TWO.a(TIMER_1_IRQ.o)
                0x00001984                TIMER_1_IRQ_ClearPending
 .text.TIMER_1_Init
                0x00001998       0x3c .\ARM_GCC_484\Debug\LAB_TWO.a(TIMER_1.o)
                0x00001998                TIMER_1_Init
 .text.TIMER_1_Enable
                0x000019d4       0x30 .\ARM_GCC_484\Debug\LAB_TWO.a(TIMER_1.o)
                0x000019d4                TIMER_1_Enable
 .text.TIMER_1_Start
                0x00001a04       0x24 .\ARM_GCC_484\Debug\LAB_TWO.a(TIMER_1.o)
                0x00001a04                TIMER_1_Start
 .text.TIMER_1_WriteCounter
                0x00001a28       0x1c .\ARM_GCC_484\Debug\LAB_TWO.a(TIMER_1.o)
                0x00001a28                TIMER_1_WriteCounter
 .text.TIMER_1_WritePeriod
                0x00001a44       0x1c .\ARM_GCC_484\Debug\LAB_TWO.a(TIMER_1.o)
                0x00001a44                TIMER_1_WritePeriod
 .text.TIMER_1_SetInterruptMode
                0x00001a60       0x18 .\ARM_GCC_484\Debug\LAB_TWO.a(TIMER_1.o)
                0x00001a60                TIMER_1_SetInterruptMode
 .text.PWM_1_Start
                0x00001a78       0x24 .\ARM_GCC_484\Debug\LAB_TWO.a(PWM_1.o)
                0x00001a78                PWM_1_Start
 .text.PWM_1_Init
                0x00001a9c       0x30 .\ARM_GCC_484\Debug\LAB_TWO.a(PWM_1.o)
                0x00001a9c                PWM_1_Init
 .text.PWM_1_Enable
                0x00001acc        0x8 .\ARM_GCC_484\Debug\LAB_TWO.a(PWM_1.o)
                0x00001acc                PWM_1_Enable
 .text.PWM_1_WriteCounter
                0x00001ad4       0x20 .\ARM_GCC_484\Debug\LAB_TWO.a(PWM_1.o)
                0x00001ad4                PWM_1_WriteCounter
 .text.PWM_1_WritePeriod
                0x00001af4       0x20 .\ARM_GCC_484\Debug\LAB_TWO.a(PWM_1.o)
                0x00001af4                PWM_1_WritePeriod
 .text.PWM_1_WriteCompare
                0x00001b14       0x20 .\ARM_GCC_484\Debug\LAB_TWO.a(PWM_1.o)
                0x00001b14                PWM_1_WriteCompare
 .text.PWM_2_Start
                0x00001b34       0x24 .\ARM_GCC_484\Debug\LAB_TWO.a(PWM_2.o)
                0x00001b34                PWM_2_Start
 .text.PWM_2_Init
                0x00001b58       0x60 .\ARM_GCC_484\Debug\LAB_TWO.a(PWM_2.o)
                0x00001b58                PWM_2_Init
 .text.PWM_2_Enable
                0x00001bb8        0x8 .\ARM_GCC_484\Debug\LAB_TWO.a(PWM_2.o)
                0x00001bb8                PWM_2_Enable
 .text.PWM_2_WriteCounter
                0x00001bc0       0x20 .\ARM_GCC_484\Debug\LAB_TWO.a(PWM_2.o)
                0x00001bc0                PWM_2_WriteCounter
 .text.PWM_2_ClearFIFO
                0x00001be0       0x1c .\ARM_GCC_484\Debug\LAB_TWO.a(PWM_2.o)
                0x00001be0                PWM_2_ClearFIFO
 .text.PWM_2_WritePeriod
                0x00001bfc       0x20 .\ARM_GCC_484\Debug\LAB_TWO.a(PWM_2.o)
                0x00001bfc                PWM_2_WritePeriod
 .text.PWM_2_WriteCompare
                0x00001c1c       0x20 .\ARM_GCC_484\Debug\LAB_TWO.a(PWM_2.o)
                0x00001c1c                PWM_2_WriteCompare
 .text.PWM_2_SetInterruptMode
                0x00001c3c       0x20 .\ARM_GCC_484\Debug\LAB_TWO.a(PWM_2.o)
                0x00001c3c                PWM_2_SetInterruptMode
 .text.PWM_2_ReadStatusRegister
                0x00001c5c       0x14 .\ARM_GCC_484\Debug\LAB_TWO.a(PWM_2.o)
                0x00001c5c                PWM_2_ReadStatusRegister
 .text.PWM_2_ReadCapture
                0x00001c70       0x14 .\ARM_GCC_484\Debug\LAB_TWO.a(PWM_2.o)
                0x00001c70                PWM_2_ReadCapture
 *fill*         0x00001c84        0x4 
 .text          0x00001c88       0x28 .\ARM_GCC_484\Debug\LAB_TWO.a(CyBootAsmGnu.o)
                0x00001c88                CyDelayCycles
                0x00001c9c                CyEnterCriticalSection
                0x00001ca4                CyExitCriticalSection
 .text.__libc_init_array
                0x00001cb0       0x4c c:/program files (x86)/cypress/psoc creator/3.2/psoc creator/import/gnu/arm/4.8.4/bin/../lib/gcc/arm-none-eabi/4.8.4/../../../../arm-none-eabi/lib/armv6-m\libg_s.a(lib_a-init.o)
                0x00001cb0                __libc_init_array
 .text.memset   0x00001cfc       0x10 c:/program files (x86)/cypress/psoc creator/3.2/psoc creator/import/gnu/arm/4.8.4/bin/../lib/gcc/arm-none-eabi/4.8.4/../../../../arm-none-eabi/lib/armv6-m\libg_s.a(lib_a-memset.o)
                0x00001cfc                memset
 *(.plt)
 *(.gnu.warning)
 *(.glue_7t)
 .glue_7t       0x00000000        0x0 linker stubs
 *(.glue_7)
 .glue_7        0x00000000        0x0 linker stubs
 *(.vfp11_veneer)
 .vfp11_veneer  0x00000000        0x0 linker stubs
 *(.bootloader)
 *(.ARM.extab* .gnu.linkonce.armextab.*)
 *(.gcc_except_table)

.v4_bx          0x00001d0c        0x0
 .v4_bx         0x00000000        0x0 linker stubs

.iplt           0x00001d0c        0x0
 .iplt          0x00000000        0x0 c:/program files (x86)/cypress/psoc creator/3.2/psoc creator/import/gnu/arm/4.8.4/bin/../lib/gcc/arm-none-eabi/4.8.4/armv6-m/crtbegin.o

.eh_frame_hdr
 *(.eh_frame_hdr)

.eh_frame       0x00001d0c        0x4
 *(.eh_frame)
 .eh_frame      0x00001d0c        0x0 c:/program files (x86)/cypress/psoc creator/3.2/psoc creator/import/gnu/arm/4.8.4/bin/../lib/gcc/arm-none-eabi/4.8.4/armv6-m/crtbegin.o
 .eh_frame      0x00001d0c        0x4 c:/program files (x86)/cypress/psoc creator/3.2/psoc creator/import/gnu/arm/4.8.4/bin/../lib/gcc/arm-none-eabi/4.8.4/armv6-m/crtend.o
                0x00001d10                PROVIDE (__exidx_start, .)

.ARM.exidx
 *(.ARM.exidx* .gnu.linkonce.armexidx.*)
                0x00001d10                __exidx_end = .

.rodata         0x00001d10      0x190
 *(.rodata .rodata.* .gnu.linkonce.r.*)
 .rodata        0x00001d10      0x128 .\ARM_GCC_484\Debug\LAB_TWO.a(cyfitter_cfg.o)
 .rodata        0x00001e38       0x30 .\ARM_GCC_484\Debug\LAB_TWO.a(CyLib.o)
                0x00001e38                cyImoFreqMhz2Reg
                0x00001e68                . = ALIGN (0x4)
 *(.init)
 .init          0x00001e68        0x4 c:/program files (x86)/cypress/psoc creator/3.2/psoc creator/import/gnu/arm/4.8.4/bin/../lib/gcc/arm-none-eabi/4.8.4/armv6-m/crti.o
                0x00001e68                _init
 .init          0x00001e6c        0x8 c:/program files (x86)/cypress/psoc creator/3.2/psoc creator/import/gnu/arm/4.8.4/bin/../lib/gcc/arm-none-eabi/4.8.4/armv6-m/crtn.o
                0x00001e74                . = ALIGN (0x4)
                0x00001e74                __preinit_array_start = .
 *(.preinit_array)
                0x00001e74                __preinit_array_end = .
                0x00001e74                . = ALIGN (0x4)
                0x00001e74                __init_array_start = .
 *(SORT(.init_array.*))
 *(.init_array)
 .init_array    0x00001e74        0x4 c:/program files (x86)/cypress/psoc creator/3.2/psoc creator/import/gnu/arm/4.8.4/bin/../lib/gcc/arm-none-eabi/4.8.4/armv6-m/crtbegin.o
 .init_array    0x00001e78        0x4 .\ARM_GCC_484\Debug\Cm0Start.o
                0x00001e7c                __init_array_end = .
                0x00001e7c                . = ALIGN (0x4)
 *(.fini)
 .fini          0x00001e7c        0x4 c:/program files (x86)/cypress/psoc creator/3.2/psoc creator/import/gnu/arm/4.8.4/bin/../lib/gcc/arm-none-eabi/4.8.4/armv6-m/crti.o
                0x00001e7c                _fini
 .fini          0x00001e80        0x8 c:/program files (x86)/cypress/psoc creator/3.2/psoc creator/import/gnu/arm/4.8.4/bin/../lib/gcc/arm-none-eabi/4.8.4/armv6-m/crtn.o
                0x00001e88                . = ALIGN (0x4)
                0x00001e88                __fini_array_start = .
 *(.fini_array)
 .fini_array    0x00001e88        0x4 c:/program files (x86)/cypress/psoc creator/3.2/psoc creator/import/gnu/arm/4.8.4/bin/../lib/gcc/arm-none-eabi/4.8.4/armv6-m/crtbegin.o
 *(SORT(.fini_array.*))
                0x00001e8c                __fini_array_end = .
                0x00001e8c                . = ALIGN (0x4)
 *crtbegin.o(.ctors)
 *(EXCLUDE_FILE(*crtend.o) .ctors)
 *(SORT(.ctors.*))
 *crtend.o(.ctors)
                0x00001e8c                . = ALIGN (0x4)
 *crtbegin.o(.dtors)
 *(EXCLUDE_FILE(*crtend.o) .dtors)
 *(SORT(.dtors.*))
 *crtend.o(.dtors)
                0x00001e8c                . = ALIGN (0x4)
                0x00001e8c                __cy_regions = .
                0x00001e8c        0x4 LONG 0x1ea0 __cy_region_init_ram
                0x00001e90        0x4 LONG 0x200000d0 __cy_region_start_data
                0x00001e94        0x4 LONG 0x18 __cy_region_init_size_ram
                0x00001e98        0x4 LONG 0x20 __cy_region_zero_size_ram
                0x00001e9c                __cy_regions_end = .
                0x00001ea0                . = ALIGN (0x8)
 *fill*         0x00001e9c        0x4 
                0x00001ea0                _etext = .

.ramvectors     0x20000000       0xc0
                0x20000000                __cy_region_start_ram = .
 *(.ramvectors)
 .ramvectors    0x20000000       0xc0 .\ARM_GCC_484\Debug\Cm0Start.o
                0x20000000                CyRamVectors

.btldr_run      0x200000c0        0x4
 *(.bootloaderruntype)
 .bootloaderruntype
                0x200000c0        0x4 .\ARM_GCC_484\Debug\Cm0Start.o
                0x200000c0                cyBtldrRunType

.noinit         0x200000c8        0x4
 *(.noinit)
 .noinit        0x200000c8        0x4 .\ARM_GCC_484\Debug\Cm0Start.o

.data           0x200000d0       0x18 load address 0x00001ea0
                0x200000d0                __cy_region_start_data = .
 *(.jcr)
 .jcr           0x200000d0        0x0 c:/program files (x86)/cypress/psoc creator/3.2/psoc creator/import/gnu/arm/4.8.4/bin/../lib/gcc/arm-none-eabi/4.8.4/armv6-m/crtbegin.o
 .jcr           0x200000d0        0x4 c:/program files (x86)/cypress/psoc creator/3.2/psoc creator/import/gnu/arm/4.8.4/bin/../lib/gcc/arm-none-eabi/4.8.4/armv6-m/crtend.o
 *(.got.plt)
 *(.got)
 *(.shdata)
 *(.data .data.* .gnu.linkonce.d.*)
 .data          0x200000d4       0x10 .\ARM_GCC_484\Debug\LAB_TWO.a(CyLib.o)
                0x200000d4                cydelayFreqHz
                0x200000d8                cydelayFreqKhz
                0x200000dc                cydelayFreqMhz
                0x200000e0                cydelay32kMs
                0x200000e8                . = ALIGN (0x8)
 *fill*         0x200000e4        0x4 
 *(.ram)
                0x200000e8                _edata = .

.igot.plt       0x200000e8        0x0 load address 0x00001eb8
 .igot.plt      0x00000000        0x0 c:/program files (x86)/cypress/psoc creator/3.2/psoc creator/import/gnu/arm/4.8.4/bin/../lib/gcc/arm-none-eabi/4.8.4/armv6-m/crtbegin.o

.bss            0x200000e8       0x20 load address 0x00001eb8
                0x200000e8                PROVIDE (__bss_start__, .)
 *(.shbss)
 *(.bss .bss.* .gnu.linkonce.b.*)
 .bss           0x200000e8       0x1c c:/program files (x86)/cypress/psoc creator/3.2/psoc creator/import/gnu/arm/4.8.4/bin/../lib/gcc/arm-none-eabi/4.8.4/armv6-m/crtbegin.o
 .bss           0x20000104        0x1 .\ARM_GCC_484\Debug\LAB_TWO.a(TIMER_1.o)
                0x20000104                TIMER_1_initVar
 .bss           0x20000105        0x1 .\ARM_GCC_484\Debug\LAB_TWO.a(PWM_1.o)
                0x20000105                PWM_1_initVar
 .bss           0x20000106        0x1 .\ARM_GCC_484\Debug\LAB_TWO.a(PWM_2.o)
                0x20000106                PWM_2_initVar
 *(COMMON)
                0x20000108                . = ALIGN (0x8)
 *fill*         0x20000107        0x1 
 *(.ram.b)
                0x20000108                _end = .
                0x20000108                __end = .
                0x20000108                PROVIDE (end, .)
                0x20000108                PROVIDE (__bss_end__, .)
                0x00001ea0                __cy_region_init_ram = LOADADDR (.data)
                0x00000018                __cy_region_init_size_ram = (_edata - ADDR (.data))
                0x00000020                __cy_region_zero_size_ram = (_end - _edata)

.heap           0x20000108      0x100 load address 0x00001eb8
                0x20000108                . = _end
                0x20000208                . = (. + 0x100)
 *fill*         0x20000108      0x100 
                0x20000208                __cy_heap_limit = .

.stack          0x20000c00      0x400
                0x20000c00                __cy_stack_limit = .
                0x20001000                . = (. + 0x400)
 *fill*         0x20000c00      0x400 
                0x00000001                ASSERT ((__cy_stack_limit >= __cy_heap_limit), region RAM overflowed with stack)

.cyloadermeta   0xf0000000       0x40
 *(.cyloadermeta)
 .cyloadermeta  0xf0000000       0x40 .\ARM_GCC_484\Debug\cybootloader.o
                0xf0000000                cy_meta_loader

.cyloadablemeta
                0x00007fc0       0x40
 *(.cyloadablemeta)
 .cyloadablemeta
                0x00007fc0       0x40 .\ARM_GCC_484\Debug\cymetadata.o
                0x00007fc0                cy_meta_loadable

.cyflashprotect
                0x90400000       0x20
 *(.cyflashprotect)
 .cyflashprotect
                0x90400000       0x20 .\ARM_GCC_484\Debug\cybootloader.o
                0x90400000                cy_meta_flashprotect

.cymeta         0x90500000        0xc
 *(.cymeta)
 .cymeta        0x90500000        0xc .\ARM_GCC_484\Debug\cybootloader.o
                0x90500000                cy_metadata

.cychipprotect  0x90600000        0x4
 *(.cychipprotect)
 .cychipprotect
                0x90600000        0x4 .\ARM_GCC_484\Debug\cybootloader.o
                0x90600000                cy_meta_chipprotect

.rel.dyn        0x00008000        0x0 load address 0x90600004
 .rel.iplt      0x00000000        0x0 c:/program files (x86)/cypress/psoc creator/3.2/psoc creator/import/gnu/arm/4.8.4/bin/../lib/gcc/arm-none-eabi/4.8.4/armv6-m/crtbegin.o

.stab
 *(.stab)

.stabstr
 *(.stabstr)

.debug
 *(.debug)

.line
 *(.line)

.debug_srcinfo
 *(.debug_srcinfo)

.debug_sfnames
 *(.debug_sfnames)

.debug_aranges  0x00000000      0x5b0
 *(.debug_aranges)
 .debug_aranges
                0x00000000       0x28 .\ARM_GCC_484\Debug\main.o
 .debug_aranges
                0x00000028       0x18 .\ARM_GCC_484\Debug\cybootloader.o
 .debug_aranges
                0x00000040       0x18 .\ARM_GCC_484\Debug\cymetadata.o
 .debug_aranges
                0x00000058       0x48 .\ARM_GCC_484\Debug\Cm0Start.o
 .debug_aranges
                0x000000a0       0x50 .\ARM_GCC_484\Debug\LAB_TWO.a(cyfitter_cfg.o)
 .debug_aranges
                0x000000f0       0x28 .\ARM_GCC_484\Debug\LAB_TWO.a(Bootloadable.o)
 .debug_aranges
                0x00000118       0x38 .\ARM_GCC_484\Debug\LAB_TWO.a(CyFlash.o)
 .debug_aranges
                0x00000150      0x170 .\ARM_GCC_484\Debug\LAB_TWO.a(CyLib.o)
 .debug_aranges
                0x000002c0       0x80 .\ARM_GCC_484\Debug\LAB_TWO.a(TIMER_1_IRQ.o)
 .debug_aranges
                0x00000340      0x158 .\ARM_GCC_484\Debug\LAB_TWO.a(TIMER_1.o)
 .debug_aranges
                0x00000498       0x70 .\ARM_GCC_484\Debug\LAB_TWO.a(PWM_1.o)
 .debug_aranges
                0x00000508       0x88 .\ARM_GCC_484\Debug\LAB_TWO.a(PWM_2.o)
 .debug_aranges
                0x00000590       0x20 .\ARM_GCC_484\Debug\LAB_TWO.a(CyBootAsmGnu.o)

.debug_pubnames
 *(.debug_pubnames)

.debug_info     0x00000000     0x22eb
 *(.debug_info .gnu.linkonce.wi.*)
 .debug_info    0x00000000       0xae .\ARM_GCC_484\Debug\main.o
 .debug_info    0x000000ae      0x14d .\ARM_GCC_484\Debug\cybootloader.o
 .debug_info    0x000001fb       0xb1 .\ARM_GCC_484\Debug\cymetadata.o
 .debug_info    0x000002ac      0x30f .\ARM_GCC_484\Debug\Cm0Start.o
 .debug_info    0x000005bb      0x364 .\ARM_GCC_484\Debug\LAB_TWO.a(cyfitter_cfg.o)
 .debug_info    0x0000091f      0x155 .\ARM_GCC_484\Debug\LAB_TWO.a(Bootloadable.o)
 .debug_info    0x00000a74      0x27c .\ARM_GCC_484\Debug\LAB_TWO.a(CyFlash.o)
 .debug_info    0x00000cf0      0x852 .\ARM_GCC_484\Debug\LAB_TWO.a(CyLib.o)
 .debug_info    0x00001542      0x244 .\ARM_GCC_484\Debug\LAB_TWO.a(TIMER_1_IRQ.o)
 .debug_info    0x00001786      0x6f0 .\ARM_GCC_484\Debug\LAB_TWO.a(TIMER_1.o)
 .debug_info    0x00001e76      0x1c3 .\ARM_GCC_484\Debug\LAB_TWO.a(PWM_1.o)
 .debug_info    0x00002039      0x224 .\ARM_GCC_484\Debug\LAB_TWO.a(PWM_2.o)
 .debug_info    0x0000225d       0x8e .\ARM_GCC_484\Debug\LAB_TWO.a(CyBootAsmGnu.o)

.debug_abbrev   0x00000000      0xc68
 *(.debug_abbrev)
 .debug_abbrev  0x00000000       0x5a .\ARM_GCC_484\Debug\main.o
 .debug_abbrev  0x0000005a       0x77 .\ARM_GCC_484\Debug\cybootloader.o
 .debug_abbrev  0x000000d1       0x5d .\ARM_GCC_484\Debug\cymetadata.o
 .debug_abbrev  0x0000012e      0x1b6 .\ARM_GCC_484\Debug\Cm0Start.o
 .debug_abbrev  0x000002e4      0x18a .\ARM_GCC_484\Debug\LAB_TWO.a(cyfitter_cfg.o)
 .debug_abbrev  0x0000046e       0xc0 .\ARM_GCC_484\Debug\LAB_TWO.a(Bootloadable.o)
 .debug_abbrev  0x0000052e      0x120 .\ARM_GCC_484\Debug\LAB_TWO.a(CyFlash.o)
 .debug_abbrev  0x0000064e      0x1a7 .\ARM_GCC_484\Debug\LAB_TWO.a(CyLib.o)
 .debug_abbrev  0x000007f5      0x177 .\ARM_GCC_484\Debug\LAB_TWO.a(TIMER_1_IRQ.o)
 .debug_abbrev  0x0000096c      0x109 .\ARM_GCC_484\Debug\LAB_TWO.a(TIMER_1.o)
 .debug_abbrev  0x00000a75       0xcf .\ARM_GCC_484\Debug\LAB_TWO.a(PWM_1.o)
 .debug_abbrev  0x00000b44      0x110 .\ARM_GCC_484\Debug\LAB_TWO.a(PWM_2.o)
 .debug_abbrev  0x00000c54       0x14 .\ARM_GCC_484\Debug\LAB_TWO.a(CyBootAsmGnu.o)

.debug_line     0x00000000     0x127c
 *(.debug_line)
 .debug_line    0x00000000       0x54 .\ARM_GCC_484\Debug\main.o
 .debug_line    0x00000054       0x55 .\ARM_GCC_484\Debug\cybootloader.o
 .debug_line    0x000000a9       0x53 .\ARM_GCC_484\Debug\cymetadata.o
 .debug_line    0x000000fc      0x1b8 .\ARM_GCC_484\Debug\Cm0Start.o
 .debug_line    0x000002b4      0x199 .\ARM_GCC_484\Debug\LAB_TWO.a(cyfitter_cfg.o)
 .debug_line    0x0000044d       0xa2 .\ARM_GCC_484\Debug\LAB_TWO.a(Bootloadable.o)
 .debug_line    0x000004ef      0x175 .\ARM_GCC_484\Debug\LAB_TWO.a(CyFlash.o)
 .debug_line    0x00000664      0x448 .\ARM_GCC_484\Debug\LAB_TWO.a(CyLib.o)
 .debug_line    0x00000aac      0x171 .\ARM_GCC_484\Debug\LAB_TWO.a(TIMER_1_IRQ.o)
 .debug_line    0x00000c1d      0x36f .\ARM_GCC_484\Debug\LAB_TWO.a(TIMER_1.o)
 .debug_line    0x00000f8c      0x122 .\ARM_GCC_484\Debug\LAB_TWO.a(PWM_1.o)
 .debug_line    0x000010ae      0x165 .\ARM_GCC_484\Debug\LAB_TWO.a(PWM_2.o)
 .debug_line    0x00001213       0x69 .\ARM_GCC_484\Debug\LAB_TWO.a(CyBootAsmGnu.o)

.debug_frame    0x00000000     0x12b8
 *(.debug_frame)
 .debug_frame   0x00000000       0x48 .\ARM_GCC_484\Debug\main.o
 .debug_frame   0x00000048       0xc8 .\ARM_GCC_484\Debug\Cm0Start.o
 .debug_frame   0x00000110       0xe8 .\ARM_GCC_484\Debug\LAB_TWO.a(cyfitter_cfg.o)
 .debug_frame   0x000001f8       0x4c .\ARM_GCC_484\Debug\LAB_TWO.a(Bootloadable.o)
 .debug_frame   0x00000244       0x98 .\ARM_GCC_484\Debug\LAB_TWO.a(CyFlash.o)
 .debug_frame   0x000002dc      0x544 .\ARM_GCC_484\Debug\LAB_TWO.a(CyLib.o)
 .debug_frame   0x00000820      0x190 .\ARM_GCC_484\Debug\LAB_TWO.a(TIMER_1_IRQ.o)
 .debug_frame   0x000009b0      0x52c .\ARM_GCC_484\Debug\LAB_TWO.a(TIMER_1.o)
 .debug_frame   0x00000edc      0x150 .\ARM_GCC_484\Debug\LAB_TWO.a(PWM_1.o)
 .debug_frame   0x0000102c      0x1b0 .\ARM_GCC_484\Debug\LAB_TWO.a(PWM_2.o)
 .debug_frame   0x000011dc       0x20 c:/program files (x86)/cypress/psoc creator/3.2/psoc creator/import/gnu/arm/4.8.4/bin/../lib/gcc/arm-none-eabi/4.8.4/armv6-m\libgcc.a(_udivsi3.o)
 .debug_frame   0x000011fc       0x20 c:/program files (x86)/cypress/psoc creator/3.2/psoc creator/import/gnu/arm/4.8.4/bin/../lib/gcc/arm-none-eabi/4.8.4/../../../../arm-none-eabi/lib/armv6-m\libg_s.a(lib_a-errno.o)
 .debug_frame   0x0000121c       0x28 c:/program files (x86)/cypress/psoc creator/3.2/psoc creator/import/gnu/arm/4.8.4/bin/../lib/gcc/arm-none-eabi/4.8.4/../../../../arm-none-eabi/lib/armv6-m\libg_s.a(lib_a-exit.o)
 .debug_frame   0x00001244       0x2c c:/program files (x86)/cypress/psoc creator/3.2/psoc creator/import/gnu/arm/4.8.4/bin/../lib/gcc/arm-none-eabi/4.8.4/../../../../arm-none-eabi/lib/armv6-m\libg_s.a(lib_a-init.o)
 .debug_frame   0x00001270       0x28 c:/program files (x86)/cypress/psoc creator/3.2/psoc creator/import/gnu/arm/4.8.4/bin/../lib/gcc/arm-none-eabi/4.8.4/../../../../arm-none-eabi/lib/armv6-m\libg_s.a(lib_a-memcpy-stub.o)
 .debug_frame   0x00001298       0x20 c:/program files (x86)/cypress/psoc creator/3.2/psoc creator/import/gnu/arm/4.8.4/bin/../lib/gcc/arm-none-eabi/4.8.4/../../../../arm-none-eabi/lib/armv6-m\libg_s.a(lib_a-memset.o)

.debug_str      0x00000000     0x11f9
 *(.debug_str)
 .debug_str     0x00000000      0x142 .\ARM_GCC_484\Debug\main.o
                                0x17b (size before relaxing)
 .debug_str     0x00000142       0x80 .\ARM_GCC_484\Debug\cybootloader.o
                                0x1d9 (size before relaxing)
 .debug_str     0x000001c2       0x37 .\ARM_GCC_484\Debug\cymetadata.o
                                0x196 (size before relaxing)
 .debug_str     0x000001f9      0x144 .\ARM_GCC_484\Debug\Cm0Start.o
                                0x2bd (size before relaxing)
 .debug_str     0x0000033d      0x10a .\ARM_GCC_484\Debug\LAB_TWO.a(cyfitter_cfg.o)
                                0x2a6 (size before relaxing)
 .debug_str     0x00000447       0x73 .\ARM_GCC_484\Debug\LAB_TWO.a(Bootloadable.o)
                                0x200 (size before relaxing)
 .debug_str     0x000004ba      0x142 .\ARM_GCC_484\Debug\LAB_TWO.a(CyFlash.o)
                                0x2d3 (size before relaxing)
 .debug_str     0x000005fc      0x44c .\ARM_GCC_484\Debug\LAB_TWO.a(CyLib.o)
                                0x5fa (size before relaxing)
 .debug_str     0x00000a48      0x14b .\ARM_GCC_484\Debug\LAB_TWO.a(TIMER_1_IRQ.o)
                                0x2f1 (size before relaxing)
 .debug_str     0x00000b93      0x441 .\ARM_GCC_484\Debug\LAB_TWO.a(TIMER_1.o)
                                0x5b8 (size before relaxing)
 .debug_str     0x00000fd4       0xe5 .\ARM_GCC_484\Debug\LAB_TWO.a(PWM_1.o)
                                0x258 (size before relaxing)
 .debug_str     0x000010b9      0x140 .\ARM_GCC_484\Debug\LAB_TWO.a(PWM_2.o)
                                0x2bb (size before relaxing)

.debug_loc
 *(.debug_loc)

.debug_macinfo
 *(.debug_macinfo)

.debug_ranges   0x00000000      0x4c0
 *(.debug_ranges)
 .debug_ranges  0x00000000       0x18 .\ARM_GCC_484\Debug\main.o
 .debug_ranges  0x00000018       0x38 .\ARM_GCC_484\Debug\Cm0Start.o
 .debug_ranges  0x00000050       0x40 .\ARM_GCC_484\Debug\LAB_TWO.a(cyfitter_cfg.o)
 .debug_ranges  0x00000090       0x18 .\ARM_GCC_484\Debug\LAB_TWO.a(Bootloadable.o)
 .debug_ranges  0x000000a8       0x28 .\ARM_GCC_484\Debug\LAB_TWO.a(CyFlash.o)
 .debug_ranges  0x000000d0      0x160 .\ARM_GCC_484\Debug\LAB_TWO.a(CyLib.o)
 .debug_ranges  0x00000230       0x70 .\ARM_GCC_484\Debug\LAB_TWO.a(TIMER_1_IRQ.o)
 .debug_ranges  0x000002a0      0x148 .\ARM_GCC_484\Debug\LAB_TWO.a(TIMER_1.o)
 .debug_ranges  0x000003e8       0x60 .\ARM_GCC_484\Debug\LAB_TWO.a(PWM_1.o)
 .debug_ranges  0x00000448       0x78 .\ARM_GCC_484\Debug\LAB_TWO.a(PWM_2.o)

.comment        0x00000000       0x70
 .comment       0x00000000       0x70 .\ARM_GCC_484\Debug\main.o
                                 0x71 (size before relaxing)
 .comment       0x00000000       0x71 .\ARM_GCC_484\Debug\cybootloader.o
 .comment       0x00000000       0x71 .\ARM_GCC_484\Debug\cymetadata.o
 .comment       0x00000000       0x71 .\ARM_GCC_484\Debug\Cm0Start.o
 .comment       0x00000000       0x71 .\ARM_GCC_484\Debug\LAB_TWO.a(cyfitter_cfg.o)
 .comment       0x00000000       0x71 .\ARM_GCC_484\Debug\LAB_TWO.a(Bootloadable.o)
 .comment       0x00000000       0x71 .\ARM_GCC_484\Debug\LAB_TWO.a(CyFlash.o)
 .comment       0x00000000       0x71 .\ARM_GCC_484\Debug\LAB_TWO.a(CyLib.o)
 .comment       0x00000000       0x71 .\ARM_GCC_484\Debug\LAB_TWO.a(TIMER_1_IRQ.o)
 .comment       0x00000000       0x71 .\ARM_GCC_484\Debug\LAB_TWO.a(TIMER_1.o)
 .comment       0x00000000       0x71 .\ARM_GCC_484\Debug\LAB_TWO.a(PWM_1.o)
 .comment       0x00000000       0x71 .\ARM_GCC_484\Debug\LAB_TWO.a(PWM_2.o)

.debug_weaknames
 *(.debug_weaknames)

.debug_funcnames
 *(.debug_funcnames)

.debug_typenames
 *(.debug_typenames)

.debug_varnames
 *(.debug_varnames)

.note.gnu.arm.ident
 *(.note.gnu.arm.ident)

.ARM.attributes
                0x00000000       0x28
 *(.ARM.attributes)
 .ARM.attributes
                0x00000000       0x1e c:/program files (x86)/cypress/psoc creator/3.2/psoc creator/import/gnu/arm/4.8.4/bin/../lib/gcc/arm-none-eabi/4.8.4/armv6-m/crti.o
 .ARM.attributes
                0x0000001e       0x2c c:/program files (x86)/cypress/psoc creator/3.2/psoc creator/import/gnu/arm/4.8.4/bin/../lib/gcc/arm-none-eabi/4.8.4/armv6-m/crtbegin.o
 .ARM.attributes
                0x0000004a       0x1b c:/program files (x86)/cypress/psoc creator/3.2/psoc creator/import/gnu/arm/4.8.4/bin/../lib/gcc/arm-none-eabi/4.8.4/../../../../arm-none-eabi/lib/armv6-m/crt0.o
 .ARM.attributes
                0x00000065       0x31 .\ARM_GCC_484\Debug\main.o
 .ARM.attributes
                0x00000096       0x31 .\ARM_GCC_484\Debug\cybootloader.o
 .ARM.attributes
                0x000000c7       0x31 .\ARM_GCC_484\Debug\cymetadata.o
 .ARM.attributes
                0x000000f8       0x31 .\ARM_GCC_484\Debug\Cm0Start.o
 .ARM.attributes
                0x00000129       0x31 .\ARM_GCC_484\Debug\LAB_TWO.a(cyfitter_cfg.o)
 .ARM.attributes
                0x0000015a       0x31 .\ARM_GCC_484\Debug\LAB_TWO.a(Bootloadable.o)
 .ARM.attributes
                0x0000018b       0x31 .\ARM_GCC_484\Debug\LAB_TWO.a(CyFlash.o)
 .ARM.attributes
                0x000001bc       0x31 .\ARM_GCC_484\Debug\LAB_TWO.a(CyLib.o)
 .ARM.attributes
                0x000001ed       0x31 .\ARM_GCC_484\Debug\LAB_TWO.a(TIMER_1_IRQ.o)
 .ARM.attributes
                0x0000021e       0x31 .\ARM_GCC_484\Debug\LAB_TWO.a(TIMER_1.o)
 .ARM.attributes
                0x0000024f       0x31 .\ARM_GCC_484\Debug\LAB_TWO.a(PWM_1.o)
 .ARM.attributes
                0x00000280       0x31 .\ARM_GCC_484\Debug\LAB_TWO.a(PWM_2.o)
 .ARM.attributes
                0x000002b1       0x21 .\ARM_GCC_484\Debug\LAB_TWO.a(CyBootAsmGnu.o)
 .ARM.attributes
                0x000002d2       0x1e c:/program files (x86)/cypress/psoc creator/3.2/psoc creator/import/gnu/arm/4.8.4/bin/../lib/gcc/arm-none-eabi/4.8.4/armv6-m\libgcc.a(_udivsi3.o)
 .ARM.attributes
                0x000002f0       0x1e c:/program files (x86)/cypress/psoc creator/3.2/psoc creator/import/gnu/arm/4.8.4/bin/../lib/gcc/arm-none-eabi/4.8.4/armv6-m\libgcc.a(_dvmd_tls.o)
 .ARM.attributes
                0x0000030e       0x2c c:/program files (x86)/cypress/psoc creator/3.2/psoc creator/import/gnu/arm/4.8.4/bin/../lib/gcc/arm-none-eabi/4.8.4/../../../../arm-none-eabi/lib/armv6-m\libg_s.a(lib_a-errno.o)
 .ARM.attributes
                0x0000033a       0x2c c:/program files (x86)/cypress/psoc creator/3.2/psoc creator/import/gnu/arm/4.8.4/bin/../lib/gcc/arm-none-eabi/4.8.4/../../../../arm-none-eabi/lib/armv6-m\libg_s.a(lib_a-exit.o)
 .ARM.attributes
                0x00000366       0x2c c:/program files (x86)/cypress/psoc creator/3.2/psoc creator/import/gnu/arm/4.8.4/bin/../lib/gcc/arm-none-eabi/4.8.4/../../../../arm-none-eabi/lib/armv6-m\libg_s.a(lib_a-impure.o)
 .ARM.attributes
                0x00000392       0x2c c:/program files (x86)/cypress/psoc creator/3.2/psoc creator/import/gnu/arm/4.8.4/bin/../lib/gcc/arm-none-eabi/4.8.4/../../../../arm-none-eabi/lib/armv6-m\libg_s.a(lib_a-init.o)
 .ARM.attributes
                0x000003be       0x2c c:/program files (x86)/cypress/psoc creator/3.2/psoc creator/import/gnu/arm/4.8.4/bin/../lib/gcc/arm-none-eabi/4.8.4/../../../../arm-none-eabi/lib/armv6-m\libg_s.a(lib_a-memcpy-stub.o)
 .ARM.attributes
                0x000003ea       0x2c c:/program files (x86)/cypress/psoc creator/3.2/psoc creator/import/gnu/arm/4.8.4/bin/../lib/gcc/arm-none-eabi/4.8.4/../../../../arm-none-eabi/lib/armv6-m\libg_s.a(lib_a-memset.o)
 .ARM.attributes
                0x00000416       0x2c c:/program files (x86)/cypress/psoc creator/3.2/psoc creator/import/gnu/arm/4.8.4/bin/../lib/gcc/arm-none-eabi/4.8.4/armv6-m/crtend.o
 .ARM.attributes
                0x00000442       0x1e c:/program files (x86)/cypress/psoc creator/3.2/psoc creator/import/gnu/arm/4.8.4/bin/../lib/gcc/arm-none-eabi/4.8.4/armv6-m/crtn.o

/DISCARD/
 *(.note.GNU-stack)
OUTPUT(.\ARM_GCC_484\Debug\LAB_TWO.elf elf32-littlearm)
