Archive member included because of file (symbol)

.\ARM_GCC_484\Debug\UART_Bootloader.a(cyfitter_cfg.o)
                              .\ARM_GCC_484\Debug\Cm0Start.o (cyfitter_cfg)
.\ARM_GCC_484\Debug\UART_Bootloader.a(Bootloader.o)
                              .\ARM_GCC_484\Debug\Cm0Start.o (CyBtldr_CheckLaunch)
.\ARM_GCC_484\Debug\UART_Bootloader.a(UART.o)
                              .\ARM_GCC_484\Debug\UART_Btldr.o (UART_Start)
.\ARM_GCC_484\Debug\UART_Bootloader.a(UART_SPI_UART.o)
                              .\ARM_GCC_484\Debug\UART_Btldr.o (UART_SpiUartReadRxData)
.\ARM_GCC_484\Debug\UART_Bootloader.a(UART_UART.o)
                              .\ARM_GCC_484\Debug\UART_Bootloader.a(UART.o) (UART_UartInit)
.\ARM_GCC_484\Debug\UART_Bootloader.a(PWM.o)
                              .\ARM_GCC_484\Debug\main.o (PWM_Start)
.\ARM_GCC_484\Debug\UART_Bootloader.a(Boot_P0_7.o)
                              .\ARM_GCC_484\Debug\main.o (Boot_P0_7_Read)
.\ARM_GCC_484\Debug\UART_Bootloader.a(CyBootAsmGnu.o)
                              .\ARM_GCC_484\Debug\UART_Bootloader.a(PWM.o) (CyEnterCriticalSection)
.\ARM_GCC_484\Debug\UART_Bootloader.a(CyFlash.o)
                              .\ARM_GCC_484\Debug\UART_Bootloader.a(Bootloader.o) (CySysFlashWriteRow)
.\ARM_GCC_484\Debug\UART_Bootloader.a(CyLib.o)
                              .\ARM_GCC_484\Debug\UART_Bootloader.a(UART_UART.o) (CyIntSetVector)
.\ARM_GCC_484\Debug\UART_Bootloader.a(UART_SPI_UART_INT.o)
                              .\ARM_GCC_484\Debug\UART_Bootloader.a(UART_UART.o) (UART_SPI_UART_ISR)
c:/program files (x86)/cypress/psoc creator/3.2/psoc creator/import/gnu/arm/4.8.4/bin/../lib/gcc/arm-none-eabi/4.8.4/armv6-m\libgcc.a(_thumb1_case_uqi.o)
                              .\ARM_GCC_484\Debug\UART_Bootloader.a(Bootloader.o) (__gnu_thumb1_case_uqi)
c:/program files (x86)/cypress/psoc creator/3.2/psoc creator/import/gnu/arm/4.8.4/bin/../lib/gcc/arm-none-eabi/4.8.4/armv6-m\libgcc.a(_thumb1_case_shi.o)
                              .\ARM_GCC_484\Debug\UART_Bootloader.a(Bootloader.o) (__gnu_thumb1_case_shi)
c:/program files (x86)/cypress/psoc creator/3.2/psoc creator/import/gnu/arm/4.8.4/bin/../lib/gcc/arm-none-eabi/4.8.4/armv6-m\libgcc.a(_udivsi3.o)
                              .\ARM_GCC_484\Debug\UART_Bootloader.a(CyLib.o) (__aeabi_uidiv)
c:/program files (x86)/cypress/psoc creator/3.2/psoc creator/import/gnu/arm/4.8.4/bin/../lib/gcc/arm-none-eabi/4.8.4/armv6-m\libgcc.a(_dvmd_tls.o)
                              c:/program files (x86)/cypress/psoc creator/3.2/psoc creator/import/gnu/arm/4.8.4/bin/../lib/gcc/arm-none-eabi/4.8.4/armv6-m\libgcc.a(_udivsi3.o) (__aeabi_idiv0)
c:/program files (x86)/cypress/psoc creator/3.2/psoc creator/import/gnu/arm/4.8.4/bin/../lib/gcc/arm-none-eabi/4.8.4/../../../../arm-none-eabi/lib/armv6-m\libg_s.a(lib_a-errno.o)
                              .\ARM_GCC_484\Debug\Cm0Start.o (__errno)
c:/program files (x86)/cypress/psoc creator/3.2/psoc creator/import/gnu/arm/4.8.4/bin/../lib/gcc/arm-none-eabi/4.8.4/../../../../arm-none-eabi/lib/armv6-m\libg_s.a(lib_a-exit.o)
                              c:/program files (x86)/cypress/psoc creator/3.2/psoc creator/import/gnu/arm/4.8.4/bin/../lib/gcc/arm-none-eabi/4.8.4/../../../../arm-none-eabi/lib/armv6-m/crt0.o (exit)
c:/program files (x86)/cypress/psoc creator/3.2/psoc creator/import/gnu/arm/4.8.4/bin/../lib/gcc/arm-none-eabi/4.8.4/../../../../arm-none-eabi/lib/armv6-m\libg_s.a(lib_a-impure.o)
                              c:/program files (x86)/cypress/psoc creator/3.2/psoc creator/import/gnu/arm/4.8.4/bin/../lib/gcc/arm-none-eabi/4.8.4/../../../../arm-none-eabi/lib/armv6-m\libg_s.a(lib_a-exit.o) (_global_impure_ptr)
c:/program files (x86)/cypress/psoc creator/3.2/psoc creator/import/gnu/arm/4.8.4/bin/../lib/gcc/arm-none-eabi/4.8.4/../../../../arm-none-eabi/lib/armv6-m\libg_s.a(lib_a-init.o)
                              c:/program files (x86)/cypress/psoc creator/3.2/psoc creator/import/gnu/arm/4.8.4/bin/../lib/gcc/arm-none-eabi/4.8.4/../../../../arm-none-eabi/lib/armv6-m/crt0.o (__libc_init_array)
c:/program files (x86)/cypress/psoc creator/3.2/psoc creator/import/gnu/arm/4.8.4/bin/../lib/gcc/arm-none-eabi/4.8.4/../../../../arm-none-eabi/lib/armv6-m\libg_s.a(lib_a-memcpy-stub.o)
                              .\ARM_GCC_484\Debug\UART_Bootloader.a(Bootloader.o) (memcpy)
c:/program files (x86)/cypress/psoc creator/3.2/psoc creator/import/gnu/arm/4.8.4/bin/../lib/gcc/arm-none-eabi/4.8.4/../../../../arm-none-eabi/lib/armv6-m\libg_s.a(lib_a-memset.o)
                              c:/program files (x86)/cypress/psoc creator/3.2/psoc creator/import/gnu/arm/4.8.4/bin/../lib/gcc/arm-none-eabi/4.8.4/../../../../arm-none-eabi/lib/armv6-m/crt0.o (memset)

Allocating common symbols
Common symbol       size              file

UART_txBufferTail   0x4               .\ARM_GCC_484\Debug\UART_Bootloader.a(UART_SPI_UART.o)
UART_txBufferHead   0x4               .\ARM_GCC_484\Debug\UART_Bootloader.a(UART_SPI_UART.o)
UART_rxBufferTail   0x4               .\ARM_GCC_484\Debug\UART_Bootloader.a(UART_SPI_UART.o)
UART_txBufferInternal
                    0x40              .\ARM_GCC_484\Debug\UART_Bootloader.a(UART_SPI_UART.o)
UART_rxBufferInternal
                    0x41              .\ARM_GCC_484\Debug\UART_Bootloader.a(UART_SPI_UART.o)
UART_rxBufferOverflow
                    0x1               .\ARM_GCC_484\Debug\UART_Bootloader.a(UART_SPI_UART.o)
UART_rxBufferHead   0x4               .\ARM_GCC_484\Debug\UART_Bootloader.a(UART_SPI_UART.o)

Discarded input sections

 .text          0x00000000        0x0 c:/program files (x86)/cypress/psoc creator/3.2/psoc creator/import/gnu/arm/4.8.4/bin/../lib/gcc/arm-none-eabi/4.8.4/armv6-m/crti.o
 .data          0x00000000        0x0 c:/program files (x86)/cypress/psoc creator/3.2/psoc creator/import/gnu/arm/4.8.4/bin/../lib/gcc/arm-none-eabi/4.8.4/armv6-m/crti.o
 .bss           0x00000000        0x0 c:/program files (x86)/cypress/psoc creator/3.2/psoc creator/import/gnu/arm/4.8.4/bin/../lib/gcc/arm-none-eabi/4.8.4/armv6-m/crti.o
 .data          0x00000000        0x4 c:/program files (x86)/cypress/psoc creator/3.2/psoc creator/import/gnu/arm/4.8.4/bin/../lib/gcc/arm-none-eabi/4.8.4/armv6-m/crtbegin.o
 .text          0x00000000       0x78 c:/program files (x86)/cypress/psoc creator/3.2/psoc creator/import/gnu/arm/4.8.4/bin/../lib/gcc/arm-none-eabi/4.8.4/../../../../arm-none-eabi/lib/armv6-m/crt0.o
 .data          0x00000000        0x0 c:/program files (x86)/cypress/psoc creator/3.2/psoc creator/import/gnu/arm/4.8.4/bin/../lib/gcc/arm-none-eabi/4.8.4/../../../../arm-none-eabi/lib/armv6-m/crt0.o
 .bss           0x00000000        0x0 c:/program files (x86)/cypress/psoc creator/3.2/psoc creator/import/gnu/arm/4.8.4/bin/../lib/gcc/arm-none-eabi/4.8.4/../../../../arm-none-eabi/lib/armv6-m/crt0.o
 .ARM.extab     0x00000000        0x0 c:/program files (x86)/cypress/psoc creator/3.2/psoc creator/import/gnu/arm/4.8.4/bin/../lib/gcc/arm-none-eabi/4.8.4/../../../../arm-none-eabi/lib/armv6-m/crt0.o
 .ARM.exidx     0x00000000        0x8 c:/program files (x86)/cypress/psoc creator/3.2/psoc creator/import/gnu/arm/4.8.4/bin/../lib/gcc/arm-none-eabi/4.8.4/../../../../arm-none-eabi/lib/armv6-m/crt0.o
 .text          0x00000000        0x0 .\ARM_GCC_484\Debug\main.o
 .data          0x00000000        0x0 .\ARM_GCC_484\Debug\main.o
 .bss           0x00000000        0x0 .\ARM_GCC_484\Debug\main.o
 .text          0x00000000        0x0 .\ARM_GCC_484\Debug\UART_Btldr.o
 .data          0x00000000        0x0 .\ARM_GCC_484\Debug\UART_Btldr.o
 .text.CyBtldrCommStop
                0x00000000        0x8 .\ARM_GCC_484\Debug\UART_Btldr.o
 .text.CyBtldrCommReset
                0x00000000        0xc .\ARM_GCC_484\Debug\UART_Btldr.o
 .text          0x00000000        0x0 .\ARM_GCC_484\Debug\cymetadata.o
 .data          0x00000000        0x0 .\ARM_GCC_484\Debug\cymetadata.o
 .bss           0x00000000        0x0 .\ARM_GCC_484\Debug\cymetadata.o
 .text          0x00000000        0x0 .\ARM_GCC_484\Debug\Cm0Start.o
 .data          0x00000000        0x4 .\ARM_GCC_484\Debug\Cm0Start.o
 .bss           0x00000000        0x0 .\ARM_GCC_484\Debug\Cm0Start.o
 .text._exit    0x00000000        0xa .\ARM_GCC_484\Debug\Cm0Start.o
 .text._sbrk    0x00000000       0x30 .\ARM_GCC_484\Debug\Cm0Start.o
 .text          0x00000000        0x0 .\ARM_GCC_484\Debug\UART_Bootloader.a(cyfitter_cfg.o)
 .data          0x00000000        0x0 .\ARM_GCC_484\Debug\UART_Bootloader.a(cyfitter_cfg.o)
 .bss           0x00000000        0x0 .\ARM_GCC_484\Debug\UART_Bootloader.a(cyfitter_cfg.o)
 .text          0x00000000        0x0 .\ARM_GCC_484\Debug\UART_Bootloader.a(Bootloader.o)
 .bss           0x00000000        0x0 .\ARM_GCC_484\Debug\UART_Bootloader.a(Bootloader.o)
 .text.Bootloader_SetFlashByte
                0x00000000       0x2c .\ARM_GCC_484\Debug\UART_Bootloader.a(Bootloader.o)
 .text.Bootloader_Exit
                0x00000000       0x34 .\ARM_GCC_484\Debug\UART_Bootloader.a(Bootloader.o)
 .text          0x00000000        0x0 .\ARM_GCC_484\Debug\UART_Bootloader.a(UART.o)
 .data          0x00000000        0x0 .\ARM_GCC_484\Debug\UART_Bootloader.a(UART.o)
 .text.UART_Init
                0x00000000        0x8 .\ARM_GCC_484\Debug\UART_Bootloader.a(UART.o)
 .text.UART_Stop
                0x00000000       0x2c .\ARM_GCC_484\Debug\UART_Bootloader.a(UART.o)
 .text.UART_SetRxFifoLevel
                0x00000000       0x14 .\ARM_GCC_484\Debug\UART_Bootloader.a(UART.o)
 .text.UART_SetTxFifoLevel
                0x00000000       0x14 .\ARM_GCC_484\Debug\UART_Bootloader.a(UART.o)
 .text.UART_SetCustomInterruptHandler
                0x00000000        0xc .\ARM_GCC_484\Debug\UART_Bootloader.a(UART.o)
 .text.UART_I2CSlaveNackGeneration
                0x00000000       0x3c .\ARM_GCC_484\Debug\UART_Bootloader.a(UART.o)
 .text          0x00000000        0x0 .\ARM_GCC_484\Debug\UART_Bootloader.a(UART_SPI_UART.o)
 .data          0x00000000        0x0 .\ARM_GCC_484\Debug\UART_Bootloader.a(UART_SPI_UART.o)
 .bss           0x00000000        0x0 .\ARM_GCC_484\Debug\UART_Bootloader.a(UART_SPI_UART.o)
 .text.UART_SpiUartGetTxBufferSize
                0x00000000       0x1c .\ARM_GCC_484\Debug\UART_Bootloader.a(UART_SPI_UART.o)
 .text.UART_SpiUartDisableIntRx
                0x00000000       0x10 .\ARM_GCC_484\Debug\UART_Bootloader.a(UART_SPI_UART.o)
 .text.UART_SpiUartDisableIntTx
                0x00000000       0x10 .\ARM_GCC_484\Debug\UART_Bootloader.a(UART_SPI_UART.o)
 .text          0x00000000        0x0 .\ARM_GCC_484\Debug\UART_Bootloader.a(UART_UART.o)
 .data          0x00000000        0x0 .\ARM_GCC_484\Debug\UART_Bootloader.a(UART_UART.o)
 .bss           0x00000000        0x0 .\ARM_GCC_484\Debug\UART_Bootloader.a(UART_UART.o)
 .text.UART_UartStop
                0x00000000       0x10 .\ARM_GCC_484\Debug\UART_Bootloader.a(UART_UART.o)
 .text.UART_UartSetRxAddress
                0x00000000       0x14 .\ARM_GCC_484\Debug\UART_Bootloader.a(UART_UART.o)
 .text.UART_UartSetRxAddressMask
                0x00000000       0x18 .\ARM_GCC_484\Debug\UART_Bootloader.a(UART_UART.o)
 .text.UART_UartGetChar
                0x00000000       0x28 .\ARM_GCC_484\Debug\UART_Bootloader.a(UART_UART.o)
 .text.UART_UartGetByte
                0x00000000       0x44 .\ARM_GCC_484\Debug\UART_Bootloader.a(UART_UART.o)
 .text.UART_UartPutString
                0x00000000       0x16 .\ARM_GCC_484\Debug\UART_Bootloader.a(UART_UART.o)
 .text.UART_UartPutCRLF
                0x00000000       0x14 .\ARM_GCC_484\Debug\UART_Bootloader.a(UART_UART.o)
 .text          0x00000000        0x0 .\ARM_GCC_484\Debug\UART_Bootloader.a(PWM.o)
 .data          0x00000000        0x0 .\ARM_GCC_484\Debug\UART_Bootloader.a(PWM.o)
 .text.PWM_Stop
                0x00000000       0x1c .\ARM_GCC_484\Debug\UART_Bootloader.a(PWM.o)
 .text.PWM_SetMode
                0x00000000       0x28 .\ARM_GCC_484\Debug\UART_Bootloader.a(PWM.o)
 .text.PWM_SetQDMode
                0x00000000       0x28 .\ARM_GCC_484\Debug\UART_Bootloader.a(PWM.o)
 .text.PWM_SetPrescaler
                0x00000000       0x28 .\ARM_GCC_484\Debug\UART_Bootloader.a(PWM.o)
 .text.PWM_SetOneShot
                0x00000000       0x2c .\ARM_GCC_484\Debug\UART_Bootloader.a(PWM.o)
 .text.PWM_SetPWMMode
                0x00000000       0x10 .\ARM_GCC_484\Debug\UART_Bootloader.a(PWM.o)
 .text.PWM_SetPWMSyncKill
                0x00000000       0x28 .\ARM_GCC_484\Debug\UART_Bootloader.a(PWM.o)
 .text.PWM_SetPWMStopOnKill
                0x00000000       0x28 .\ARM_GCC_484\Debug\UART_Bootloader.a(PWM.o)
 .text.PWM_SetPWMDeadTime
                0x00000000       0x2c .\ARM_GCC_484\Debug\UART_Bootloader.a(PWM.o)
 .text.PWM_SetPWMInvert
                0x00000000       0x28 .\ARM_GCC_484\Debug\UART_Bootloader.a(PWM.o)
 .text.PWM_WriteCounter
                0x00000000        0xc .\ARM_GCC_484\Debug\UART_Bootloader.a(PWM.o)
 .text.PWM_ReadCounter
                0x00000000        0xc .\ARM_GCC_484\Debug\UART_Bootloader.a(PWM.o)
 .text.PWM_SetCounterMode
                0x00000000       0x28 .\ARM_GCC_484\Debug\UART_Bootloader.a(PWM.o)
 .text.PWM_WritePeriod
                0x00000000        0xc .\ARM_GCC_484\Debug\UART_Bootloader.a(PWM.o)
 .text.PWM_ReadPeriod
                0x00000000        0xc .\ARM_GCC_484\Debug\UART_Bootloader.a(PWM.o)
 .text.PWM_SetCompareSwap
                0x00000000       0x24 .\ARM_GCC_484\Debug\UART_Bootloader.a(PWM.o)
 .text.PWM_WritePeriodBuf
                0x00000000        0xc .\ARM_GCC_484\Debug\UART_Bootloader.a(PWM.o)
 .text.PWM_ReadPeriodBuf
                0x00000000        0xc .\ARM_GCC_484\Debug\UART_Bootloader.a(PWM.o)
 .text.PWM_SetPeriodSwap
                0x00000000       0x28 .\ARM_GCC_484\Debug\UART_Bootloader.a(PWM.o)
 .text.PWM_WriteCompare
                0x00000000        0xc .\ARM_GCC_484\Debug\UART_Bootloader.a(PWM.o)
 .text.PWM_ReadCompare
                0x00000000        0xc .\ARM_GCC_484\Debug\UART_Bootloader.a(PWM.o)
 .text.PWM_WriteCompareBuf
                0x00000000        0xc .\ARM_GCC_484\Debug\UART_Bootloader.a(PWM.o)
 .text.PWM_ReadCompareBuf
                0x00000000        0xc .\ARM_GCC_484\Debug\UART_Bootloader.a(PWM.o)
 .text.PWM_ReadCapture
                0x00000000        0xc .\ARM_GCC_484\Debug\UART_Bootloader.a(PWM.o)
 .text.PWM_ReadCaptureBuf
                0x00000000        0xc .\ARM_GCC_484\Debug\UART_Bootloader.a(PWM.o)
 .text.PWM_SetCaptureMode
                0x00000000       0x24 .\ARM_GCC_484\Debug\UART_Bootloader.a(PWM.o)
 .text.PWM_SetReloadMode
                0x00000000       0x24 .\ARM_GCC_484\Debug\UART_Bootloader.a(PWM.o)
 .text.PWM_SetStartMode
                0x00000000       0x28 .\ARM_GCC_484\Debug\UART_Bootloader.a(PWM.o)
 .text.PWM_SetStopMode
                0x00000000       0x24 .\ARM_GCC_484\Debug\UART_Bootloader.a(PWM.o)
 .text.PWM_SetCountMode
                0x00000000       0x24 .\ARM_GCC_484\Debug\UART_Bootloader.a(PWM.o)
 .text.PWM_TriggerCommand
                0x00000000       0x1c .\ARM_GCC_484\Debug\UART_Bootloader.a(PWM.o)
 .text.PWM_ReadStatus
                0x00000000       0x14 .\ARM_GCC_484\Debug\UART_Bootloader.a(PWM.o)
 .text.PWM_SetInterruptMode
                0x00000000        0xc .\ARM_GCC_484\Debug\UART_Bootloader.a(PWM.o)
 .text.PWM_GetInterruptSourceMasked
                0x00000000        0xc .\ARM_GCC_484\Debug\UART_Bootloader.a(PWM.o)
 .text.PWM_GetInterruptSource
                0x00000000        0xc .\ARM_GCC_484\Debug\UART_Bootloader.a(PWM.o)
 .text.PWM_ClearInterrupt
                0x00000000        0xc .\ARM_GCC_484\Debug\UART_Bootloader.a(PWM.o)
 .text.PWM_SetInterrupt
                0x00000000        0xc .\ARM_GCC_484\Debug\UART_Bootloader.a(PWM.o)
 .text          0x00000000        0x0 .\ARM_GCC_484\Debug\UART_Bootloader.a(Boot_P0_7.o)
 .data          0x00000000        0x0 .\ARM_GCC_484\Debug\UART_Bootloader.a(Boot_P0_7.o)
 .bss           0x00000000        0x0 .\ARM_GCC_484\Debug\UART_Bootloader.a(Boot_P0_7.o)
 .text.Boot_P0_7_Write
                0x00000000       0x18 .\ARM_GCC_484\Debug\UART_Bootloader.a(Boot_P0_7.o)
 .text.Boot_P0_7_SetDriveMode
                0x00000000       0x1c .\ARM_GCC_484\Debug\UART_Bootloader.a(Boot_P0_7.o)
 .text.Boot_P0_7_ReadDataReg
                0x00000000       0x10 .\ARM_GCC_484\Debug\UART_Bootloader.a(Boot_P0_7.o)
 .text.Boot_P0_7_ClearInterrupt
                0x00000000       0x14 .\ARM_GCC_484\Debug\UART_Bootloader.a(Boot_P0_7.o)
 .data          0x00000000        0x0 .\ARM_GCC_484\Debug\UART_Bootloader.a(CyBootAsmGnu.o)
 .bss           0x00000000        0x0 .\ARM_GCC_484\Debug\UART_Bootloader.a(CyBootAsmGnu.o)
 .text          0x00000000        0x0 .\ARM_GCC_484\Debug\UART_Bootloader.a(CyFlash.o)
 .data          0x00000000        0x0 .\ARM_GCC_484\Debug\UART_Bootloader.a(CyFlash.o)
 .text.CySysFlashSetWaitCycles
                0x00000000       0x2c .\ARM_GCC_484\Debug\UART_Bootloader.a(CyFlash.o)
 .text          0x00000000        0x0 .\ARM_GCC_484\Debug\UART_Bootloader.a(CyLib.o)
 .bss           0x00000000       0x18 .\ARM_GCC_484\Debug\UART_Bootloader.a(CyLib.o)
 .text.CySysClkImoStart
                0x00000000       0x14 .\ARM_GCC_484\Debug\UART_Bootloader.a(CyLib.o)
 .text.CySysClkImoStop
                0x00000000       0x10 .\ARM_GCC_484\Debug\UART_Bootloader.a(CyLib.o)
 .text.CySysClkWriteHfclkDirect
                0x00000000       0x24 .\ARM_GCC_484\Debug\UART_Bootloader.a(CyLib.o)
 .text.CySysClkWriteSysclkDiv
                0x00000000       0x2c .\ARM_GCC_484\Debug\UART_Bootloader.a(CyLib.o)
 .text.CySysLvdDisable
                0x00000000       0x20 .\ARM_GCC_484\Debug\UART_Bootloader.a(CyLib.o)
 .text.CySysLvdGetInterruptSource
                0x00000000       0x10 .\ARM_GCC_484\Debug\UART_Bootloader.a(CyLib.o)
 .text.CySysLvdClearInterrupt
                0x00000000        0xc .\ARM_GCC_484\Debug\UART_Bootloader.a(CyLib.o)
 .text.CySysGetResetReason
                0x00000000       0x14 .\ARM_GCC_484\Debug\UART_Bootloader.a(CyLib.o)
 .text.CyDisableInts
                0x00000000       0x10 .\ARM_GCC_484\Debug\UART_Bootloader.a(CyLib.o)
 .text.CyEnableInts
                0x00000000        0xc .\ARM_GCC_484\Debug\UART_Bootloader.a(CyLib.o)
 .text.CyIntSetSysVector
                0x00000000       0x14 .\ARM_GCC_484\Debug\UART_Bootloader.a(CyLib.o)
 .text.CyIntGetSysVector
                0x00000000       0x12 .\ARM_GCC_484\Debug\UART_Bootloader.a(CyLib.o)
 .text.CyIntGetVector
                0x00000000       0x14 .\ARM_GCC_484\Debug\UART_Bootloader.a(CyLib.o)
 .text.CyIntGetPriority
                0x00000000       0x24 .\ARM_GCC_484\Debug\UART_Bootloader.a(CyLib.o)
 .text.CyIntGetState
                0x00000000       0x18 .\ARM_GCC_484\Debug\UART_Bootloader.a(CyLib.o)
 .text.CyIntSetPending
                0x00000000       0x14 .\ARM_GCC_484\Debug\UART_Bootloader.a(CyLib.o)
 .text.CyIntClearPending
                0x00000000       0x14 .\ARM_GCC_484\Debug\UART_Bootloader.a(CyLib.o)
 .text.CySysLvdEnable
                0x00000000       0x44 .\ARM_GCC_484\Debug\UART_Bootloader.a(CyLib.o)
 .text.CyDelayFreq
                0x00000000       0x48 .\ARM_GCC_484\Debug\UART_Bootloader.a(CyLib.o)
 .text.CySysTickInit
                0x00000000       0x50 .\ARM_GCC_484\Debug\UART_Bootloader.a(CyLib.o)
 .text.CySysTickStop
                0x00000000       0x10 .\ARM_GCC_484\Debug\UART_Bootloader.a(CyLib.o)
 .text.CySysTickEnableInterrupt
                0x00000000       0x10 .\ARM_GCC_484\Debug\UART_Bootloader.a(CyLib.o)
 .text.CySysTickEnable
                0x00000000       0x18 .\ARM_GCC_484\Debug\UART_Bootloader.a(CyLib.o)
 .text.CySysTickStart
                0x00000000       0x1c .\ARM_GCC_484\Debug\UART_Bootloader.a(CyLib.o)
 .text.CySysTickDisableInterrupt
                0x00000000       0x10 .\ARM_GCC_484\Debug\UART_Bootloader.a(CyLib.o)
 .text.CySysTickSetReload
                0x00000000       0x10 .\ARM_GCC_484\Debug\UART_Bootloader.a(CyLib.o)
 .text.CySysTickGetReload
                0x00000000       0x10 .\ARM_GCC_484\Debug\UART_Bootloader.a(CyLib.o)
 .text.CySysTickGetValue
                0x00000000       0x10 .\ARM_GCC_484\Debug\UART_Bootloader.a(CyLib.o)
 .text.CySysTickGetCountFlag
                0x00000000       0x10 .\ARM_GCC_484\Debug\UART_Bootloader.a(CyLib.o)
 .text.CySysTickServiceCallbacks
                0x00000000       0x24 .\ARM_GCC_484\Debug\UART_Bootloader.a(CyLib.o)
 .text.CySysTickClear
                0x00000000        0xc .\ARM_GCC_484\Debug\UART_Bootloader.a(CyLib.o)
 .text.CySysTickSetCallback
                0x00000000       0x10 .\ARM_GCC_484\Debug\UART_Bootloader.a(CyLib.o)
 .text.CySysTickGetCallback
                0x00000000        0xc .\ARM_GCC_484\Debug\UART_Bootloader.a(CyLib.o)
 .text.CyGetUniqueId
                0x00000000       0x70 .\ARM_GCC_484\Debug\UART_Bootloader.a(CyLib.o)
 .text          0x00000000        0x0 .\ARM_GCC_484\Debug\UART_Bootloader.a(UART_SPI_UART_INT.o)
 .data          0x00000000        0x0 .\ARM_GCC_484\Debug\UART_Bootloader.a(UART_SPI_UART_INT.o)
 .bss           0x00000000        0x0 .\ARM_GCC_484\Debug\UART_Bootloader.a(UART_SPI_UART_INT.o)
 .data          0x00000000        0x0 c:/program files (x86)/cypress/psoc creator/3.2/psoc creator/import/gnu/arm/4.8.4/bin/../lib/gcc/arm-none-eabi/4.8.4/armv6-m\libgcc.a(_thumb1_case_uqi.o)
 .bss           0x00000000        0x0 c:/program files (x86)/cypress/psoc creator/3.2/psoc creator/import/gnu/arm/4.8.4/bin/../lib/gcc/arm-none-eabi/4.8.4/armv6-m\libgcc.a(_thumb1_case_uqi.o)
 .data          0x00000000        0x0 c:/program files (x86)/cypress/psoc creator/3.2/psoc creator/import/gnu/arm/4.8.4/bin/../lib/gcc/arm-none-eabi/4.8.4/armv6-m\libgcc.a(_thumb1_case_shi.o)
 .bss           0x00000000        0x0 c:/program files (x86)/cypress/psoc creator/3.2/psoc creator/import/gnu/arm/4.8.4/bin/../lib/gcc/arm-none-eabi/4.8.4/armv6-m\libgcc.a(_thumb1_case_shi.o)
 .text          0x00000000       0x9c c:/program files (x86)/cypress/psoc creator/3.2/psoc creator/import/gnu/arm/4.8.4/bin/../lib/gcc/arm-none-eabi/4.8.4/armv6-m\libgcc.a(_udivsi3.o)
 .data          0x00000000        0x0 c:/program files (x86)/cypress/psoc creator/3.2/psoc creator/import/gnu/arm/4.8.4/bin/../lib/gcc/arm-none-eabi/4.8.4/armv6-m\libgcc.a(_udivsi3.o)
 .bss           0x00000000        0x0 c:/program files (x86)/cypress/psoc creator/3.2/psoc creator/import/gnu/arm/4.8.4/bin/../lib/gcc/arm-none-eabi/4.8.4/armv6-m\libgcc.a(_udivsi3.o)
 .text          0x00000000        0x4 c:/program files (x86)/cypress/psoc creator/3.2/psoc creator/import/gnu/arm/4.8.4/bin/../lib/gcc/arm-none-eabi/4.8.4/armv6-m\libgcc.a(_dvmd_tls.o)
 .data          0x00000000        0x0 c:/program files (x86)/cypress/psoc creator/3.2/psoc creator/import/gnu/arm/4.8.4/bin/../lib/gcc/arm-none-eabi/4.8.4/armv6-m\libgcc.a(_dvmd_tls.o)
 .bss           0x00000000        0x0 c:/program files (x86)/cypress/psoc creator/3.2/psoc creator/import/gnu/arm/4.8.4/bin/../lib/gcc/arm-none-eabi/4.8.4/armv6-m\libgcc.a(_dvmd_tls.o)
 .text          0x00000000        0x0 c:/program files (x86)/cypress/psoc creator/3.2/psoc creator/import/gnu/arm/4.8.4/bin/../lib/gcc/arm-none-eabi/4.8.4/../../../../arm-none-eabi/lib/armv6-m\libg_s.a(lib_a-errno.o)
 .data          0x00000000        0x0 c:/program files (x86)/cypress/psoc creator/3.2/psoc creator/import/gnu/arm/4.8.4/bin/../lib/gcc/arm-none-eabi/4.8.4/../../../../arm-none-eabi/lib/armv6-m\libg_s.a(lib_a-errno.o)
 .bss           0x00000000        0x0 c:/program files (x86)/cypress/psoc creator/3.2/psoc creator/import/gnu/arm/4.8.4/bin/../lib/gcc/arm-none-eabi/4.8.4/../../../../arm-none-eabi/lib/armv6-m\libg_s.a(lib_a-errno.o)
 .text.__errno  0x00000000        0xc c:/program files (x86)/cypress/psoc creator/3.2/psoc creator/import/gnu/arm/4.8.4/bin/../lib/gcc/arm-none-eabi/4.8.4/../../../../arm-none-eabi/lib/armv6-m\libg_s.a(lib_a-errno.o)
 .text          0x00000000        0x0 c:/program files (x86)/cypress/psoc creator/3.2/psoc creator/import/gnu/arm/4.8.4/bin/../lib/gcc/arm-none-eabi/4.8.4/../../../../arm-none-eabi/lib/armv6-m\libg_s.a(lib_a-exit.o)
 .data          0x00000000        0x0 c:/program files (x86)/cypress/psoc creator/3.2/psoc creator/import/gnu/arm/4.8.4/bin/../lib/gcc/arm-none-eabi/4.8.4/../../../../arm-none-eabi/lib/armv6-m\libg_s.a(lib_a-exit.o)
 .bss           0x00000000        0x0 c:/program files (x86)/cypress/psoc creator/3.2/psoc creator/import/gnu/arm/4.8.4/bin/../lib/gcc/arm-none-eabi/4.8.4/../../../../arm-none-eabi/lib/armv6-m\libg_s.a(lib_a-exit.o)
 .text.exit     0x00000000       0x2c c:/program files (x86)/cypress/psoc creator/3.2/psoc creator/import/gnu/arm/4.8.4/bin/../lib/gcc/arm-none-eabi/4.8.4/../../../../arm-none-eabi/lib/armv6-m\libg_s.a(lib_a-exit.o)
 .text          0x00000000        0x0 c:/program files (x86)/cypress/psoc creator/3.2/psoc creator/import/gnu/arm/4.8.4/bin/../lib/gcc/arm-none-eabi/4.8.4/../../../../arm-none-eabi/lib/armv6-m\libg_s.a(lib_a-impure.o)
 .data          0x00000000        0x0 c:/program files (x86)/cypress/psoc creator/3.2/psoc creator/import/gnu/arm/4.8.4/bin/../lib/gcc/arm-none-eabi/4.8.4/../../../../arm-none-eabi/lib/armv6-m\libg_s.a(lib_a-impure.o)
 .bss           0x00000000        0x0 c:/program files (x86)/cypress/psoc creator/3.2/psoc creator/import/gnu/arm/4.8.4/bin/../lib/gcc/arm-none-eabi/4.8.4/../../../../arm-none-eabi/lib/armv6-m\libg_s.a(lib_a-impure.o)
 .data.impure_data
                0x00000000       0x60 c:/program files (x86)/cypress/psoc creator/3.2/psoc creator/import/gnu/arm/4.8.4/bin/../lib/gcc/arm-none-eabi/4.8.4/../../../../arm-none-eabi/lib/armv6-m\libg_s.a(lib_a-impure.o)
 .data._impure_ptr
                0x00000000        0x4 c:/program files (x86)/cypress/psoc creator/3.2/psoc creator/import/gnu/arm/4.8.4/bin/../lib/gcc/arm-none-eabi/4.8.4/../../../../arm-none-eabi/lib/armv6-m\libg_s.a(lib_a-impure.o)
 .rodata.str1.1
                0x00000000        0x2 c:/program files (x86)/cypress/psoc creator/3.2/psoc creator/import/gnu/arm/4.8.4/bin/../lib/gcc/arm-none-eabi/4.8.4/../../../../arm-none-eabi/lib/armv6-m\libg_s.a(lib_a-impure.o)
 .rodata._global_impure_ptr
                0x00000000        0x4 c:/program files (x86)/cypress/psoc creator/3.2/psoc creator/import/gnu/arm/4.8.4/bin/../lib/gcc/arm-none-eabi/4.8.4/../../../../arm-none-eabi/lib/armv6-m\libg_s.a(lib_a-impure.o)
 .text          0x00000000        0x0 c:/program files (x86)/cypress/psoc creator/3.2/psoc creator/import/gnu/arm/4.8.4/bin/../lib/gcc/arm-none-eabi/4.8.4/../../../../arm-none-eabi/lib/armv6-m\libg_s.a(lib_a-init.o)
 .data          0x00000000        0x0 c:/program files (x86)/cypress/psoc creator/3.2/psoc creator/import/gnu/arm/4.8.4/bin/../lib/gcc/arm-none-eabi/4.8.4/../../../../arm-none-eabi/lib/armv6-m\libg_s.a(lib_a-init.o)
 .bss           0x00000000        0x0 c:/program files (x86)/cypress/psoc creator/3.2/psoc creator/import/gnu/arm/4.8.4/bin/../lib/gcc/arm-none-eabi/4.8.4/../../../../arm-none-eabi/lib/armv6-m\libg_s.a(lib_a-init.o)
 .text          0x00000000        0x0 c:/program files (x86)/cypress/psoc creator/3.2/psoc creator/import/gnu/arm/4.8.4/bin/../lib/gcc/arm-none-eabi/4.8.4/../../../../arm-none-eabi/lib/armv6-m\libg_s.a(lib_a-memcpy-stub.o)
 .data          0x00000000        0x0 c:/program files (x86)/cypress/psoc creator/3.2/psoc creator/import/gnu/arm/4.8.4/bin/../lib/gcc/arm-none-eabi/4.8.4/../../../../arm-none-eabi/lib/armv6-m\libg_s.a(lib_a-memcpy-stub.o)
 .bss           0x00000000        0x0 c:/program files (x86)/cypress/psoc creator/3.2/psoc creator/import/gnu/arm/4.8.4/bin/../lib/gcc/arm-none-eabi/4.8.4/../../../../arm-none-eabi/lib/armv6-m\libg_s.a(lib_a-memcpy-stub.o)
 .text          0x00000000        0x0 c:/program files (x86)/cypress/psoc creator/3.2/psoc creator/import/gnu/arm/4.8.4/bin/../lib/gcc/arm-none-eabi/4.8.4/../../../../arm-none-eabi/lib/armv6-m\libg_s.a(lib_a-memset.o)
 .data          0x00000000        0x0 c:/program files (x86)/cypress/psoc creator/3.2/psoc creator/import/gnu/arm/4.8.4/bin/../lib/gcc/arm-none-eabi/4.8.4/../../../../arm-none-eabi/lib/armv6-m\libg_s.a(lib_a-memset.o)
 .bss           0x00000000        0x0 c:/program files (x86)/cypress/psoc creator/3.2/psoc creator/import/gnu/arm/4.8.4/bin/../lib/gcc/arm-none-eabi/4.8.4/../../../../arm-none-eabi/lib/armv6-m\libg_s.a(lib_a-memset.o)
 .text          0x00000000        0x0 c:/program files (x86)/cypress/psoc creator/3.2/psoc creator/import/gnu/arm/4.8.4/bin/../lib/gcc/arm-none-eabi/4.8.4/armv6-m/crtend.o
 .data          0x00000000        0x0 c:/program files (x86)/cypress/psoc creator/3.2/psoc creator/import/gnu/arm/4.8.4/bin/../lib/gcc/arm-none-eabi/4.8.4/armv6-m/crtend.o
 .bss           0x00000000        0x0 c:/program files (x86)/cypress/psoc creator/3.2/psoc creator/import/gnu/arm/4.8.4/bin/../lib/gcc/arm-none-eabi/4.8.4/armv6-m/crtend.o
 .text          0x00000000        0x0 c:/program files (x86)/cypress/psoc creator/3.2/psoc creator/import/gnu/arm/4.8.4/bin/../lib/gcc/arm-none-eabi/4.8.4/armv6-m/crtn.o
 .data          0x00000000        0x0 c:/program files (x86)/cypress/psoc creator/3.2/psoc creator/import/gnu/arm/4.8.4/bin/../lib/gcc/arm-none-eabi/4.8.4/armv6-m/crtn.o
 .bss           0x00000000        0x0 c:/program files (x86)/cypress/psoc creator/3.2/psoc creator/import/gnu/arm/4.8.4/bin/../lib/gcc/arm-none-eabi/4.8.4/armv6-m/crtn.o

Memory Configuration

Name             Origin             Length             Attributes
rom              0x00000000         0x00008000         xr
ram              0x20000000         0x00001000         xrw
*default*        0x00000000         0xffffffff

Linker script and memory map

LOAD c:/program files (x86)/cypress/psoc creator/3.2/psoc creator/import/gnu/arm/4.8.4/bin/../lib/gcc/arm-none-eabi/4.8.4/armv6-m/crti.o
LOAD c:/program files (x86)/cypress/psoc creator/3.2/psoc creator/import/gnu/arm/4.8.4/bin/../lib/gcc/arm-none-eabi/4.8.4/armv6-m/crtbegin.o
LOAD c:/program files (x86)/cypress/psoc creator/3.2/psoc creator/import/gnu/arm/4.8.4/bin/../lib/gcc/arm-none-eabi/4.8.4/../../../../arm-none-eabi/lib/armv6-m/crt0.o
START GROUP
LOAD .\ARM_GCC_484\Debug\main.o
LOAD .\ARM_GCC_484\Debug\UART_Btldr.o
LOAD .\ARM_GCC_484\Debug\cymetadata.o
LOAD .\ARM_GCC_484\Debug\Cm0Start.o
LOAD .\ARM_GCC_484\Debug\UART_Bootloader.a
LOAD C:\Program Files (x86)\Cypress\PSoC Creator\3.2\PSoC Creator\psoc\content\cycomponentlibrary\CyComponentLibrary.cylib\CortexM0\ARM_GCC_484\Debug\CyComponentLibrary.a
END GROUP
START GROUP
LOAD c:/program files (x86)/cypress/psoc creator/3.2/psoc creator/import/gnu/arm/4.8.4/bin/../lib/gcc/arm-none-eabi/4.8.4/armv6-m\libgcc.a
LOAD c:/program files (x86)/cypress/psoc creator/3.2/psoc creator/import/gnu/arm/4.8.4/bin/../lib/gcc/arm-none-eabi/4.8.4/../../../../arm-none-eabi/lib/armv6-m\libg_s.a
LOAD c:/program files (x86)/cypress/psoc creator/3.2/psoc creator/import/gnu/arm/4.8.4/bin/../lib/gcc/arm-none-eabi/4.8.4/../../../../arm-none-eabi/lib/armv6-m\libc_s.a
END GROUP
START GROUP
LOAD c:/program files (x86)/cypress/psoc creator/3.2/psoc creator/import/gnu/arm/4.8.4/bin/../lib/gcc/arm-none-eabi/4.8.4/armv6-m\libgcc.a
LOAD c:/program files (x86)/cypress/psoc creator/3.2/psoc creator/import/gnu/arm/4.8.4/bin/../lib/gcc/arm-none-eabi/4.8.4/../../../../arm-none-eabi/lib/armv6-m\libc_s.a
END GROUP
LOAD c:/program files (x86)/cypress/psoc creator/3.2/psoc creator/import/gnu/arm/4.8.4/bin/../lib/gcc/arm-none-eabi/4.8.4/armv6-m/crtend.o
LOAD c:/program files (x86)/cypress/psoc creator/3.2/psoc creator/import/gnu/arm/4.8.4/bin/../lib/gcc/arm-none-eabi/4.8.4/armv6-m/crtn.o
START GROUP
LOAD c:/program files (x86)/cypress/psoc creator/3.2/psoc creator/import/gnu/arm/4.8.4/bin/../lib/gcc/arm-none-eabi/4.8.4/armv6-m\libgcc.a
LOAD c:/program files (x86)/cypress/psoc creator/3.2/psoc creator/import/gnu/arm/4.8.4/bin/../lib/gcc/arm-none-eabi/4.8.4/../../../../arm-none-eabi/lib/armv6-m\libc.a
LOAD c:/program files (x86)/cypress/psoc creator/3.2/psoc creator/import/gnu/arm/4.8.4/bin/../lib/gcc/arm-none-eabi/4.8.4/../../../../arm-none-eabi/lib/armv6-m\libnosys.a
END GROUP
                0x00000000                CY_APPL_ORIGIN = 0x0
                0x00000080                CY_FLASH_ROW_SIZE = 0x80
                0x00000001                CY_APPL_NUM = 0x1
                0x00000040                CY_METADATA_SIZE = 0x40
                0x200001b8                PROVIDE (__cy_heap_start, _end)
                0x00000001                PROVIDE (__cy_region_num, ((__cy_regions_end - __cy_regions) / 0x10))
                0x20001000                PROVIDE (__cy_stack, (ORIGIN (ram) + 0x1000))
                0x20000c00                PROVIDE (__cy_heap_end, (__cy_stack - 0x400))

.cybootloader   0x00000000        0x0
 *(.cybootloader)
                0x00000000                appl1_start = CY_APPL_ORIGIN?CY_APPL_ORIGIN:ALIGN (CY_FLASH_ROW_SIZE)
                0x00003f80                appl2_start = (appl1_start + ALIGN ((((0x8000 - appl1_start) - (0x2 * CY_FLASH_ROW_SIZE)) / 0x2), CY_FLASH_ROW_SIZE))
                0x00000000                appl_start = (CY_APPL_NUM == 0x1)?appl1_start:appl2_start

.text           0x00000000     0x10ec
 CREATE_OBJECT_SYMBOLS
                0x00000000                PROVIDE (__cy_interrupt_vector, RomVectors)
 *(.romvectors)
 .romvectors    0x00000000       0x10 .\ARM_GCC_484\Debug\Cm0Start.o
                0x00000000                RomVectors
                0x00000001                ASSERT ((. != __cy_interrupt_vector), No interrupt vector)
                0x00000001                ASSERT (CY_APPL_ORIGIN?(SIZEOF (.cybootloader) <= CY_APPL_ORIGIN):0x1, Wrong image location)
                0x00000010                PROVIDE (__cy_reset, Reset)
 *(.text.Reset)
 .text.Reset    0x00000010        0xa .\ARM_GCC_484\Debug\Cm0Start.o
                0x00000010                Reset
                0x00000001                ASSERT ((. != __cy_reset), No reset code)
 *(.psocinit)
 *fill*         0x0000001a        0x2 
 .psocinit      0x0000001c      0x1a4 .\ARM_GCC_484\Debug\UART_Bootloader.a(cyfitter_cfg.o)
                0x0000001c                cyfitter_cfg
                0x000001c0                . = MAX (., 0x100)
 *(.text .text.* .gnu.linkonce.t.*)
 .text          0x000001c0       0x60 c:/program files (x86)/cypress/psoc creator/3.2/psoc creator/import/gnu/arm/4.8.4/bin/../lib/gcc/arm-none-eabi/4.8.4/armv6-m/crtbegin.o
 .text.startup.main
                0x00000220       0x38 .\ARM_GCC_484\Debug\main.o
                0x00000220                main
 .text.CyBtldrCommStart
                0x00000258       0x10 .\ARM_GCC_484\Debug\UART_Btldr.o
                0x00000258                CyBtldrCommStart
 .text.CyBtldrCommWrite
                0x00000268       0x1c .\ARM_GCC_484\Debug\UART_Btldr.o
                0x00000268                CyBtldrCommWrite
 .text.CyBtldrCommRead
                0x00000284       0xcc .\ARM_GCC_484\Debug\UART_Btldr.o
                0x00000284                CyBtldrCommRead
 .text.IntDefaultHandler
                0x00000350        0x2 .\ARM_GCC_484\Debug\Cm0Start.o
                0x00000350                IntDefaultHandler
 *fill*         0x00000352        0x2 
 .text.Start_c  0x00000354       0x4c .\ARM_GCC_484\Debug\Cm0Start.o
                0x00000354                Start_c
 .text.startup.initialize_psoc
                0x000003a0       0x54 .\ARM_GCC_484\Debug\Cm0Start.o
                0x000003a0                initialize_psoc
 .text.Bootloader_LaunchBootloadable
                0x000003f4        0x2 .\ARM_GCC_484\Debug\UART_Bootloader.a(Bootloader.o)
 .text.Bootloader_Calc8BitSum
                0x000003f6       0x26 .\ARM_GCC_484\Debug\UART_Bootloader.a(Bootloader.o)
                0x000003f6                Bootloader_Calc8BitSum
 .text.Bootloader_GetMetadata
                0x0000041c       0x98 .\ARM_GCC_484\Debug\UART_Bootloader.a(Bootloader.o)
                0x0000041c                Bootloader_GetMetadata
 .text.CyBtldr_CheckLaunch
                0x000004b4       0x3c .\ARM_GCC_484\Debug\UART_Bootloader.a(Bootloader.o)
                0x000004b4                CyBtldr_CheckLaunch
 .text.Bootloader_ValidateBootloadable
                0x000004f0       0x62 .\ARM_GCC_484\Debug\UART_Bootloader.a(Bootloader.o)
                0x000004f0                Bootloader_ValidateBootloadable
 *fill*         0x00000552        0x2 
 .text.Bootloader_HostLink.constprop.0
                0x00000554      0x2b4 .\ARM_GCC_484\Debug\UART_Bootloader.a(Bootloader.o)
 .text.Bootloader_Start
                0x00000808       0x64 .\ARM_GCC_484\Debug\UART_Bootloader.a(Bootloader.o)
                0x00000808                Bootloader_Start
 .text.UART_Enable
                0x0000086c       0x20 .\ARM_GCC_484\Debug\UART_Bootloader.a(UART.o)
                0x0000086c                UART_Enable
 .text.UART_Start
                0x0000088c       0x1c .\ARM_GCC_484\Debug\UART_Bootloader.a(UART.o)
                0x0000088c                UART_Start
 .text.UART_SpiUartReadRxData
                0x000008a8       0x34 .\ARM_GCC_484\Debug\UART_Bootloader.a(UART_SPI_UART.o)
                0x000008a8                UART_SpiUartReadRxData
 .text.UART_SpiUartGetRxBufferSize
                0x000008dc       0x24 .\ARM_GCC_484\Debug\UART_Bootloader.a(UART_SPI_UART.o)
                0x000008dc                UART_SpiUartGetRxBufferSize
 .text.UART_SpiUartClearRxBuffer
                0x00000900       0x54 .\ARM_GCC_484\Debug\UART_Bootloader.a(UART_SPI_UART.o)
                0x00000900                UART_SpiUartClearRxBuffer
 .text.UART_SpiUartWriteTxData
                0x00000954       0x70 .\ARM_GCC_484\Debug\UART_Bootloader.a(UART_SPI_UART.o)
                0x00000954                UART_SpiUartWriteTxData
 .text.UART_SpiUartPutArray
                0x000009c4       0x16 .\ARM_GCC_484\Debug\UART_Bootloader.a(UART_SPI_UART.o)
                0x000009c4                UART_SpiUartPutArray
 *fill*         0x000009da        0x2 
 .text.UART_SpiUartClearTxBuffer
                0x000009dc       0x58 .\ARM_GCC_484\Debug\UART_Bootloader.a(UART_SPI_UART.o)
                0x000009dc                UART_SpiUartClearTxBuffer
 .text.UART_UartInit
                0x00000a34       0xd4 .\ARM_GCC_484\Debug\UART_Bootloader.a(UART_UART.o)
                0x00000a34                UART_UartInit
 .text.UART_UartPostEnable
                0x00000b08       0x14 .\ARM_GCC_484\Debug\UART_Bootloader.a(UART_UART.o)
                0x00000b08                UART_UartPostEnable
 .text.PWM_Init
                0x00000b1c       0x60 .\ARM_GCC_484\Debug\UART_Bootloader.a(PWM.o)
                0x00000b1c                PWM_Init
 .text.PWM_Enable
                0x00000b7c       0x1c .\ARM_GCC_484\Debug\UART_Bootloader.a(PWM.o)
                0x00000b7c                PWM_Enable
 .text.PWM_Start
                0x00000b98       0x1c .\ARM_GCC_484\Debug\UART_Bootloader.a(PWM.o)
                0x00000b98                PWM_Start
 .text.Boot_P0_7_Read
                0x00000bb4       0x10 .\ARM_GCC_484\Debug\UART_Bootloader.a(Boot_P0_7.o)
                0x00000bb4                Boot_P0_7_Read
 *fill*         0x00000bc4        0x4 
 .text          0x00000bc8       0x28 .\ARM_GCC_484\Debug\UART_Bootloader.a(CyBootAsmGnu.o)
                0x00000bc8                CyDelayCycles
                0x00000bdc                CyEnterCriticalSection
                0x00000be4                CyExitCriticalSection
 .text.CySysFlashWriteRow
                0x00000bf0      0x178 .\ARM_GCC_484\Debug\UART_Bootloader.a(CyFlash.o)
                0x00000bf0                CySysFlashWriteRow
 .text.CyIntSetVector
                0x00000d68       0x18 .\ARM_GCC_484\Debug\UART_Bootloader.a(CyLib.o)
                0x00000d68                CyIntSetVector
 .text.CyIntSetPriority
                0x00000d80       0x40 .\ARM_GCC_484\Debug\UART_Bootloader.a(CyLib.o)
                0x00000d80                CyIntSetPriority
 .text.CyIntEnable
                0x00000dc0       0x14 .\ARM_GCC_484\Debug\UART_Bootloader.a(CyLib.o)
                0x00000dc0                CyIntEnable
 .text.CyIntDisable
                0x00000dd4       0x14 .\ARM_GCC_484\Debug\UART_Bootloader.a(CyLib.o)
                0x00000dd4                CyIntDisable
 .text.CyHalt   0x00000de8        0x4 .\ARM_GCC_484\Debug\UART_Bootloader.a(CyLib.o)
                0x00000de8                CyHalt
 .text.CySoftwareReset
                0x00000dec       0x18 .\ARM_GCC_484\Debug\UART_Bootloader.a(CyLib.o)
                0x00000dec                CySoftwareReset
 .text.CyDelay  0x00000e04       0x2c .\ARM_GCC_484\Debug\UART_Bootloader.a(CyLib.o)
                0x00000e04                CyDelay
 .text.CyDelayUs
                0x00000e30       0x14 .\ARM_GCC_484\Debug\UART_Bootloader.a(CyLib.o)
                0x00000e30                CyDelayUs
 .text.CySysClkWriteImoFreq
                0x00000e44      0x124 .\ARM_GCC_484\Debug\UART_Bootloader.a(CyLib.o)
                0x00000e44                CySysClkWriteImoFreq
 .text.UART_SPI_UART_ISR
                0x00000f68       0xe4 .\ARM_GCC_484\Debug\UART_Bootloader.a(UART_SPI_UART_INT.o)
                0x00000f68                UART_SPI_UART_ISR
 .text          0x0000104c       0x14 c:/program files (x86)/cypress/psoc creator/3.2/psoc creator/import/gnu/arm/4.8.4/bin/../lib/gcc/arm-none-eabi/4.8.4/armv6-m\libgcc.a(_thumb1_case_uqi.o)
                0x0000104c                __gnu_thumb1_case_uqi
 .text          0x00001060       0x14 c:/program files (x86)/cypress/psoc creator/3.2/psoc creator/import/gnu/arm/4.8.4/bin/../lib/gcc/arm-none-eabi/4.8.4/armv6-m\libgcc.a(_thumb1_case_shi.o)
                0x00001060                __gnu_thumb1_case_shi
 .text.__libc_init_array
                0x00001074       0x4c c:/program files (x86)/cypress/psoc creator/3.2/psoc creator/import/gnu/arm/4.8.4/bin/../lib/gcc/arm-none-eabi/4.8.4/../../../../arm-none-eabi/lib/armv6-m\libg_s.a(lib_a-init.o)
                0x00001074                __libc_init_array
 .text.memcpy   0x000010c0       0x12 c:/program files (x86)/cypress/psoc creator/3.2/psoc creator/import/gnu/arm/4.8.4/bin/../lib/gcc/arm-none-eabi/4.8.4/../../../../arm-none-eabi/lib/armv6-m\libg_s.a(lib_a-memcpy-stub.o)
                0x000010c0                memcpy
 .text.memset   0x000010d2       0x10 c:/program files (x86)/cypress/psoc creator/3.2/psoc creator/import/gnu/arm/4.8.4/bin/../lib/gcc/arm-none-eabi/4.8.4/../../../../arm-none-eabi/lib/armv6-m\libg_s.a(lib_a-memset.o)
                0x000010d2                memset
 *(.plt)
 *(.gnu.warning)
 *(.glue_7t)
 .glue_7t       0x00000000        0x0 linker stubs
 *(.glue_7)
 .glue_7        0x00000000        0x0 linker stubs
 *(.vfp11_veneer)
 .vfp11_veneer  0x00000000        0x0 linker stubs
 *(.bootloader)
 *fill*         0x000010e2        0x2 
 .bootloader    0x000010e4        0x8 .\ARM_GCC_484\Debug\UART_Bootloader.a(Bootloader.o)
                0x000010e4                Bootloader_SizeBytes
                0x000010e8                Bootloader_Checksum
 *(.ARM.extab* .gnu.linkonce.armextab.*)
 *(.gcc_except_table)

.v4_bx          0x000010ec        0x0
 .v4_bx         0x00000000        0x0 linker stubs

.iplt           0x000010ec        0x0
 .iplt          0x00000000        0x0 c:/program files (x86)/cypress/psoc creator/3.2/psoc creator/import/gnu/arm/4.8.4/bin/../lib/gcc/arm-none-eabi/4.8.4/armv6-m/crtbegin.o

.eh_frame_hdr
 *(.eh_frame_hdr)

.eh_frame       0x000010ec        0x4
 *(.eh_frame)
 .eh_frame      0x000010ec        0x0 c:/program files (x86)/cypress/psoc creator/3.2/psoc creator/import/gnu/arm/4.8.4/bin/../lib/gcc/arm-none-eabi/4.8.4/armv6-m/crtbegin.o
 .eh_frame      0x000010ec        0x4 c:/program files (x86)/cypress/psoc creator/3.2/psoc creator/import/gnu/arm/4.8.4/bin/../lib/gcc/arm-none-eabi/4.8.4/armv6-m/crtend.o
                0x000010f0                PROVIDE (__exidx_start, .)

.ARM.exidx
 *(.ARM.exidx* .gnu.linkonce.armexidx.*)
                0x000010f0                __exidx_end = .

.rodata         0x000010f0       0x90
 *(.rodata .rodata.* .gnu.linkonce.r.*)
 .rodata        0x000010f0       0x24 .\ARM_GCC_484\Debug\UART_Bootloader.a(cyfitter_cfg.o)
 .rodata        0x00001114        0x8 .\ARM_GCC_484\Debug\UART_Bootloader.a(Bootloader.o)
 .rodata        0x0000111c       0x2e .\ARM_GCC_484\Debug\UART_Bootloader.a(CyLib.o)
                0x0000111c                cyImoFreqMhz2Reg
                0x0000114c                . = ALIGN (0x4)
 *fill*         0x0000114a        0x2 
 *(.init)
 .init          0x0000114c        0x4 c:/program files (x86)/cypress/psoc creator/3.2/psoc creator/import/gnu/arm/4.8.4/bin/../lib/gcc/arm-none-eabi/4.8.4/armv6-m/crti.o
                0x0000114c                _init
 .init          0x00001150        0x8 c:/program files (x86)/cypress/psoc creator/3.2/psoc creator/import/gnu/arm/4.8.4/bin/../lib/gcc/arm-none-eabi/4.8.4/armv6-m/crtn.o
                0x00001158                . = ALIGN (0x4)
                0x00001158                __preinit_array_start = .
 *(.preinit_array)
                0x00001158                __preinit_array_end = .
                0x00001158                . = ALIGN (0x4)
                0x00001158                __init_array_start = .
 *(SORT(.init_array.*))
 *(.init_array)
 .init_array    0x00001158        0x4 c:/program files (x86)/cypress/psoc creator/3.2/psoc creator/import/gnu/arm/4.8.4/bin/../lib/gcc/arm-none-eabi/4.8.4/armv6-m/crtbegin.o
 .init_array    0x0000115c        0x4 .\ARM_GCC_484\Debug\Cm0Start.o
                0x00001160                __init_array_end = .
                0x00001160                . = ALIGN (0x4)
 *(.fini)
 .fini          0x00001160        0x4 c:/program files (x86)/cypress/psoc creator/3.2/psoc creator/import/gnu/arm/4.8.4/bin/../lib/gcc/arm-none-eabi/4.8.4/armv6-m/crti.o
                0x00001160                _fini
 .fini          0x00001164        0x8 c:/program files (x86)/cypress/psoc creator/3.2/psoc creator/import/gnu/arm/4.8.4/bin/../lib/gcc/arm-none-eabi/4.8.4/armv6-m/crtn.o
                0x0000116c                . = ALIGN (0x4)
                0x0000116c                __fini_array_start = .
 *(.fini_array)
 .fini_array    0x0000116c        0x4 c:/program files (x86)/cypress/psoc creator/3.2/psoc creator/import/gnu/arm/4.8.4/bin/../lib/gcc/arm-none-eabi/4.8.4/armv6-m/crtbegin.o
 *(SORT(.fini_array.*))
                0x00001170                __fini_array_end = .
                0x00001170                . = ALIGN (0x4)
 *crtbegin.o(.ctors)
 *(EXCLUDE_FILE(*crtend.o) .ctors)
 *(SORT(.ctors.*))
 *crtend.o(.ctors)
                0x00001170                . = ALIGN (0x4)
 *crtbegin.o(.dtors)
 *(EXCLUDE_FILE(*crtend.o) .dtors)
 *(SORT(.dtors.*))
 *crtend.o(.dtors)
                0x00001170                . = ALIGN (0x4)
                0x00001170                __cy_regions = .
                0x00001170        0x4 LONG 0x1180 __cy_region_init_ram
                0x00001174        0x4 LONG 0x200000d0 __cy_region_start_data
                0x00001178        0x4 LONG 0x20 __cy_region_init_size_ram
                0x0000117c        0x4 LONG 0xc8 __cy_region_zero_size_ram
                0x00001180                __cy_regions_end = .
                0x00001180                . = ALIGN (0x8)
                0x00001180                _etext = .

.ramvectors     0x20000000       0xc0
                0x20000000                __cy_region_start_ram = .
 *(.ramvectors)
 .ramvectors    0x20000000       0xc0 .\ARM_GCC_484\Debug\Cm0Start.o
                0x20000000                CyRamVectors

.btldr_run      0x200000c0        0x4
 *(.bootloaderruntype)
 .bootloaderruntype
                0x200000c0        0x4 .\ARM_GCC_484\Debug\Cm0Start.o
                0x200000c0                cyBtldrRunType

.noinit         0x200000c8        0x4
 *(.noinit)
 .noinit        0x200000c8        0x4 .\ARM_GCC_484\Debug\Cm0Start.o

.data           0x200000d0       0x20 load address 0x00001180
                0x200000d0                __cy_region_start_data = .
 *(.jcr)
 .jcr           0x200000d0        0x0 c:/program files (x86)/cypress/psoc creator/3.2/psoc creator/import/gnu/arm/4.8.4/bin/../lib/gcc/arm-none-eabi/4.8.4/armv6-m/crtbegin.o
 .jcr           0x200000d0        0x4 c:/program files (x86)/cypress/psoc creator/3.2/psoc creator/import/gnu/arm/4.8.4/bin/../lib/gcc/arm-none-eabi/4.8.4/armv6-m/crtend.o
 *(.got.plt)
 *(.got)
 *(.shdata)
 *(.data .data.* .gnu.linkonce.d.*)
 .data          0x200000d4        0x8 .\ARM_GCC_484\Debug\UART_Bootloader.a(Bootloader.o)
                0x200000d4                Bootloader_SizeBytesAccess
                0x200000d8                Bootloader_ChecksumAccess
 .data          0x200000dc       0x10 .\ARM_GCC_484\Debug\UART_Bootloader.a(CyLib.o)
                0x200000dc                cydelay32kMs
                0x200000e0                cydelayFreqKhz
                0x200000e4                cydelayFreqMhz
                0x200000e8                cydelayFreqHz
                0x200000f0                . = ALIGN (0x8)
 *fill*         0x200000ec        0x4 
 *(.ram)
                0x200000f0                _edata = .

.igot.plt       0x200000f0        0x0 load address 0x000011a0
 .igot.plt      0x00000000        0x0 c:/program files (x86)/cypress/psoc creator/3.2/psoc creator/import/gnu/arm/4.8.4/bin/../lib/gcc/arm-none-eabi/4.8.4/armv6-m/crtbegin.o

.bss            0x200000f0       0xc8 load address 0x000011a0
                0x200000f0                PROVIDE (__bss_start__, .)
 *(.shbss)
 *(.bss .bss.* .gnu.linkonce.b.*)
 .bss           0x200000f0       0x1c c:/program files (x86)/cypress/psoc creator/3.2/psoc creator/import/gnu/arm/4.8.4/bin/../lib/gcc/arm-none-eabi/4.8.4/armv6-m/crtbegin.o
 .bss           0x2000010c        0x2 .\ARM_GCC_484\Debug\UART_Btldr.o
                0x2000010c                receivedDataCount
 *fill*         0x2000010e        0x2 
 .bss           0x20000110        0x8 .\ARM_GCC_484\Debug\UART_Bootloader.a(UART.o)
                0x20000110                UART_initVar
                0x20000114                UART_customIntrHandler
 .bss           0x20000118        0x1 .\ARM_GCC_484\Debug\UART_Bootloader.a(PWM.o)
                0x20000118                PWM_initVar
 *fill*         0x20000119        0x3 
 .bss           0x2000011c        0x4 .\ARM_GCC_484\Debug\UART_Bootloader.a(CyFlash.o)
 *(COMMON)
 COMMON         0x20000120       0x94 .\ARM_GCC_484\Debug\UART_Bootloader.a(UART_SPI_UART.o)
                0x20000120                UART_txBufferTail
                0x20000124                UART_txBufferHead
                0x20000128                UART_rxBufferTail
                0x2000012c                UART_txBufferInternal
                0x2000016c                UART_rxBufferInternal
                0x200001ad                UART_rxBufferOverflow
                0x200001b0                UART_rxBufferHead
                0x200001b8                . = ALIGN (0x8)
 *fill*         0x200001b4        0x4 
 *(.ram.b)
                0x200001b8                _end = .
                0x200001b8                __end = .
                0x200001b8                PROVIDE (end, .)
                0x200001b8                PROVIDE (__bss_end__, .)
                0x00001180                __cy_region_init_ram = LOADADDR (.data)
                0x00000020                __cy_region_init_size_ram = (_edata - ADDR (.data))
                0x000000c8                __cy_region_zero_size_ram = (_end - _edata)

.heap           0x200001b8      0x100 load address 0x000011a0
                0x200001b8                . = _end
                0x200002b8                . = (. + 0x100)
 *fill*         0x200001b8      0x100 
                0x200002b8                __cy_heap_limit = .

.stack          0x20000c00      0x400
                0x20000c00                __cy_stack_limit = .
                0x20001000                . = (. + 0x400)
 *fill*         0x20000c00      0x400 
                0x00000001                ASSERT ((__cy_stack_limit >= __cy_heap_limit), region RAM overflowed with stack)

.cyloadermeta   0x00007fc0       0x40
 *(.cyloadermeta)
 .cyloadermeta  0x00007fc0       0x40 .\ARM_GCC_484\Debug\cymetadata.o
                0x00007fc0                cy_meta_loader

.cyloadablemeta
 *(.cyloadablemeta)

.cyflashprotect
                0x90400000       0x20
 *(.cyflashprotect)
 .cyflashprotect
                0x90400000       0x20 .\ARM_GCC_484\Debug\cymetadata.o
                0x90400000                cy_meta_flashprotect

.cymeta         0x90500000        0xc
 *(.cymeta)
 .cymeta        0x90500000        0xc .\ARM_GCC_484\Debug\cymetadata.o
                0x90500000                cy_metadata

.cychipprotect  0x90600000        0x1
 *(.cychipprotect)
 .cychipprotect
                0x90600000        0x1 .\ARM_GCC_484\Debug\cymetadata.o
                0x90600000                cy_meta_chipprotect

.rel.dyn        0x000011a0        0x0 load address 0x90600004
 .rel.iplt      0x00000000        0x0 c:/program files (x86)/cypress/psoc creator/3.2/psoc creator/import/gnu/arm/4.8.4/bin/../lib/gcc/arm-none-eabi/4.8.4/armv6-m/crtbegin.o

.stab
 *(.stab)

.stabstr
 *(.stabstr)

.debug
 *(.debug)

.line
 *(.line)

.debug_srcinfo
 *(.debug_srcinfo)

.debug_sfnames
 *(.debug_sfnames)

.debug_aranges  0x00000000      0x5c8
 *(.debug_aranges)
 .debug_aranges
                0x00000000       0x20 .\ARM_GCC_484\Debug\main.o
 .debug_aranges
                0x00000020       0x40 .\ARM_GCC_484\Debug\UART_Btldr.o
 .debug_aranges
                0x00000060       0x18 .\ARM_GCC_484\Debug\cymetadata.o
 .debug_aranges
                0x00000078       0x48 .\ARM_GCC_484\Debug\Cm0Start.o
 .debug_aranges
                0x000000c0       0x20 .\ARM_GCC_484\Debug\UART_Bootloader.a(cyfitter_cfg.o)
 .debug_aranges
                0x000000e0       0x60 .\ARM_GCC_484\Debug\UART_Bootloader.a(Bootloader.o)
 .debug_aranges
                0x00000140       0x58 .\ARM_GCC_484\Debug\UART_Bootloader.a(UART.o)
 .debug_aranges
                0x00000198       0x60 .\ARM_GCC_484\Debug\UART_Bootloader.a(UART_SPI_UART.o)
 .debug_aranges
                0x000001f8       0x60 .\ARM_GCC_484\Debug\UART_Bootloader.a(UART_UART.o)
 .debug_aranges
                0x00000258      0x158 .\ARM_GCC_484\Debug\UART_Bootloader.a(PWM.o)
 .debug_aranges
                0x000003b0       0x40 .\ARM_GCC_484\Debug\UART_Bootloader.a(Boot_P0_7.o)
 .debug_aranges
                0x000003f0       0x20 .\ARM_GCC_484\Debug\UART_Bootloader.a(CyBootAsmGnu.o)
 .debug_aranges
                0x00000410       0x28 .\ARM_GCC_484\Debug\UART_Bootloader.a(CyFlash.o)
 .debug_aranges
                0x00000438      0x170 .\ARM_GCC_484\Debug\UART_Bootloader.a(CyLib.o)
 .debug_aranges
                0x000005a8       0x20 .\ARM_GCC_484\Debug\UART_Bootloader.a(UART_SPI_UART_INT.o)

.debug_pubnames
 *(.debug_pubnames)

.debug_info     0x00000000     0x3d77
 *(.debug_info .gnu.linkonce.wi.*)
 .debug_info    0x00000000      0x139 .\ARM_GCC_484\Debug\main.o
 .debug_info    0x00000139      0x348 .\ARM_GCC_484\Debug\UART_Btldr.o
 .debug_info    0x00000481      0x123 .\ARM_GCC_484\Debug\cymetadata.o
 .debug_info    0x000005a4      0x3ab .\ARM_GCC_484\Debug\Cm0Start.o
 .debug_info    0x0000094f      0x389 .\ARM_GCC_484\Debug\UART_Bootloader.a(cyfitter_cfg.o)
 .debug_info    0x00000cd8      0xade .\ARM_GCC_484\Debug\UART_Bootloader.a(Bootloader.o)
 .debug_info    0x000017b6      0x2e0 .\ARM_GCC_484\Debug\UART_Bootloader.a(UART.o)
 .debug_info    0x00001a96      0x36a .\ARM_GCC_484\Debug\UART_Bootloader.a(UART_SPI_UART.o)
 .debug_info    0x00001e00      0x3c9 .\ARM_GCC_484\Debug\UART_Bootloader.a(UART_UART.o)
 .debug_info    0x000021c9      0x949 .\ARM_GCC_484\Debug\UART_Bootloader.a(PWM.o)
 .debug_info    0x00002b12      0x150 .\ARM_GCC_484\Debug\UART_Bootloader.a(Boot_P0_7.o)
 .debug_info    0x00002c62       0xa3 .\ARM_GCC_484\Debug\UART_Bootloader.a(CyBootAsmGnu.o)
 .debug_info    0x00002d05      0x38a .\ARM_GCC_484\Debug\UART_Bootloader.a(CyFlash.o)
 .debug_info    0x0000308f      0xb6b .\ARM_GCC_484\Debug\UART_Bootloader.a(CyLib.o)
 .debug_info    0x00003bfa      0x17d .\ARM_GCC_484\Debug\UART_Bootloader.a(UART_SPI_UART_INT.o)

.debug_abbrev   0x00000000     0x16f7
 *(.debug_abbrev)
 .debug_abbrev  0x00000000       0xeb .\ARM_GCC_484\Debug\main.o
 .debug_abbrev  0x000000eb      0x160 .\ARM_GCC_484\Debug\UART_Btldr.o
 .debug_abbrev  0x0000024b       0x5d .\ARM_GCC_484\Debug\cymetadata.o
 .debug_abbrev  0x000002a8      0x20f .\ARM_GCC_484\Debug\Cm0Start.o
 .debug_abbrev  0x000004b7      0x203 .\ARM_GCC_484\Debug\UART_Bootloader.a(cyfitter_cfg.o)
 .debug_abbrev  0x000006ba      0x377 .\ARM_GCC_484\Debug\UART_Bootloader.a(Bootloader.o)
 .debug_abbrev  0x00000a31      0x193 .\ARM_GCC_484\Debug\UART_Bootloader.a(UART.o)
 .debug_abbrev  0x00000bc4      0x18f .\ARM_GCC_484\Debug\UART_Bootloader.a(UART_SPI_UART.o)
 .debug_abbrev  0x00000d53      0x18a .\ARM_GCC_484\Debug\UART_Bootloader.a(UART_UART.o)
 .debug_abbrev  0x00000edd      0x1a3 .\ARM_GCC_484\Debug\UART_Bootloader.a(PWM.o)
 .debug_abbrev  0x00001080       0xb7 .\ARM_GCC_484\Debug\UART_Bootloader.a(Boot_P0_7.o)
 .debug_abbrev  0x00001137       0x14 .\ARM_GCC_484\Debug\UART_Bootloader.a(CyBootAsmGnu.o)
 .debug_abbrev  0x0000114b      0x1dc .\ARM_GCC_484\Debug\UART_Bootloader.a(CyFlash.o)
 .debug_abbrev  0x00001327      0x329 .\ARM_GCC_484\Debug\UART_Bootloader.a(CyLib.o)
 .debug_abbrev  0x00001650       0xa7 .\ARM_GCC_484\Debug\UART_Bootloader.a(UART_SPI_UART_INT.o)

.debug_line     0x00000000     0x193d
 *(.debug_line)
 .debug_line    0x00000000       0x9b .\ARM_GCC_484\Debug\main.o
 .debug_line    0x0000009b      0x139 .\ARM_GCC_484\Debug\UART_Btldr.o
 .debug_line    0x000001d4       0x53 .\ARM_GCC_484\Debug\cymetadata.o
 .debug_line    0x00000227      0x217 .\ARM_GCC_484\Debug\Cm0Start.o
 .debug_line    0x0000043e      0x14f .\ARM_GCC_484\Debug\UART_Bootloader.a(cyfitter_cfg.o)
 .debug_line    0x0000058d      0x333 .\ARM_GCC_484\Debug\UART_Bootloader.a(Bootloader.o)
 .debug_line    0x000008c0      0x167 .\ARM_GCC_484\Debug\UART_Bootloader.a(UART.o)
 .debug_line    0x00000a27      0x188 .\ARM_GCC_484\Debug\UART_Bootloader.a(UART_SPI_UART.o)
 .debug_line    0x00000baf      0x1a6 .\ARM_GCC_484\Debug\UART_Bootloader.a(UART_UART.o)
 .debug_line    0x00000d55      0x3ef .\ARM_GCC_484\Debug\UART_Bootloader.a(PWM.o)
 .debug_line    0x00001144       0xb9 .\ARM_GCC_484\Debug\UART_Bootloader.a(Boot_P0_7.o)
 .debug_line    0x000011fd       0x69 .\ARM_GCC_484\Debug\UART_Bootloader.a(CyBootAsmGnu.o)
 .debug_line    0x00001266      0x155 .\ARM_GCC_484\Debug\UART_Bootloader.a(CyFlash.o)
 .debug_line    0x000013bb      0x4bf .\ARM_GCC_484\Debug\UART_Bootloader.a(CyLib.o)
 .debug_line    0x0000187a       0xc3 .\ARM_GCC_484\Debug\UART_Bootloader.a(UART_SPI_UART_INT.o)

.debug_frame    0x00000000      0xe18
 *(.debug_frame)
 .debug_frame   0x00000000       0x2c .\ARM_GCC_484\Debug\main.o
 .debug_frame   0x0000002c       0xac .\ARM_GCC_484\Debug\UART_Btldr.o
 .debug_frame   0x000000d8       0xb0 .\ARM_GCC_484\Debug\Cm0Start.o
 .debug_frame   0x00000188       0x3c .\ARM_GCC_484\Debug\UART_Bootloader.a(cyfitter_cfg.o)
 .debug_frame   0x000001c4      0x12c .\ARM_GCC_484\Debug\UART_Bootloader.a(Bootloader.o)
 .debug_frame   0x000002f0       0xc0 .\ARM_GCC_484\Debug\UART_Bootloader.a(UART.o)
 .debug_frame   0x000003b0       0xd4 .\ARM_GCC_484\Debug\UART_Bootloader.a(UART_SPI_UART.o)
 .debug_frame   0x00000484       0xdc .\ARM_GCC_484\Debug\UART_Bootloader.a(UART_UART.o)
 .debug_frame   0x00000560      0x384 .\ARM_GCC_484\Debug\UART_Bootloader.a(PWM.o)
 .debug_frame   0x000008e4       0x6c .\ARM_GCC_484\Debug\UART_Bootloader.a(Boot_P0_7.o)
 .debug_frame   0x00000950       0x54 .\ARM_GCC_484\Debug\UART_Bootloader.a(CyFlash.o)
 .debug_frame   0x000009a4      0x36c .\ARM_GCC_484\Debug\UART_Bootloader.a(CyLib.o)
 .debug_frame   0x00000d10       0x2c .\ARM_GCC_484\Debug\UART_Bootloader.a(UART_SPI_UART_INT.o)
 .debug_frame   0x00000d3c       0x20 c:/program files (x86)/cypress/psoc creator/3.2/psoc creator/import/gnu/arm/4.8.4/bin/../lib/gcc/arm-none-eabi/4.8.4/armv6-m\libgcc.a(_udivsi3.o)
 .debug_frame   0x00000d5c       0x20 c:/program files (x86)/cypress/psoc creator/3.2/psoc creator/import/gnu/arm/4.8.4/bin/../lib/gcc/arm-none-eabi/4.8.4/../../../../arm-none-eabi/lib/armv6-m\libg_s.a(lib_a-errno.o)
 .debug_frame   0x00000d7c       0x28 c:/program files (x86)/cypress/psoc creator/3.2/psoc creator/import/gnu/arm/4.8.4/bin/../lib/gcc/arm-none-eabi/4.8.4/../../../../arm-none-eabi/lib/armv6-m\libg_s.a(lib_a-exit.o)
 .debug_frame   0x00000da4       0x2c c:/program files (x86)/cypress/psoc creator/3.2/psoc creator/import/gnu/arm/4.8.4/bin/../lib/gcc/arm-none-eabi/4.8.4/../../../../arm-none-eabi/lib/armv6-m\libg_s.a(lib_a-init.o)
 .debug_frame   0x00000dd0       0x28 c:/program files (x86)/cypress/psoc creator/3.2/psoc creator/import/gnu/arm/4.8.4/bin/../lib/gcc/arm-none-eabi/4.8.4/../../../../arm-none-eabi/lib/armv6-m\libg_s.a(lib_a-memcpy-stub.o)
 .debug_frame   0x00000df8       0x20 c:/program files (x86)/cypress/psoc creator/3.2/psoc creator/import/gnu/arm/4.8.4/bin/../lib/gcc/arm-none-eabi/4.8.4/../../../../arm-none-eabi/lib/armv6-m\libg_s.a(lib_a-memset.o)

.debug_str      0x00000000     0x1634
 *(.debug_str)
 .debug_str     0x00000000      0x199 .\ARM_GCC_484\Debug\main.o
                                0x1d2 (size before relaxing)
 .debug_str     0x00000199      0x157 .\ARM_GCC_484\Debug\UART_Btldr.o
                                0x2ec (size before relaxing)
 .debug_str     0x000002f0       0x6a .\ARM_GCC_484\Debug\cymetadata.o
                                0x1de (size before relaxing)
 .debug_str     0x0000035a      0x170 .\ARM_GCC_484\Debug\Cm0Start.o
                                0x319 (size before relaxing)
 .debug_str     0x000004ca       0xeb .\ARM_GCC_484\Debug\UART_Bootloader.a(cyfitter_cfg.o)
                                0x2b0 (size before relaxing)
 .debug_str     0x000005b5      0x32b .\ARM_GCC_484\Debug\UART_Bootloader.a(Bootloader.o)
                                0x552 (size before relaxing)
 .debug_str     0x000008e0      0x174 .\ARM_GCC_484\Debug\UART_Bootloader.a(UART.o)
                                0x30a (size before relaxing)
 .debug_str     0x00000a54      0x155 .\ARM_GCC_484\Debug\UART_Bootloader.a(UART_SPI_UART.o)
                                0x376 (size before relaxing)
 .debug_str     0x00000ba9       0xfb .\ARM_GCC_484\Debug\UART_Bootloader.a(UART_UART.o)
                                0x38a (size before relaxing)
 .debug_str     0x00000ca4      0x3c1 .\ARM_GCC_484\Debug\UART_Bootloader.a(PWM.o)
                                0x552 (size before relaxing)
 .debug_str     0x00001065       0x8e .\ARM_GCC_484\Debug\UART_Bootloader.a(Boot_P0_7.o)
                                0x220 (size before relaxing)
 .debug_str     0x000010f3      0x12c .\ARM_GCC_484\Debug\UART_Bootloader.a(CyFlash.o)
                                0x323 (size before relaxing)
 .debug_str     0x0000121f      0x3d6 .\ARM_GCC_484\Debug\UART_Bootloader.a(CyLib.o)
                                0x64a (size before relaxing)
 .debug_str     0x000015f5       0x3f .\ARM_GCC_484\Debug\UART_Bootloader.a(UART_SPI_UART_INT.o)
                                0x27e (size before relaxing)

.debug_loc      0x00000000     0x228b
 *(.debug_loc)
 .debug_loc     0x00000000       0x44 .\ARM_GCC_484\Debug\main.o
 .debug_loc     0x00000044      0x229 .\ARM_GCC_484\Debug\UART_Btldr.o
 .debug_loc     0x0000026d      0x1eb .\ARM_GCC_484\Debug\Cm0Start.o
 .debug_loc     0x00000458      0x180 .\ARM_GCC_484\Debug\UART_Bootloader.a(cyfitter_cfg.o)
 .debug_loc     0x000005d8      0xbb4 .\ARM_GCC_484\Debug\UART_Bootloader.a(Bootloader.o)
 .debug_loc     0x0000118c       0x3c .\ARM_GCC_484\Debug\UART_Bootloader.a(UART.o)
 .debug_loc     0x000011c8      0x156 .\ARM_GCC_484\Debug\UART_Bootloader.a(UART_SPI_UART.o)
 .debug_loc     0x0000131e      0x18c .\ARM_GCC_484\Debug\UART_Bootloader.a(UART_UART.o)
 .debug_loc     0x000014aa      0x547 .\ARM_GCC_484\Debug\UART_Bootloader.a(PWM.o)
 .debug_loc     0x000019f1       0x7d .\ARM_GCC_484\Debug\UART_Bootloader.a(Boot_P0_7.o)
 .debug_loc     0x00001a6e      0x261 .\ARM_GCC_484\Debug\UART_Bootloader.a(CyFlash.o)
 .debug_loc     0x00001ccf      0x57f .\ARM_GCC_484\Debug\UART_Bootloader.a(CyLib.o)
 .debug_loc     0x0000224e       0x3d .\ARM_GCC_484\Debug\UART_Bootloader.a(UART_SPI_UART_INT.o)

.debug_macinfo
 *(.debug_macinfo)

.debug_ranges   0x00000000      0x660
 *(.debug_ranges)
 .debug_ranges  0x00000000       0x10 .\ARM_GCC_484\Debug\main.o
 .debug_ranges  0x00000010       0x30 .\ARM_GCC_484\Debug\UART_Btldr.o
 .debug_ranges  0x00000040       0x38 .\ARM_GCC_484\Debug\Cm0Start.o
 .debug_ranges  0x00000078       0x48 .\ARM_GCC_484\Debug\UART_Bootloader.a(cyfitter_cfg.o)
 .debug_ranges  0x000000c0       0xf8 .\ARM_GCC_484\Debug\UART_Bootloader.a(Bootloader.o)
 .debug_ranges  0x000001b8       0x48 .\ARM_GCC_484\Debug\UART_Bootloader.a(UART.o)
 .debug_ranges  0x00000200       0x50 .\ARM_GCC_484\Debug\UART_Bootloader.a(UART_SPI_UART.o)
 .debug_ranges  0x00000250       0x50 .\ARM_GCC_484\Debug\UART_Bootloader.a(UART_UART.o)
 .debug_ranges  0x000002a0      0x160 .\ARM_GCC_484\Debug\UART_Bootloader.a(PWM.o)
 .debug_ranges  0x00000400       0x30 .\ARM_GCC_484\Debug\UART_Bootloader.a(Boot_P0_7.o)
 .debug_ranges  0x00000430       0x30 .\ARM_GCC_484\Debug\UART_Bootloader.a(CyFlash.o)
 .debug_ranges  0x00000460      0x1f0 .\ARM_GCC_484\Debug\UART_Bootloader.a(CyLib.o)
 .debug_ranges  0x00000650       0x10 .\ARM_GCC_484\Debug\UART_Bootloader.a(UART_SPI_UART_INT.o)

.comment        0x00000000       0x70
 .comment       0x00000000       0x70 .\ARM_GCC_484\Debug\main.o
                                 0x71 (size before relaxing)
 .comment       0x00000000       0x71 .\ARM_GCC_484\Debug\UART_Btldr.o
 .comment       0x00000000       0x71 .\ARM_GCC_484\Debug\cymetadata.o
 .comment       0x00000000       0x71 .\ARM_GCC_484\Debug\Cm0Start.o
 .comment       0x00000000       0x71 .\ARM_GCC_484\Debug\UART_Bootloader.a(cyfitter_cfg.o)
 .comment       0x00000000       0x71 .\ARM_GCC_484\Debug\UART_Bootloader.a(Bootloader.o)
 .comment       0x00000000       0x71 .\ARM_GCC_484\Debug\UART_Bootloader.a(UART.o)
 .comment       0x00000000       0x71 .\ARM_GCC_484\Debug\UART_Bootloader.a(UART_SPI_UART.o)
 .comment       0x00000000       0x71 .\ARM_GCC_484\Debug\UART_Bootloader.a(UART_UART.o)
 .comment       0x00000000       0x71 .\ARM_GCC_484\Debug\UART_Bootloader.a(PWM.o)
 .comment       0x00000000       0x71 .\ARM_GCC_484\Debug\UART_Bootloader.a(Boot_P0_7.o)
 .comment       0x00000000       0x71 .\ARM_GCC_484\Debug\UART_Bootloader.a(CyFlash.o)
 .comment       0x00000000       0x71 .\ARM_GCC_484\Debug\UART_Bootloader.a(CyLib.o)
 .comment       0x00000000       0x71 .\ARM_GCC_484\Debug\UART_Bootloader.a(UART_SPI_UART_INT.o)

.debug_weaknames
 *(.debug_weaknames)

.debug_funcnames
 *(.debug_funcnames)

.debug_typenames
 *(.debug_typenames)

.debug_varnames
 *(.debug_varnames)

.note.gnu.arm.ident
 *(.note.gnu.arm.ident)

.ARM.attributes
                0x00000000       0x28
 *(.ARM.attributes)
 .ARM.attributes
                0x00000000       0x1e c:/program files (x86)/cypress/psoc creator/3.2/psoc creator/import/gnu/arm/4.8.4/bin/../lib/gcc/arm-none-eabi/4.8.4/armv6-m/crti.o
 .ARM.attributes
                0x0000001e       0x2c c:/program files (x86)/cypress/psoc creator/3.2/psoc creator/import/gnu/arm/4.8.4/bin/../lib/gcc/arm-none-eabi/4.8.4/armv6-m/crtbegin.o
 .ARM.attributes
                0x0000004a       0x1b c:/program files (x86)/cypress/psoc creator/3.2/psoc creator/import/gnu/arm/4.8.4/bin/../lib/gcc/arm-none-eabi/4.8.4/../../../../arm-none-eabi/lib/armv6-m/crt0.o
 .ARM.attributes
                0x00000065       0x31 .\ARM_GCC_484\Debug\main.o
 .ARM.attributes
                0x00000096       0x31 .\ARM_GCC_484\Debug\UART_Btldr.o
 .ARM.attributes
                0x000000c7       0x31 .\ARM_GCC_484\Debug\cymetadata.o
 .ARM.attributes
                0x000000f8       0x31 .\ARM_GCC_484\Debug\Cm0Start.o
 .ARM.attributes
                0x00000129       0x31 .\ARM_GCC_484\Debug\UART_Bootloader.a(cyfitter_cfg.o)
 .ARM.attributes
                0x0000015a       0x31 .\ARM_GCC_484\Debug\UART_Bootloader.a(Bootloader.o)
 .ARM.attributes
                0x0000018b       0x31 .\ARM_GCC_484\Debug\UART_Bootloader.a(UART.o)
 .ARM.attributes
                0x000001bc       0x31 .\ARM_GCC_484\Debug\UART_Bootloader.a(UART_SPI_UART.o)
 .ARM.attributes
                0x000001ed       0x31 .\ARM_GCC_484\Debug\UART_Bootloader.a(UART_UART.o)
 .ARM.attributes
                0x0000021e       0x31 .\ARM_GCC_484\Debug\UART_Bootloader.a(PWM.o)
 .ARM.attributes
                0x0000024f       0x31 .\ARM_GCC_484\Debug\UART_Bootloader.a(Boot_P0_7.o)
 .ARM.attributes
                0x00000280       0x21 .\ARM_GCC_484\Debug\UART_Bootloader.a(CyBootAsmGnu.o)
 .ARM.attributes
                0x000002a1       0x31 .\ARM_GCC_484\Debug\UART_Bootloader.a(CyFlash.o)
 .ARM.attributes
                0x000002d2       0x31 .\ARM_GCC_484\Debug\UART_Bootloader.a(CyLib.o)
 .ARM.attributes
                0x00000303       0x31 .\ARM_GCC_484\Debug\UART_Bootloader.a(UART_SPI_UART_INT.o)
 .ARM.attributes
                0x00000334       0x1e c:/program files (x86)/cypress/psoc creator/3.2/psoc creator/import/gnu/arm/4.8.4/bin/../lib/gcc/arm-none-eabi/4.8.4/armv6-m\libgcc.a(_thumb1_case_uqi.o)
 .ARM.attributes
                0x00000352       0x1e c:/program files (x86)/cypress/psoc creator/3.2/psoc creator/import/gnu/arm/4.8.4/bin/../lib/gcc/arm-none-eabi/4.8.4/armv6-m\libgcc.a(_thumb1_case_shi.o)
 .ARM.attributes
                0x00000370       0x1e c:/program files (x86)/cypress/psoc creator/3.2/psoc creator/import/gnu/arm/4.8.4/bin/../lib/gcc/arm-none-eabi/4.8.4/armv6-m\libgcc.a(_udivsi3.o)
 .ARM.attributes
                0x0000038e       0x1e c:/program files (x86)/cypress/psoc creator/3.2/psoc creator/import/gnu/arm/4.8.4/bin/../lib/gcc/arm-none-eabi/4.8.4/armv6-m\libgcc.a(_dvmd_tls.o)
 .ARM.attributes
                0x000003ac       0x2c c:/program files (x86)/cypress/psoc creator/3.2/psoc creator/import/gnu/arm/4.8.4/bin/../lib/gcc/arm-none-eabi/4.8.4/../../../../arm-none-eabi/lib/armv6-m\libg_s.a(lib_a-errno.o)
 .ARM.attributes
                0x000003d8       0x2c c:/program files (x86)/cypress/psoc creator/3.2/psoc creator/import/gnu/arm/4.8.4/bin/../lib/gcc/arm-none-eabi/4.8.4/../../../../arm-none-eabi/lib/armv6-m\libg_s.a(lib_a-exit.o)
 .ARM.attributes
                0x00000404       0x2c c:/program files (x86)/cypress/psoc creator/3.2/psoc creator/import/gnu/arm/4.8.4/bin/../lib/gcc/arm-none-eabi/4.8.4/../../../../arm-none-eabi/lib/armv6-m\libg_s.a(lib_a-impure.o)
 .ARM.attributes
                0x00000430       0x2c c:/program files (x86)/cypress/psoc creator/3.2/psoc creator/import/gnu/arm/4.8.4/bin/../lib/gcc/arm-none-eabi/4.8.4/../../../../arm-none-eabi/lib/armv6-m\libg_s.a(lib_a-init.o)
 .ARM.attributes
                0x0000045c       0x2c c:/program files (x86)/cypress/psoc creator/3.2/psoc creator/import/gnu/arm/4.8.4/bin/../lib/gcc/arm-none-eabi/4.8.4/../../../../arm-none-eabi/lib/armv6-m\libg_s.a(lib_a-memcpy-stub.o)
 .ARM.attributes
                0x00000488       0x2c c:/program files (x86)/cypress/psoc creator/3.2/psoc creator/import/gnu/arm/4.8.4/bin/../lib/gcc/arm-none-eabi/4.8.4/../../../../arm-none-eabi/lib/armv6-m\libg_s.a(lib_a-memset.o)
 .ARM.attributes
                0x000004b4       0x2c c:/program files (x86)/cypress/psoc creator/3.2/psoc creator/import/gnu/arm/4.8.4/bin/../lib/gcc/arm-none-eabi/4.8.4/armv6-m/crtend.o
 .ARM.attributes
                0x000004e0       0x1e c:/program files (x86)/cypress/psoc creator/3.2/psoc creator/import/gnu/arm/4.8.4/bin/../lib/gcc/arm-none-eabi/4.8.4/armv6-m/crtn.o

/DISCARD/
 *(.note.GNU-stack)
OUTPUT(.\ARM_GCC_484\Debug\UART_Bootloader.elf elf32-littlearm)
